../Drivers/STM32L4xx_HAL_Driver/Src/stm32l4xx_hal_uart_ex.c:1015:13:UARTEx_Wakeup_AddressConfig	8	static
../Drivers/STM32L4xx_HAL_Driver/Src/stm32l4xx_hal_uart_ex.c:170:19:HAL_RS485Ex_Init	24	static
../Drivers/STM32L4xx_HAL_Driver/Src/stm32l4xx_hal_uart_ex.c:276:13:HAL_UARTEx_WakeupCallback	0	static
../Drivers/STM32L4xx_HAL_Driver/Src/stm32l4xx_hal_uart_ex.c:392:19:HAL_UARTEx_EnableClockStopMode	8	static
../Drivers/STM32L4xx_HAL_Driver/Src/stm32l4xx_hal_uart_ex.c:411:19:HAL_UARTEx_DisableClockStopMode	8	static
../Drivers/STM32L4xx_HAL_Driver/Src/stm32l4xx_hal_uart_ex.c:439:19:HAL_MultiProcessorEx_AddressLength_Set	8	static
../Drivers/STM32L4xx_HAL_Driver/Src/stm32l4xx_hal_uart_ex.c:477:19:HAL_UARTEx_StopModeWakeUpSourceConfig	24	static
../Drivers/STM32L4xx_HAL_Driver/Src/stm32l4xx_hal_uart_ex.c:532:19:HAL_UARTEx_EnableStopMode	8	static
../Drivers/STM32L4xx_HAL_Driver/Src/stm32l4xx_hal_uart_ex.c:551:19:HAL_UARTEx_DisableStopMode	8	static
../Drivers/STM32L4xx_HAL_Driver/Src/stm32l4xx_hal_uart_ex.c:765:19:HAL_UARTEx_ReceiveToIdle	32	static
../Drivers/STM32L4xx_HAL_Driver/Src/stm32l4xx_hal_uart_ex.c:890:19:HAL_UARTEx_ReceiveToIdle_IT	16	static
../Drivers/STM32L4xx_HAL_Driver/Src/stm32l4xx_hal_uart_ex.c:952:19:HAL_UARTEx_ReceiveToIdle_DMA	16	static
