Archive member included to satisfy reference by file (symbol)

C:/ST/STM32CubeIDE_1.13.2/STM32CubeIDE/plugins/com.st.stm32cube.ide.mcu.externaltools.gnu-tools-for-stm32.11.3.rel1.win32_1.1.1.202309131626/tools/bin/../lib/gcc/arm-none-eabi/11.3.1/../../../../arm-none-eabi/lib/thumb/v7e-m+fp/hard\libc_nano.a(libc_a-exit.o)
                              C:/ST/STM32CubeIDE_1.13.2/STM32CubeIDE/plugins/com.st.stm32cube.ide.mcu.externaltools.gnu-tools-for-stm32.11.3.rel1.win32_1.1.1.202309131626/tools/bin/../lib/gcc/arm-none-eabi/11.3.1/../../../../arm-none-eabi/lib/thumb/v7e-m+fp/hard/crt0.o (exit)
C:/ST/STM32CubeIDE_1.13.2/STM32CubeIDE/plugins/com.st.stm32cube.ide.mcu.externaltools.gnu-tools-for-stm32.11.3.rel1.win32_1.1.1.202309131626/tools/bin/../lib/gcc/arm-none-eabi/11.3.1/../../../../arm-none-eabi/lib/thumb/v7e-m+fp/hard\libc_nano.a(libc_a-malloc.o)
                              ./Core/Src/enable.o (malloc)
C:/ST/STM32CubeIDE_1.13.2/STM32CubeIDE/plugins/com.st.stm32cube.ide.mcu.externaltools.gnu-tools-for-stm32.11.3.rel1.win32_1.1.1.202309131626/tools/bin/../lib/gcc/arm-none-eabi/11.3.1/../../../../arm-none-eabi/lib/thumb/v7e-m+fp/hard\libc_nano.a(libc_a-mallocr.o)
                              C:/ST/STM32CubeIDE_1.13.2/STM32CubeIDE/plugins/com.st.stm32cube.ide.mcu.externaltools.gnu-tools-for-stm32.11.3.rel1.win32_1.1.1.202309131626/tools/bin/../lib/gcc/arm-none-eabi/11.3.1/../../../../arm-none-eabi/lib/thumb/v7e-m+fp/hard\libc_nano.a(libc_a-malloc.o) (_malloc_r)
C:/ST/STM32CubeIDE_1.13.2/STM32CubeIDE/plugins/com.st.stm32cube.ide.mcu.externaltools.gnu-tools-for-stm32.11.3.rel1.win32_1.1.1.202309131626/tools/bin/../lib/gcc/arm-none-eabi/11.3.1/../../../../arm-none-eabi/lib/thumb/v7e-m+fp/hard\libc_nano.a(libc_a-mlock.o)
                              C:/ST/STM32CubeIDE_1.13.2/STM32CubeIDE/plugins/com.st.stm32cube.ide.mcu.externaltools.gnu-tools-for-stm32.11.3.rel1.win32_1.1.1.202309131626/tools/bin/../lib/gcc/arm-none-eabi/11.3.1/../../../../arm-none-eabi/lib/thumb/v7e-m+fp/hard\libc_nano.a(libc_a-mallocr.o) (__malloc_lock)
C:/ST/STM32CubeIDE_1.13.2/STM32CubeIDE/plugins/com.st.stm32cube.ide.mcu.externaltools.gnu-tools-for-stm32.11.3.rel1.win32_1.1.1.202309131626/tools/bin/../lib/gcc/arm-none-eabi/11.3.1/../../../../arm-none-eabi/lib/thumb/v7e-m+fp/hard\libc_nano.a(libc_a-realloc.o)
                              ./Core/Src/uart_manager.o (realloc)
C:/ST/STM32CubeIDE_1.13.2/STM32CubeIDE/plugins/com.st.stm32cube.ide.mcu.externaltools.gnu-tools-for-stm32.11.3.rel1.win32_1.1.1.202309131626/tools/bin/../lib/gcc/arm-none-eabi/11.3.1/../../../../arm-none-eabi/lib/thumb/v7e-m+fp/hard\libc_nano.a(libc_a-reallocr.o)
                              C:/ST/STM32CubeIDE_1.13.2/STM32CubeIDE/plugins/com.st.stm32cube.ide.mcu.externaltools.gnu-tools-for-stm32.11.3.rel1.win32_1.1.1.202309131626/tools/bin/../lib/gcc/arm-none-eabi/11.3.1/../../../../arm-none-eabi/lib/thumb/v7e-m+fp/hard\libc_nano.a(libc_a-realloc.o) (_realloc_r)
C:/ST/STM32CubeIDE_1.13.2/STM32CubeIDE/plugins/com.st.stm32cube.ide.mcu.externaltools.gnu-tools-for-stm32.11.3.rel1.win32_1.1.1.202309131626/tools/bin/../lib/gcc/arm-none-eabi/11.3.1/../../../../arm-none-eabi/lib/thumb/v7e-m+fp/hard\libc_nano.a(libc_a-findfp.o)
                              C:/ST/STM32CubeIDE_1.13.2/STM32CubeIDE/plugins/com.st.stm32cube.ide.mcu.externaltools.gnu-tools-for-stm32.11.3.rel1.win32_1.1.1.202309131626/tools/bin/../lib/gcc/arm-none-eabi/11.3.1/../../../../arm-none-eabi/lib/thumb/v7e-m+fp/hard\libc_nano.a(libc_a-exit.o) (__stdio_exit_handler)
C:/ST/STM32CubeIDE_1.13.2/STM32CubeIDE/plugins/com.st.stm32cube.ide.mcu.externaltools.gnu-tools-for-stm32.11.3.rel1.win32_1.1.1.202309131626/tools/bin/../lib/gcc/arm-none-eabi/11.3.1/../../../../arm-none-eabi/lib/thumb/v7e-m+fp/hard\libc_nano.a(libc_a-fwalk.o)
                              C:/ST/STM32CubeIDE_1.13.2/STM32CubeIDE/plugins/com.st.stm32cube.ide.mcu.externaltools.gnu-tools-for-stm32.11.3.rel1.win32_1.1.1.202309131626/tools/bin/../lib/gcc/arm-none-eabi/11.3.1/../../../../arm-none-eabi/lib/thumb/v7e-m+fp/hard\libc_nano.a(libc_a-findfp.o) (_fwalk_sglue)
C:/ST/STM32CubeIDE_1.13.2/STM32CubeIDE/plugins/com.st.stm32cube.ide.mcu.externaltools.gnu-tools-for-stm32.11.3.rel1.win32_1.1.1.202309131626/tools/bin/../lib/gcc/arm-none-eabi/11.3.1/../../../../arm-none-eabi/lib/thumb/v7e-m+fp/hard\libc_nano.a(libc_a-sprintf.o)
                              ./Core/Src/idle_state.o (sprintf)
C:/ST/STM32CubeIDE_1.13.2/STM32CubeIDE/plugins/com.st.stm32cube.ide.mcu.externaltools.gnu-tools-for-stm32.11.3.rel1.win32_1.1.1.202309131626/tools/bin/../lib/gcc/arm-none-eabi/11.3.1/../../../../arm-none-eabi/lib/thumb/v7e-m+fp/hard\libc_nano.a(libc_a-stdio.o)
                              C:/ST/STM32CubeIDE_1.13.2/STM32CubeIDE/plugins/com.st.stm32cube.ide.mcu.externaltools.gnu-tools-for-stm32.11.3.rel1.win32_1.1.1.202309131626/tools/bin/../lib/gcc/arm-none-eabi/11.3.1/../../../../arm-none-eabi/lib/thumb/v7e-m+fp/hard\libc_nano.a(libc_a-findfp.o) (__sread)
[...]
Memory Configuration

Name             Origin             Length             Attributes
RAM              0x0000000020000000 0x0000000000018000 xrw
RAM2             0x0000000010000000 0x0000000000008000 xrw
FLASH            0x0000000008000000 0x0000000000100000 xr
*default*        0x0000000000000000 0xffffffffffffffff

Linker script and memory map

LOAD C:/ST/STM32CubeIDE_1.13.2/STM32CubeIDE/plugins/com.st.stm32cube.ide.mcu.externaltools.gnu-tools-for-stm32.11.3.rel1.win32_1.1.1.202309131626/tools/bin/../lib/gcc/arm-none-eabi/11.3.1/thumb/v7e-m+fp/hard/crti.o
LOAD C:/ST/STM32CubeIDE_1.13.2/STM32CubeIDE/plugins/com.st.stm32cube.ide.mcu.externaltools.gnu-tools-for-stm32.11.3.rel1.win32_1.1.1.202309131626/tools/bin/../lib/gcc/arm-none-eabi/11.3.1/thumb/v7e-m+fp/hard/crtbegin.o
LOAD C:/ST/STM32CubeIDE_1.13.2/STM32CubeIDE/plugins/com.st.stm32cube.ide.mcu.externaltools.gnu-tools-for-stm32.11.3.rel1.win32_1.1.1.202309131626/tools/bin/../lib/gcc/arm-none-eabi/11.3.1/../../../../arm-none-eabi/lib/thumb/v7e-m+fp/hard/crt0.o
LOAD ./Core/Src/ble_check_state.o
LOAD ./Core/Src/enable.o
LOAD ./Core/Src/general_functions.o
LOAD ./Core/Src/idle_state.o
LOAD ./Core/Src/io_manager.o
LOAD ./Core/Src/main.o
LOAD ./Core/Src/sensors.o
LOAD ./Core/Src/startup_state.o
LOAD ./Core/Src/state_all.o
LOAD ./Core/Src/state_machine.o
LOAD ./Core/Src/stm32l4xx_hal_msp.o
LOAD ./Core/Src/stm32l4xx_it.o
LOAD ./Core/Src/syscalls.o
LOAD ./Core/Src/system_stm32l4xx.o
LOAD ./Core/Src/time_manager.o
LOAD ./Core/Src/uart_manager.o
LOAD ./Drivers/BSP/source/cs42l51.o
LOAD ./Drivers/BSP/source/cs43l22.o
LOAD ./Drivers/BSP/source/cy8c4014lqi.o
LOAD ./Drivers/BSP/source/ft3x67.o
LOAD ./Drivers/BSP/source/ft5336.o
LOAD ./Drivers/BSP/source/ft6x06.o
LOAD ./Drivers/BSP/source/hts221.o
LOAD ./Drivers/BSP/source/hx8347g.o
LOAD ./Drivers/BSP/source/hx8347i.o
LOAD ./Drivers/BSP/source/l3gd20.o
LOAD ./Drivers/BSP/source/lis3mdl.o
LOAD ./Drivers/BSP/source/lps22hb.o
LOAD ./Drivers/BSP/source/ls016b8uy.o
LOAD ./Drivers/BSP/source/lsm303c.o
LOAD ./Drivers/BSP/source/lsm303dlhc.o
LOAD ./Drivers/BSP/source/lsm6dsl.o
LOAD ./Drivers/BSP/source/m24sr.o
LOAD ./Drivers/BSP/source/mfxstm32l152.o
LOAD ./Drivers/BSP/source/ov9655.o
LOAD ./Drivers/BSP/source/st25dv.o
LOAD ./Drivers/BSP/source/st25dv_reg.o
LOAD ./Drivers/BSP/source/st7735.o
LOAD ./Drivers/BSP/source/st7789h2.o
LOAD ./Drivers/BSP/source/stm32l475e_iot01.o
LOAD ./Drivers/BSP/source/stm32l475e_iot01_accelero.o
LOAD ./Drivers/BSP/source/stm32l475e_iot01_gyro.o
LOAD ./Drivers/BSP/source/stm32l475e_iot01_hsensor.o
LOAD ./Drivers/BSP/source/stm32l475e_iot01_magneto.o
LOAD ./Drivers/BSP/source/stm32l475e_iot01_psensor.o
LOAD ./Drivers/BSP/source/stm32l475e_iot01_tsensor.o
LOAD ./Drivers/BSP/source/stmpe1600.o
LOAD ./Drivers/BSP/source/stmpe811.o
LOAD ./Drivers/BSP/source/wm8994.o
LOAD ./Drivers/STM32L4xx_HAL_Driver/Src/stm32l4xx_hal.o
LOAD ./Drivers/STM32L4xx_HAL_Driver/Src/stm32l4xx_hal_cortex.o
LOAD ./Drivers/STM32L4xx_HAL_Driver/Src/stm32l4xx_hal_dfsdm.o
LOAD ./Drivers/STM32L4xx_HAL_Driver/Src/stm32l4xx_hal_dma.o
LOAD ./Drivers/STM32L4xx_HAL_Driver/Src/stm32l4xx_hal_dma_ex.o
LOAD ./Drivers/STM32L4xx_HAL_Driver/Src/stm32l4xx_hal_exti.o
LOAD ./Drivers/STM32L4xx_HAL_Driver/Src/stm32l4xx_hal_flash.o
LOAD ./Drivers/STM32L4xx_HAL_Driver/Src/stm32l4xx_hal_flash_ex.o
LOAD ./Drivers/STM32L4xx_HAL_Driver/Src/stm32l4xx_hal_flash_ramfunc.o
LOAD ./Drivers/STM32L4xx_HAL_Driver/Src/stm32l4xx_hal_gpio.o
LOAD ./Drivers/STM32L4xx_HAL_Driver/Src/stm32l4xx_hal_i2c.o
LOAD ./Drivers/STM32L4xx_HAL_Driver/Src/stm32l4xx_hal_i2c_ex.o
LOAD ./Drivers/STM32L4xx_HAL_Driver/Src/stm32l4xx_hal_lcd.o
LOAD ./Drivers/STM32L4xx_HAL_Driver/Src/stm32l4xx_hal_lptim.o
LOAD ./Drivers/STM32L4xx_HAL_Driver/Src/stm32l4xx_hal_pwr.o
LOAD ./Drivers/STM32L4xx_HAL_Driver/Src/stm32l4xx_hal_pwr_ex.o
LOAD ./Drivers/STM32L4xx_HAL_Driver/Src/stm32l4xx_hal_qspi.o
LOAD ./Drivers/STM32L4xx_HAL_Driver/Src/stm32l4xx_hal_rcc.o
LOAD ./Drivers/STM32L4xx_HAL_Driver/Src/stm32l4xx_hal_rcc_ex.o
LOAD ./Drivers/STM32L4xx_HAL_Driver/Src/stm32l4xx_hal_rtc.o
LOAD ./Drivers/STM32L4xx_HAL_Driver/Src/stm32l4xx_hal_rtc_ex.o
LOAD ./Drivers/STM32L4xx_HAL_Driver/Src/stm32l4xx_hal_sai.o
LOAD ./Drivers/STM32L4xx_HAL_Driver/Src/stm32l4xx_hal_spi.o
LOAD ./Drivers/STM32L4xx_HAL_Driver/Src/stm32l4xx_hal_spi_ex.o
LOAD ./Drivers/STM32L4xx_HAL_Driver/Src/stm32l4xx_hal_sram.o
LOAD ./Drivers/STM32L4xx_HAL_Driver/Src/stm32l4xx_hal_swpmi.o
LOAD ./Drivers/STM32L4xx_HAL_Driver/Src/stm32l4xx_hal_tim.o
LOAD ./Drivers/STM32L4xx_HAL_Driver/Src/stm32l4xx_hal_tim_ex.o
LOAD ./Drivers/STM32L4xx_HAL_Driver/Src/stm32l4xx_hal_uart.o
LOAD ./Drivers/STM32L4xx_HAL_Driver/Src/stm32l4xx_hal_uart_ex.o
LOAD ./Drivers/STM32L4xx_HAL_Driver/Src/stm32l4xx_ll_fmc.o
LOAD ./Drivers/STM32L4xx_HAL_Driver/Src/stm32l4xx_ll_sdmmc.o
LOAD ./Drivers/STM32L4xx_HAL_Driver/Src/stm32l4xx_ll_usb.o
LOAD ./startup/startup_stm32l475xx.o
START GROUP
LOAD C:/ST/STM32CubeIDE_1.13.2/STM32CubeIDE/plugins/com.st.stm32cube.ide.mcu.externaltools.gnu-tools-for-stm32.11.3.rel1.win32_1.1.1.202309131626/tools/bin/../lib/gcc/arm-none-eabi/11.3.1/../../../../arm-none-eabi/lib/thumb/v7e-m+fp/hard\libc_nano.a
LOAD C:/ST/STM32CubeIDE_1.13.2/STM32CubeIDE/plugins/com.st.stm32cube.ide.mcu.externaltools.gnu-tools-for-stm32.11.3.rel1.win32_1.1.1.202309131626/tools/bin/../lib/gcc/arm-none-eabi/11.3.1/../../../../arm-none-eabi/lib/thumb/v7e-m+fp/hard\libm.a
END GROUP
START GROUP
LOAD C:/ST/STM32CubeIDE_1.13.2/STM32CubeIDE/plugins/com.st.stm32cube.ide.mcu.externaltools.gnu-tools-for-stm32.11.3.rel1.win32_1.1.1.202309131626/tools/bin/../lib/gcc/arm-none-eabi/11.3.1/thumb/v7e-m+fp/hard\libgcc.a
LOAD C:/ST/STM32CubeIDE_1.13.2/STM32CubeIDE/plugins/com.st.stm32cube.ide.mcu.externaltools.gnu-tools-for-stm32.11.3.rel1.win32_1.1.1.202309131626/tools/bin/../lib/gcc/arm-none-eabi/11.3.1/../../../../arm-none-eabi/lib/thumb/v7e-m+fp/hard\libc_nano.a
END GROUP
START GROUP
LOAD C:/ST/STM32CubeIDE_1.13.2/STM32CubeIDE/plugins/com.st.stm32cube.ide.mcu.externaltools.gnu-tools-for-stm32.11.3.rel1.win32_1.1.1.202309131626/tools/bin/../lib/gcc/arm-none-eabi/11.3.1/thumb/v7e-m+fp/hard\libgcc.a
LOAD C:/ST/STM32CubeIDE_1.13.2/STM32CubeIDE/plugins/com.st.stm32cube.ide.mcu.externaltools.gnu-tools-for-stm32.11.3.rel1.win32_1.1.1.202309131626/tools/bin/../lib/gcc/arm-none-eabi/11.3.1/../../../../arm-none-eabi/lib/thumb/v7e-m+fp/hard\libc_nano.a
LOAD C:/ST/STM32CubeIDE_1.13.2/STM32CubeIDE/plugins/com.st.stm32cube.ide.mcu.externaltools.gnu-tools-for-stm32.11.3.rel1.win32_1.1.1.202309131626/tools/bin/../lib/gcc/arm-none-eabi/11.3.1/../../../../arm-none-eabi/lib/thumb/v7e-m+fp/hard\libnosys.a
END GROUP
START GROUP
LOAD C:/ST/STM32CubeIDE_1.13.2/STM32CubeIDE/plugins/com.st.stm32cube.ide.mcu.externaltools.gnu-tools-for-stm32.11.3.rel1.win32_1.1.1.202309131626/tools/bin/../lib/gcc/arm-none-eabi/11.3.1/thumb/v7e-m+fp/hard\libgcc.a
LOAD C:/ST/STM32CubeIDE_1.13.2/STM32CubeIDE/plugins/com.st.stm32cube.ide.mcu.externaltools.gnu-tools-for-stm32.11.3.rel1.win32_1.1.1.202309131626/tools/bin/../lib/gcc/arm-none-eabi/11.3.1/../../../../arm-none-eabi/lib/thumb/v7e-m+fp/hard\libc_nano.a
LOAD C:/ST/STM32CubeIDE_1.13.2/STM32CubeIDE/plugins/com.st.stm32cube.ide.mcu.externaltools.gnu-tools-for-stm32.11.3.rel1.win32_1.1.1.202309131626/tools/bin/../lib/gcc/arm-none-eabi/11.3.1/../../../../arm-none-eabi/lib/thumb/v7e-m+fp/hard\libnosys.a
END GROUP
LOAD C:/ST/STM32CubeIDE_1.13.2/STM32CubeIDE/plugins/com.st.stm32cube.ide.mcu.externaltools.gnu-tools-for-stm32.11.3.rel1.win32_1.1.1.202309131626/tools/bin/../lib/gcc/arm-none-eabi/11.3.1/thumb/v7e-m+fp/hard/crtend.o
LOAD C:/ST/STM32CubeIDE_1.13.2/STM32CubeIDE/plugins/com.st.stm32cube.ide.mcu.externaltools.gnu-tools-for-stm32.11.3.rel1.win32_1.1.1.202309131626/tools/bin/../lib/gcc/arm-none-eabi/11.3.1/thumb/v7e-m+fp/hard/crtn.o
                0x0000000020018000                _estack = 0x20018000
                0x0000000000000200                _Min_Heap_Size = 0x200
                0x0000000000000400                _Min_Stack_Size = 0x400

.isr_vector     0x0000000008000000      0x188
                0x0000000008000000                . = ALIGN (0x8)
 *(.isr_vector)
 .isr_vector    0x0000000008000000      0x188 ./startup/startup_stm32l475xx.o
                0x0000000008000000                g_pfnVectors
                0x0000000008000188                . = ALIGN (0x8)

.text           0x0000000008000188     0x4c48
                0x0000000008000188                . = ALIGN (0x8)
 *(.text)
 .text          0x0000000008000188       0x40 C:/ST/STM32CubeIDE_1.13.2/STM32CubeIDE/plugins/com.st.stm32cube.ide.mcu.externaltools.gnu-tools-for-stm32.11.3.rel1.win32_1.1.1.202309131626/tools/bin/../lib/gcc/arm-none-eabi/11.3.1/thumb/v7e-m+fp/hard/crtbegin.o
 *(.text*)
 .text.fetchBleEvent
                0x00000000080001c8       0xf0 ./Core/Src/enable.o
                0x00000000080001c8                fetchBleEvent
 .text.checkEventResp
                0x00000000080002b8       0x2a ./Core/Src/enable.o
                0x00000000080002b8                checkEventResp
 *fill*         0x00000000080002e2        0x2 
 .text.sendCommand
                0x00000000080002e4       0x80 ./Core/Src/enable.o
                0x00000000080002e4                sendCommand
 .text.setConnectable
                0x0000000008000364       0xc8 ./Core/Src/enable.o
                0x0000000008000364                setConnectable
 .text.catchBLE
                0x000000000800042c       0x28 ./Core/Src/enable.o
                0x000000000800042c                catchBLE
 .text.BLE_command
                0x0000000008000454       0x64 ./Core/Src/enable.o
                0x0000000008000454                BLE_command
 .text.addService
                0x00000000080004b8       0x68 ./Core/Src/enable.o
                0x00000000080004b8                addService
 .text.addCharacteristic
                0x0000000008000520       0x7c ./Core/Src/enable.o
                0x0000000008000520                addCharacteristic
 .text.updateCharValue
                0x000000000800059c       0x84 ./Core/Src/enable.o
                0x000000000800059c                updateCharValue
 .text.ble_init
                0x0000000008000620      0x3a8 ./Core/Src/enable.o
                0x0000000008000620                ble_init
 .text.updateSignedMillesimal
                0x00000000080009c8      0x198 ./Core/Src/enable.o
                0x00000000080009c8                updateSignedMillesimal
 .text.updateSignedFloat
                0x0000000008000b60      0x1a4 ./Core/Src/enable.o
                0x0000000008000b60                updateSignedFloat
 .text.MX_GPIO_Init
                0x0000000008000d04      0x114 ./Core/Src/main.o
 .text.Error_Handler
                0x0000000008000e18        0x4 ./Core/Src/main.o
                0x0000000008000e18                Error_Handler
 .text.MX_SPI3_Init
                0x0000000008000e1c       0x48 ./Core/Src/main.o
 .text.MX_I2C2_Init
                0x0000000008000e64       0x5c ./Core/Src/main.o
 .text.MX_TIM6_Init
                0x0000000008000ec0       0x60 ./Core/Src/main.o
 .text.MX_TIM15_Init
                0x0000000008000f20       0xc4 ./Core/Src/main.o
 .text.SystemClock_Config
                0x0000000008000fe4       0x7c ./Core/Src/main.o
                0x0000000008000fe4                SystemClock_Config
 .text.main     0x0000000008001060      0x228 ./Core/Src/main.o
                0x0000000008001060                main
 .text.initLPS22hh
                0x0000000008001288       0x28 ./Core/Src/sensors.o
                0x0000000008001288                initLPS22hh
 .text.getPressure
                0x00000000080012b0       0xac ./Core/Src/sensors.o
                0x00000000080012b0                getPressure
 .text.initHTS221
                0x000000000800135c      0x2c4 ./Core/Src/sensors.o
                0x000000000800135c                initHTS221
 .text.getHumidity
                0x0000000008001620       0x8c ./Core/Src/sensors.o
                0x0000000008001620                getHumidity
 .text.getTemperature
                0x00000000080016ac       0x8c ./Core/Src/sensors.o
                0x00000000080016ac                getTemperature
 .text.startToF
                0x0000000008001738       0x28 ./Core/Src/sensors.o
                0x0000000008001738                startToF
 .text.getDistance
                0x0000000008001760       0x64 ./Core/Src/sensors.o
                0x0000000008001760                getDistance
 .text.init_accelerometer
                0x00000000080017c4       0x28 ./Core/Src/sensors.o
                0x00000000080017c4                init_accelerometer
 .text.getAxisAccelerometer
                0x00000000080017ec      0x154 ./Core/Src/sensors.o
                0x00000000080017ec                getAxisAccelerometer
 .text.init_magnetometer
                0x0000000008001940       0x24 ./Core/Src/sensors.o
                0x0000000008001940                init_magnetometer
 .text.getAxisMagnetometer
                0x0000000008001964      0x154 ./Core/Src/sensors.o
                0x0000000008001964                getAxisMagnetometer
 .text.HAL_MspInit
                0x0000000008001ab8       0x30 ./Core/Src/stm32l4xx_hal_msp.o
                0x0000000008001ab8                HAL_MspInit
 .text.HAL_I2C_MspInit
                0x0000000008001ae8       0x70 ./Core/Src/stm32l4xx_hal_msp.o
                0x0000000008001ae8                HAL_I2C_MspInit
 .text.HAL_SPI_MspInit
                0x0000000008001b58       0x6c ./Core/Src/stm32l4xx_hal_msp.o
                0x0000000008001b58                HAL_SPI_MspInit
 .text.HAL_TIM_Base_MspInit
                0x0000000008001bc4       0x40 ./Core/Src/stm32l4xx_hal_msp.o
                0x0000000008001bc4                HAL_TIM_Base_MspInit
 .text.HAL_TIM_PWM_MspInit
                0x0000000008001c04       0x2c ./Core/Src/stm32l4xx_hal_msp.o
                0x0000000008001c04                HAL_TIM_PWM_MspInit
 .text.HAL_TIM_MspPostInit
                0x0000000008001c30       0x54 ./Core/Src/stm32l4xx_hal_msp.o
                0x0000000008001c30                HAL_TIM_MspPostInit
 .text.NMI_Handler
                0x0000000008001c84        0x2 ./Core/Src/stm32l4xx_it.o
                0x0000000008001c84                NMI_Handler
 .text.HardFault_Handler
                0x0000000008001c86        0x2 ./Core/Src/stm32l4xx_it.o
                0x0000000008001c86                HardFault_Handler
 .text.MemManage_Handler
                0x0000000008001c88        0x2 ./Core/Src/stm32l4xx_it.o
                0x0000000008001c88                MemManage_Handler
 .text.BusFault_Handler
                0x0000000008001c8a        0x2 ./Core/Src/stm32l4xx_it.o
                0x0000000008001c8a                BusFault_Handler
 .text.UsageFault_Handler
                0x0000000008001c8c        0x2 ./Core/Src/stm32l4xx_it.o
                0x0000000008001c8c                UsageFault_Handler
 .text.SVC_Handler
                0x0000000008001c8e        0x2 ./Core/Src/stm32l4xx_it.o
                0x0000000008001c8e                SVC_Handler
 .text.DebugMon_Handler
                0x0000000008001c90        0x2 ./Core/Src/stm32l4xx_it.o
                0x0000000008001c90                DebugMon_Handler
 .text.PendSV_Handler
                0x0000000008001c92        0x2 ./Core/Src/stm32l4xx_it.o
                0x0000000008001c92                PendSV_Handler
 .text.SysTick_Handler
                0x0000000008001c94        0x8 ./Core/Src/stm32l4xx_it.o
                0x0000000008001c94                SysTick_Handler
 .text.EXTI9_5_IRQHandler
                0x0000000008001c9c       0x14 ./Core/Src/stm32l4xx_it.o
                0x0000000008001c9c                EXTI9_5_IRQHandler
 .text.TIM6_DAC_IRQHandler
                0x0000000008001cb0       0x18 ./Core/Src/stm32l4xx_it.o
                0x0000000008001cb0                TIM6_DAC_IRQHandler
 .text._sbrk    0x0000000008001cc8       0x3c ./Core/Src/syscalls.o
                0x0000000008001cc8                _sbrk
 .text.SystemInit
                0x0000000008001d04       0x48 ./Core/Src/system_stm32l4xx.o
                0x0000000008001d04                SystemInit
 .text.HAL_InitTick
                0x0000000008001d4c       0x4c ./Drivers/STM32L4xx_HAL_Driver/Src/stm32l4xx_hal.o
                0x0000000008001d4c                HAL_InitTick
 .text.HAL_Init
                0x0000000008001d98       0x1e ./Drivers/STM32L4xx_HAL_Driver/Src/stm32l4xx_hal.o
                0x0000000008001d98                HAL_Init
 *fill*         0x0000000008001db6        0x2 
 .text.HAL_IncTick
                0x0000000008001db8       0x18 ./Drivers/STM32L4xx_HAL_Driver/Src/stm32l4xx_hal.o
                0x0000000008001db8                HAL_IncTick
 .text.HAL_GetTick
                0x0000000008001dd0        0xc ./Drivers/STM32L4xx_HAL_Driver/Src/stm32l4xx_hal.o
                0x0000000008001dd0                HAL_GetTick
 .text.HAL_Delay
                0x0000000008001ddc       0x28 ./Drivers/STM32L4xx_HAL_Driver/Src/stm32l4xx_hal.o
                0x0000000008001ddc                HAL_Delay
 .text.HAL_NVIC_SetPriorityGrouping
                0x0000000008001e04       0x24 ./Drivers/STM32L4xx_HAL_Driver/Src/stm32l4xx_hal_cortex.o
                0x0000000008001e04                HAL_NVIC_SetPriorityGrouping
 .text.HAL_NVIC_SetPriority
                0x0000000008001e28       0x70 ./Drivers/STM32L4xx_HAL_Driver/Src/stm32l4xx_hal_cortex.o
                0x0000000008001e28                HAL_NVIC_SetPriority
 .text.HAL_NVIC_EnableIRQ
                0x0000000008001e98       0x1c ./Drivers/STM32L4xx_HAL_Driver/Src/stm32l4xx_hal_cortex.o
                0x0000000008001e98                HAL_NVIC_EnableIRQ
 .text.HAL_SYSTICK_Config
                0x0000000008001eb4       0x28 ./Drivers/STM32L4xx_HAL_Driver/Src/stm32l4xx_hal_cortex.o
                0x0000000008001eb4                HAL_SYSTICK_Config
 .text.HAL_GPIO_Init
                0x0000000008001edc      0x1d8 ./Drivers/STM32L4xx_HAL_Driver/Src/stm32l4xx_hal_gpio.o
                0x0000000008001edc                HAL_GPIO_Init
 .text.HAL_GPIO_ReadPin
                0x00000000080020b4        0xe ./Drivers/STM32L4xx_HAL_Driver/Src/stm32l4xx_hal_gpio.o
                0x00000000080020b4                HAL_GPIO_ReadPin
 .text.HAL_GPIO_WritePin
                0x00000000080020c2        0xa ./Drivers/STM32L4xx_HAL_Driver/Src/stm32l4xx_hal_gpio.o
                0x00000000080020c2                HAL_GPIO_WritePin
 .text.HAL_GPIO_EXTI_Callback
                0x00000000080020cc        0x2 ./Drivers/STM32L4xx_HAL_Driver/Src/stm32l4xx_hal_gpio.o
                0x00000000080020cc                HAL_GPIO_EXTI_Callback
 *fill*         0x00000000080020ce        0x2 
 .text.HAL_GPIO_EXTI_IRQHandler
                0x00000000080020d0       0x1c ./Drivers/STM32L4xx_HAL_Driver/Src/stm32l4xx_hal_gpio.o
                0x00000000080020d0                HAL_GPIO_EXTI_IRQHandler
 .text.I2C_Flush_TXDR
                0x00000000080020ec       0x22 ./Drivers/STM32L4xx_HAL_Driver/Src/stm32l4xx_hal_i2c.o
 .text.I2C_TransferConfig
                0x000000000800210e       0x38 ./Drivers/STM32L4xx_HAL_Driver/Src/stm32l4xx_hal_i2c.o
 .text.I2C_IsAcknowledgeFailed
                0x0000000008002146       0x90 ./Drivers/STM32L4xx_HAL_Driver/Src/stm32l4xx_hal_i2c.o
 .text.I2C_WaitOnTXISFlagUntilTimeout
                0x00000000080021d6       0x56 ./Drivers/STM32L4xx_HAL_Driver/Src/stm32l4xx_hal_i2c.o
 .text.I2C_WaitOnFlagUntilTimeout
                0x000000000800222c       0x56 ./Drivers/STM32L4xx_HAL_Driver/Src/stm32l4xx_hal_i2c.o
 .text.I2C_WaitOnSTOPFlagUntilTimeout
                0x0000000008002282       0x50 ./Drivers/STM32L4xx_HAL_Driver/Src/stm32l4xx_hal_i2c.o
 .text.I2C_WaitOnRXNEFlagUntilTimeout
                0x00000000080022d2       0x98 ./Drivers/STM32L4xx_HAL_Driver/Src/stm32l4xx_hal_i2c.o
 .text.HAL_I2C_Init
                0x000000000800236a       0xbc ./Drivers/STM32L4xx_HAL_Driver/Src/stm32l4xx_hal_i2c.o
                0x000000000800236a                HAL_I2C_Init
 *fill*         0x0000000008002426        0x2 
 .text.HAL_I2C_Master_Transmit
                0x0000000008002428      0x17c ./Drivers/STM32L4xx_HAL_Driver/Src/stm32l4xx_hal_i2c.o
                0x0000000008002428                HAL_I2C_Master_Transmit
 .text.HAL_I2C_Master_Receive
                0x00000000080025a4      0x17c ./Drivers/STM32L4xx_HAL_Driver/Src/stm32l4xx_hal_i2c.o
                0x00000000080025a4                HAL_I2C_Master_Receive
 .text.HAL_I2CEx_ConfigAnalogFilter
                0x0000000008002720       0x5c ./Drivers/STM32L4xx_HAL_Driver/Src/stm32l4xx_hal_i2c_ex.o
                0x0000000008002720                HAL_I2CEx_ConfigAnalogFilter
 .text.HAL_I2CEx_ConfigDigitalFilter
                0x000000000800277c       0x58 ./Drivers/STM32L4xx_HAL_Driver/Src/stm32l4xx_hal_i2c_ex.o
                0x000000000800277c                HAL_I2CEx_ConfigDigitalFilter
 .text.HAL_PWREx_GetVoltageRange
                0x00000000080027d4       0x10 ./Drivers/STM32L4xx_HAL_Driver/Src/stm32l4xx_hal_pwr_ex.o
                0x00000000080027d4                HAL_PWREx_GetVoltageRange
 .text.HAL_PWREx_ControlVoltageScaling
                0x00000000080027e4       0x90 ./Drivers/STM32L4xx_HAL_Driver/Src/stm32l4xx_hal_pwr_ex.o
                0x00000000080027e4                HAL_PWREx_ControlVoltageScaling
 .text.RCC_SetFlashLatencyFromMSIRange
                0x0000000008002874       0x90 ./Drivers/STM32L4xx_HAL_Driver/Src/stm32l4xx_hal_rcc.o
 .text.HAL_RCC_GetSysClockFreq
                0x0000000008002904       0xb4 ./Drivers/STM32L4xx_HAL_Driver/Src/stm32l4xx_hal_rcc.o
                0x0000000008002904                HAL_RCC_GetSysClockFreq
 .text.HAL_RCC_OscConfig
                0x00000000080029b8      0x62c ./Drivers/STM32L4xx_HAL_Driver/Src/stm32l4xx_hal_rcc.o
                0x00000000080029b8                HAL_RCC_OscConfig
 .text.HAL_RCC_ClockConfig
                0x0000000008002fe4      0x15c ./Drivers/STM32L4xx_HAL_Driver/Src/stm32l4xx_hal_rcc.o
                0x0000000008002fe4                HAL_RCC_ClockConfig
 .text.RCCEx_PLLSAI1_Config
                0x0000000008003140      0x170 ./Drivers/STM32L4xx_HAL_Driver/Src/stm32l4xx_hal_rcc_ex.o
 .text.RCCEx_PLLSAI2_Config
                0x00000000080032b0      0x14c ./Drivers/STM32L4xx_HAL_Driver/Src/stm32l4xx_hal_rcc_ex.o
 .text.HAL_RCCEx_PeriphCLKConfig
                0x00000000080033fc      0x454 ./Drivers/STM32L4xx_HAL_Driver/Src/stm32l4xx_hal_rcc_ex.o
                0x00000000080033fc                HAL_RCCEx_PeriphCLKConfig
 .text.SPI_WaitFlagStateUntilTimeout
                0x0000000008003850       0xd0 ./Drivers/STM32L4xx_HAL_Driver/Src/stm32l4xx_hal_spi.o
 .text.SPI_WaitFifoStateUntilTimeout
                0x0000000008003920       0xe0 ./Drivers/STM32L4xx_HAL_Driver/Src/stm32l4xx_hal_spi.o
 .text.SPI_EndRxTxTransaction
                0x0000000008003a00       0x62 ./Drivers/STM32L4xx_HAL_Driver/Src/stm32l4xx_hal_spi.o
 .text.HAL_SPI_Init
                0x0000000008003a62       0xde ./Drivers/STM32L4xx_HAL_Driver/Src/stm32l4xx_hal_spi.o
                0x0000000008003a62                HAL_SPI_Init
 .text.HAL_SPI_Transmit
                0x0000000008003b40      0x202 ./Drivers/STM32L4xx_HAL_Driver/Src/stm32l4xx_hal_spi.o
                0x0000000008003b40                HAL_SPI_Transmit
 .text.HAL_SPI_TransmitReceive
                0x0000000008003d42      0x2de ./Drivers/STM32L4xx_HAL_Driver/Src/stm32l4xx_hal_spi.o
                0x0000000008003d42                HAL_SPI_TransmitReceive
 .text.TIM_OC1_SetConfig
                0x0000000008004020       0x9c ./Drivers/STM32L4xx_HAL_Driver/Src/stm32l4xx_hal_tim.o
 .text.TIM_OC3_SetConfig
                0x00000000080040bc       0x8c ./Drivers/STM32L4xx_HAL_Driver/Src/stm32l4xx_hal_tim.o
 .text.TIM_OC4_SetConfig
                0x0000000008004148       0x6c ./Drivers/STM32L4xx_HAL_Driver/Src/stm32l4xx_hal_tim.o
 .text.TIM_OC5_SetConfig
                0x00000000080041b4       0x68 ./Drivers/STM32L4xx_HAL_Driver/Src/stm32l4xx_hal_tim.o
 .text.TIM_OC6_SetConfig
                0x000000000800421c       0x6c ./Drivers/STM32L4xx_HAL_Driver/Src/stm32l4xx_hal_tim.o
 .text.HAL_TIM_Base_Start_IT
                0x0000000008004288       0x8c ./Drivers/STM32L4xx_HAL_Driver/Src/stm32l4xx_hal_tim.o
                0x0000000008004288                HAL_TIM_Base_Start_IT
 .text.HAL_TIM_PeriodElapsedCallback
                0x0000000008004314        0x2 ./Drivers/STM32L4xx_HAL_Driver/Src/stm32l4xx_hal_tim.o
                0x0000000008004314                HAL_TIM_PeriodElapsedCallback
 .text.HAL_TIM_OC_DelayElapsedCallback
                0x0000000008004316        0x2 ./Drivers/STM32L4xx_HAL_Driver/Src/stm32l4xx_hal_tim.o
                0x0000000008004316                HAL_TIM_OC_DelayElapsedCallback
 .text.HAL_TIM_IC_CaptureCallback
                0x0000000008004318        0x2 ./Drivers/STM32L4xx_HAL_Driver/Src/stm32l4xx_hal_tim.o
                0x0000000008004318                HAL_TIM_IC_CaptureCallback
 .text.HAL_TIM_PWM_PulseFinishedCallback
                0x000000000800431a        0x2 ./Drivers/STM32L4xx_HAL_Driver/Src/stm32l4xx_hal_tim.o
                0x000000000800431a                HAL_TIM_PWM_PulseFinishedCallback
 .text.HAL_TIM_TriggerCallback
                0x000000000800431c        0x2 ./Drivers/STM32L4xx_HAL_Driver/Src/stm32l4xx_hal_tim.o
                0x000000000800431c                HAL_TIM_TriggerCallback
 .text.HAL_TIM_IRQHandler
                0x000000000800431e      0x19a ./Drivers/STM32L4xx_HAL_Driver/Src/stm32l4xx_hal_tim.o
                0x000000000800431e                HAL_TIM_IRQHandler
 .text.TIM_Base_SetConfig
                0x00000000080044b8       0xc8 ./Drivers/STM32L4xx_HAL_Driver/Src/stm32l4xx_hal_tim.o
                0x00000000080044b8                TIM_Base_SetConfig
 .text.HAL_TIM_Base_Init
                0x0000000008004580       0x60 ./Drivers/STM32L4xx_HAL_Driver/Src/stm32l4xx_hal_tim.o
                0x0000000008004580                HAL_TIM_Base_Init
 .text.HAL_TIM_PWM_Init
                0x00000000080045e0       0x60 ./Drivers/STM32L4xx_HAL_Driver/Src/stm32l4xx_hal_tim.o
                0x00000000080045e0                HAL_TIM_PWM_Init
 .text.TIM_OC2_SetConfig
                0x0000000008004640       0x8c ./Drivers/STM32L4xx_HAL_Driver/Src/stm32l4xx_hal_tim.o
                0x0000000008004640                TIM_OC2_SetConfig
 .text.HAL_TIM_PWM_ConfigChannel
                0x00000000080046cc      0x128 ./Drivers/STM32L4xx_HAL_Driver/Src/stm32l4xx_hal_tim.o
                0x00000000080046cc                HAL_TIM_PWM_ConfigChannel
 .text.TIM_CCxChannelCmd
                0x00000000080047f4       0x1e ./Drivers/STM32L4xx_HAL_Driver/Src/stm32l4xx_hal_tim.o
                0x00000000080047f4                TIM_CCxChannelCmd
 *fill*         0x0000000008004812        0x2 
 .text.HAL_TIM_PWM_Start
                0x0000000008004814      0x168 ./Drivers/STM32L4xx_HAL_Driver/Src/stm32l4xx_hal_tim.o
                0x0000000008004814                HAL_TIM_PWM_Start
 .text.HAL_TIMEx_MasterConfigSynchronization
                0x000000000800497c       0x98 ./Drivers/STM32L4xx_HAL_Driver/Src/stm32l4xx_hal_tim_ex.o
                0x000000000800497c                HAL_TIMEx_MasterConfigSynchronization
 .text.HAL_TIMEx_ConfigBreakDeadTime
                0x0000000008004a14       0x90 ./Drivers/STM32L4xx_HAL_Driver/Src/stm32l4xx_hal_tim_ex.o
                0x0000000008004a14                HAL_TIMEx_ConfigBreakDeadTime
 .text.HAL_TIMEx_CommutCallback
                0x0000000008004aa4        0x2 ./Drivers/STM32L4xx_HAL_Driver/Src/stm32l4xx_hal_tim_ex.o
                0x0000000008004aa4                HAL_TIMEx_CommutCallback
 .text.HAL_TIMEx_BreakCallback
                0x0000000008004aa6        0x2 ./Drivers/STM32L4xx_HAL_Driver/Src/stm32l4xx_hal_tim_ex.o
                0x0000000008004aa6                HAL_TIMEx_BreakCallback
 .text.HAL_TIMEx_Break2Callback
                0x0000000008004aa8        0x2 ./Drivers/STM32L4xx_HAL_Driver/Src/stm32l4xx_hal_tim_ex.o
                0x0000000008004aa8                HAL_TIMEx_Break2Callback
 *fill*         0x0000000008004aaa        0x2 
 .text.Reset_Handler
                0x0000000008004aac       0x50 ./startup/startup_stm32l475xx.o
                0x0000000008004aac                Reset_Handler
 .text.Default_Handler
                0x0000000008004afc        0x2 ./startup/startup_stm32l475xx.o
                0x0000000008004afc                RTC_Alarm_IRQHandler
                0x0000000008004afc                EXTI2_IRQHandler
                0x0000000008004afc                TIM8_TRG_COM_IRQHandler
                0x0000000008004afc                TIM8_CC_IRQHandler
                0x0000000008004afc                TIM1_CC_IRQHandler
                0x0000000008004afc                TSC_IRQHandler
                0x0000000008004afc                TAMP_STAMP_IRQHandler
                0x0000000008004afc                EXTI3_IRQHandler
                0x0000000008004afc                LPTIM2_IRQHandler
                0x0000000008004afc                DFSDM1_FLT1_IRQHandler
                0x0000000008004afc                I2C3_ER_IRQHandler
                0x0000000008004afc                DFSDM1_FLT2_IRQHandler
                0x0000000008004afc                EXTI0_IRQHandler
                0x0000000008004afc                I2C2_EV_IRQHandler
                0x0000000008004afc                CAN1_RX0_IRQHandler
                0x0000000008004afc                FPU_IRQHandler
                0x0000000008004afc                TIM1_UP_TIM16_IRQHandler
                0x0000000008004afc                ADC1_2_IRQHandler
                0x0000000008004afc                SPI1_IRQHandler
                0x0000000008004afc                TIM8_UP_IRQHandler
                0x0000000008004afc                DMA2_Channel2_IRQHandler
                0x0000000008004afc                DMA1_Channel4_IRQHandler
                0x0000000008004afc                SAI2_IRQHandler
                0x0000000008004afc                DFSDM1_FLT3_IRQHandler
                0x0000000008004afc                USART3_IRQHandler
                0x0000000008004afc                DMA1_Channel7_IRQHandler
                0x0000000008004afc                CAN1_RX1_IRQHandler
                0x0000000008004afc                UART5_IRQHandler
                0x0000000008004afc                ADC3_IRQHandler
                0x0000000008004afc                TIM4_IRQHandler
                0x0000000008004afc                DMA2_Channel1_IRQHandler
                0x0000000008004afc                QUADSPI_IRQHandler
                0x0000000008004afc                I2C1_EV_IRQHandler
                0x0000000008004afc                DMA1_Channel6_IRQHandler
                0x0000000008004afc                UART4_IRQHandler
                0x0000000008004afc                DMA2_Channel4_IRQHandler
                0x0000000008004afc                TIM3_IRQHandler
                0x0000000008004afc                RCC_IRQHandler
                0x0000000008004afc                DMA1_Channel1_IRQHandler
                0x0000000008004afc                Default_Handler
                0x0000000008004afc                DMA2_Channel7_IRQHandler
                0x0000000008004afc                EXTI15_10_IRQHandler
                0x0000000008004afc                TIM7_IRQHandler
                0x0000000008004afc                SDMMC1_IRQHandler
                0x0000000008004afc                TIM5_IRQHandler
                0x0000000008004afc                I2C3_EV_IRQHandler
                0x0000000008004afc                RTC_WKUP_IRQHandler
                0x0000000008004afc                PVD_PVM_IRQHandler
                0x0000000008004afc                SPI2_IRQHandler
                0x0000000008004afc                CAN1_TX_IRQHandler
                0x0000000008004afc                DMA2_Channel5_IRQHandler
                0x0000000008004afc                DMA1_Channel5_IRQHandler
                0x0000000008004afc                EXTI4_IRQHandler
                0x0000000008004afc                RNG_IRQHandler
                0x0000000008004afc                TIM1_TRG_COM_TIM17_IRQHandler
                0x0000000008004afc                DMA1_Channel3_IRQHandler
                0x0000000008004afc                COMP_IRQHandler
                0x0000000008004afc                WWDG_IRQHandler
                0x0000000008004afc                LPUART1_IRQHandler
                0x0000000008004afc                DMA2_Channel6_IRQHandler
                0x0000000008004afc                TIM2_IRQHandler
                0x0000000008004afc                EXTI1_IRQHandler
                0x0000000008004afc                USART2_IRQHandler
                0x0000000008004afc                DFSDM1_FLT0_IRQHandler
                0x0000000008004afc                I2C2_ER_IRQHandler
                0x0000000008004afc                DMA1_Channel2_IRQHandler
                0x0000000008004afc                TIM8_BRK_IRQHandler
                0x0000000008004afc                CAN1_SCE_IRQHandler
                0x0000000008004afc                FLASH_IRQHandler
                0x0000000008004afc                USART1_IRQHandler
                0x0000000008004afc                OTG_FS_IRQHandler
                0x0000000008004afc                SPI3_IRQHandler
                0x0000000008004afc                I2C1_ER_IRQHandler
                0x0000000008004afc                FMC_IRQHandler
                0x0000000008004afc                SWPMI1_IRQHandler
                0x0000000008004afc                LPTIM1_IRQHandler
                0x0000000008004afc                SAI1_IRQHandler
                0x0000000008004afc                DMA2_Channel3_IRQHandler
                0x0000000008004afc                TIM1_BRK_TIM15_IRQHandler
 *fill*         0x0000000008004afe        0x2 
 .text.malloc   0x0000000008004b00       0x10 C:/ST/STM32CubeIDE_1.13.2/STM32CubeIDE/plugins/com.st.stm32cube.ide.mcu.externaltools.gnu-tools-for-stm32.11.3.rel1.win32_1.1.1.202309131626/tools/bin/../lib/gcc/arm-none-eabi/11.3.1/../../../../arm-none-eabi/lib/thumb/v7e-m+fp/hard\libc_nano.a(libc_a-malloc.o)
                0x0000000008004b00                malloc
 .text.free     0x0000000008004b10       0x10 C:/ST/STM32CubeIDE_1.13.2/STM32CubeIDE/plugins/com.st.stm32cube.ide.mcu.externaltools.gnu-tools-for-stm32.11.3.rel1.win32_1.1.1.202309131626/tools/bin/../lib/gcc/arm-none-eabi/11.3.1/../../../../arm-none-eabi/lib/thumb/v7e-m+fp/hard\libc_nano.a(libc_a-malloc.o)
                0x0000000008004b10                free
 .text.sbrk_aligned
                0x0000000008004b20       0x40 C:/ST/STM32CubeIDE_1.13.2/STM32CubeIDE/plugins/com.st.stm32cube.ide.mcu.externaltools.gnu-tools-for-stm32.11.3.rel1.win32_1.1.1.202309131626/tools/bin/../lib/gcc/arm-none-eabi/11.3.1/../../../../arm-none-eabi/lib/thumb/v7e-m+fp/hard\libc_nano.a(libc_a-mallocr.o)
 .text._malloc_r
                0x0000000008004b60      0x100 C:/ST/STM32CubeIDE_1.13.2/STM32CubeIDE/plugins/com.st.stm32cube.ide.mcu.externaltools.gnu-tools-for-stm32.11.3.rel1.win32_1.1.1.202309131626/tools/bin/../lib/gcc/arm-none-eabi/11.3.1/../../../../arm-none-eabi/lib/thumb/v7e-m+fp/hard\libc_nano.a(libc_a-mallocr.o)
                0x0000000008004b60                _malloc_r
 .text.__malloc_lock
                0x0000000008004c60        0xc C:/ST/STM32CubeIDE_1.13.2/STM32CubeIDE/plugins/com.st.stm32cube.ide.mcu.externaltools.gnu-tools-for-stm32.11.3.rel1.win32_1.1.1.202309131626/tools/bin/../lib/gcc/arm-none-eabi/11.3.1/../../../../arm-none-eabi/lib/thumb/v7e-m+fp/hard\libc_nano.a(libc_a-mlock.o)
                0x0000000008004c60                __malloc_lock
 .text.__malloc_unlock
                0x0000000008004c6c        0xc C:/ST/STM32CubeIDE_1.13.2/STM32CubeIDE/plugins/com.st.stm32cube.ide.mcu.externaltools.gnu-tools-for-stm32.11.3.rel1.win32_1.1.1.202309131626/tools/bin/../lib/gcc/arm-none-eabi/11.3.1/../../../../arm-none-eabi/lib/thumb/v7e-m+fp/hard\libc_nano.a(libc_a-mlock.o)
                0x0000000008004c6c                __malloc_unlock
 .text.memset   0x0000000008004c78       0x10 C:/ST/STM32CubeIDE_1.13.2/STM32CubeIDE/plugins/com.st.stm32cube.ide.mcu.externaltools.gnu-tools-for-stm32.11.3.rel1.win32_1.1.1.202309131626/tools/bin/../lib/gcc/arm-none-eabi/11.3.1/../../../../arm-none-eabi/lib/thumb/v7e-m+fp/hard\libc_nano.a(libc_a-memset.o)
                0x0000000008004c78                memset
 .text._sbrk_r  0x0000000008004c88       0x20 C:/ST/STM32CubeIDE_1.13.2/STM32CubeIDE/plugins/com.st.stm32cube.ide.mcu.externaltools.gnu-tools-for-stm32.11.3.rel1.win32_1.1.1.202309131626/tools/bin/../lib/gcc/arm-none-eabi/11.3.1/../../../../arm-none-eabi/lib/thumb/v7e-m+fp/hard\libc_nano.a(libc_a-sbrkr.o)
                0x0000000008004c88                _sbrk_r
 .text.__errno  0x0000000008004ca8        0xc C:/ST/STM32CubeIDE_1.13.2/STM32CubeIDE/plugins/com.st.stm32cube.ide.mcu.externaltools.gnu-tools-for-stm32.11.3.rel1.win32_1.1.1.202309131626/tools/bin/../lib/gcc/arm-none-eabi/11.3.1/../../../../arm-none-eabi/lib/thumb/v7e-m+fp/hard\libc_nano.a(libc_a-errno.o)
                0x0000000008004ca8                __errno
 .text.__libc_init_array
                0x0000000008004cb4       0x48 C:/ST/STM32CubeIDE_1.13.2/STM32CubeIDE/plugins/com.st.stm32cube.ide.mcu.externaltools.gnu-tools-for-stm32.11.3.rel1.win32_1.1.1.202309131626/tools/bin/../lib/gcc/arm-none-eabi/11.3.1/../../../../arm-none-eabi/lib/thumb/v7e-m+fp/hard\libc_nano.a(libc_a-init.o)
                0x0000000008004cb4                __libc_init_array
 .text.__retarget_lock_acquire_recursive
                0x0000000008004cfc        0x2 C:/ST/STM32CubeIDE_1.13.2/STM32CubeIDE/plugins/com.st.stm32cube.ide.mcu.externaltools.gnu-tools-for-stm32.11.3.rel1.win32_1.1.1.202309131626/tools/bin/../lib/gcc/arm-none-eabi/11.3.1/../../../../arm-none-eabi/lib/thumb/v7e-m+fp/hard\libc_nano.a(libc_a-lock.o)
                0x0000000008004cfc                __retarget_lock_acquire_recursive
 .text.__retarget_lock_release_recursive
                0x0000000008004cfe        0x2 C:/ST/STM32CubeIDE_1.13.2/STM32CubeIDE/plugins/com.st.stm32cube.ide.mcu.externaltools.gnu-tools-for-stm32.11.3.rel1.win32_1.1.1.202309131626/tools/bin/../lib/gcc/arm-none-eabi/11.3.1/../../../../arm-none-eabi/lib/thumb/v7e-m+fp/hard\libc_nano.a(libc_a-lock.o)
                0x0000000008004cfe                __retarget_lock_release_recursive
 .text.memcpy   0x0000000008004d00       0x1c C:/ST/STM32CubeIDE_1.13.2/STM32CubeIDE/plugins/com.st.stm32cube.ide.mcu.externaltools.gnu-tools-for-stm32.11.3.rel1.win32_1.1.1.202309131626/tools/bin/../lib/gcc/arm-none-eabi/11.3.1/../../../../arm-none-eabi/lib/thumb/v7e-m+fp/hard\libc_nano.a(libc_a-memcpy-stub.o)
                0x0000000008004d00                memcpy
 .text._free_r  0x0000000008004d1c       0x98 C:/ST/STM32CubeIDE_1.13.2/STM32CubeIDE/plugins/com.st.stm32cube.ide.mcu.externaltools.gnu-tools-for-stm32.11.3.rel1.win32_1.1.1.202309131626/tools/bin/../lib/gcc/arm-none-eabi/11.3.1/../../../../arm-none-eabi/lib/thumb/v7e-m+fp/hard\libc_nano.a(libc_a-freer.o)
                0x0000000008004d1c                _free_r
 *(.glue_7)
 .glue_7        0x0000000008004db4        0x0 linker stubs
 *(.glue_7t)
 .glue_7t       0x0000000008004db4        0x0 linker stubs
 *(.eh_frame)
 .eh_frame      0x0000000008004db4        0x0 C:/ST/STM32CubeIDE_1.13.2/STM32CubeIDE/plugins/com.st.stm32cube.ide.mcu.externaltools.gnu-tools-for-stm32.11.3.rel1.win32_1.1.1.202309131626/tools/bin/../lib/gcc/arm-none-eabi/11.3.1/thumb/v7e-m+fp/hard/crtbegin.o
 *(.init)
 .init          0x0000000008004db4        0x4 C:/ST/STM32CubeIDE_1.13.2/STM32CubeIDE/plugins/com.st.stm32cube.ide.mcu.externaltools.gnu-tools-for-stm32.11.3.rel1.win32_1.1.1.202309131626/tools/bin/../lib/gcc/arm-none-eabi/11.3.1/thumb/v7e-m+fp/hard/crti.o
                0x0000000008004db4                _init
 .init          0x0000000008004db8        0x8 C:/ST/STM32CubeIDE_1.13.2/STM32CubeIDE/plugins/com.st.stm32cube.ide.mcu.externaltools.gnu-tools-for-stm32.11.3.rel1.win32_1.1.1.202309131626/tools/bin/../lib/gcc/arm-none-eabi/11.3.1/thumb/v7e-m+fp/hard/crtn.o
 *(.fini)
 .fini          0x0000000008004dc0        0x4 C:/ST/STM32CubeIDE_1.13.2/STM32CubeIDE/plugins/com.st.stm32cube.ide.mcu.externaltools.gnu-tools-for-stm32.11.3.rel1.win32_1.1.1.202309131626/tools/bin/../lib/gcc/arm-none-eabi/11.3.1/thumb/v7e-m+fp/hard/crti.o
                0x0000000008004dc0                _fini
 .fini          0x0000000008004dc4        0x8 C:/ST/STM32CubeIDE_1.13.2/STM32CubeIDE/plugins/com.st.stm32cube.ide.mcu.externaltools.gnu-tools-for-stm32.11.3.rel1.win32_1.1.1.202309131626/tools/bin/../lib/gcc/arm-none-eabi/11.3.1/thumb/v7e-m+fp/hard/crtn.o
                0x0000000008004dd0                . = ALIGN (0x8)
 *fill*         0x0000000008004dcc        0x4 
                0x0000000008004dd0                _etext = .

.vfp11_veneer   0x0000000008004dd0        0x0
 .vfp11_veneer  0x0000000008004dd0        0x0 linker stubs

.v4_bx          0x0000000008004dd0        0x0
 .v4_bx         0x0000000008004dd0        0x0 linker stubs

.iplt           0x0000000008004dd0        0x0
 .iplt          0x0000000008004dd0        0x0 C:/ST/STM32CubeIDE_1.13.2/STM32CubeIDE/plugins/com.st.stm32cube.ide.mcu.externaltools.gnu-tools-for-stm32.11.3.rel1.win32_1.1.1.202309131626/tools/bin/../lib/gcc/arm-none-eabi/11.3.1/thumb/v7e-m+fp/hard/crtbegin.o

.rodata         0x0000000008004dd0       0x58
                0x0000000008004dd0                . = ALIGN (0x8)
 *(.rodata)
 .rodata        0x0000000008004dd0        0xd ./Core/Src/enable.o
 *fill*         0x0000000008004ddd        0x3 
 .rodata        0x0000000008004de0       0x48 ./Core/Src/system_stm32l4xx.o
                0x0000000008004de0                MSIRangeTable
                0x0000000008004e10                AHBPrescTable
                0x0000000008004e20                APBPrescTable
 *(.rodata*)
                0x0000000008004e28                . = ALIGN (0x8)

.rel.dyn        0x0000000008004e28        0x0
 .rel.iplt      0x0000000008004e28        0x0 C:/ST/STM32CubeIDE_1.13.2/STM32CubeIDE/plugins/com.st.stm32cube.ide.mcu.externaltools.gnu-tools-for-stm32.11.3.rel1.win32_1.1.1.202309131626/tools/bin/../lib/gcc/arm-none-eabi/11.3.1/thumb/v7e-m+fp/hard/crtbegin.o

.ARM.extab      0x0000000008004e28        0x0
                0x0000000008004e28                . = ALIGN (0x8)
 *(.ARM.extab* .gnu.linkonce.armextab.*)
                0x0000000008004e28                . = ALIGN (0x8)

.ARM            0x0000000008004e28        0x0
                0x0000000008004e28                . = ALIGN (0x8)
                0x0000000008004e28                __exidx_start = .
 *(.ARM.exidx*)
                0x0000000008004e28                __exidx_end = .
                0x0000000008004e28                . = ALIGN (0x8)

.preinit_array  0x0000000008004e28        0x0
                0x0000000008004e28                . = ALIGN (0x8)
                0x0000000008004e28                PROVIDE (__preinit_array_start = .)
 *(.preinit_array*)
                0x0000000008004e28                PROVIDE (__preinit_array_end = .)
                0x0000000008004e28                . = ALIGN (0x8)

.init_array     0x0000000008004e28        0x8
                0x0000000008004e28                . = ALIGN (0x8)
                0x0000000008004e28                PROVIDE (__init_array_start = .)
 *(SORT_BY_NAME(.init_array.*))
 *(.init_array*)
 .init_array    0x0000000008004e28        0x4 C:/ST/STM32CubeIDE_1.13.2/STM32CubeIDE/plugins/com.st.stm32cube.ide.mcu.externaltools.gnu-tools-for-stm32.11.3.rel1.win32_1.1.1.202309131626/tools/bin/../lib/gcc/arm-none-eabi/11.3.1/thumb/v7e-m+fp/hard/crtbegin.o
                0x0000000008004e2c                PROVIDE (__init_array_end = .)
                0x0000000008004e30                . = ALIGN (0x8)
 *fill*         0x0000000008004e2c        0x4 

.fini_array     0x0000000008004e30        0x8
                0x0000000008004e30                . = ALIGN (0x8)
                [!provide]                        PROVIDE (__fini_array_start = .)
 *(SORT_BY_NAME(.fini_array.*))
 *(.fini_array*)
 .fini_array    0x0000000008004e30        0x4 C:/ST/STM32CubeIDE_1.13.2/STM32CubeIDE/plugins/com.st.stm32cube.ide.mcu.externaltools.gnu-tools-for-stm32.11.3.rel1.win32_1.1.1.202309131626/tools/bin/../lib/gcc/arm-none-eabi/11.3.1/thumb/v7e-m+fp/hard/crtbegin.o
                [!provide]                        PROVIDE (__fini_array_end = .)
                0x0000000008004e38                . = ALIGN (0x8)
 *fill*         0x0000000008004e34        0x4 
                0x0000000008004e38                _sidata = LOADADDR (.data)

.data           0x0000000020000000      0x458 load address 0x0000000008004e38
                0x0000000020000000                . = ALIGN (0x8)
                0x0000000020000000                _sdata = .
 *(.data)
 .data          0x0000000020000000      0x3f6 ./Core/Src/enable.o
                0x0000000020000000                deviceName
                0x0000000020000010                ACI_GAP_SET_DISCOVERABLE
                0x0000000020000020                ACI_GAP_SET_DISCOVERABLE_COMPLETE
                0x0000000020000028                EVENT_DISCONNECTED
                0x000000002000002c                ADD_CUSTOM_SERVICE
                0x0000000020000044                ADD_CUSTOM_SERVICE_COMPLETE
                0x000000002000004c                ADD_CUSTOM_CHAR
                0x000000002000006c                ADD_CUSTOM_CHAR_COMPLETE
                0x0000000020000074                UPDATE_CHAR
                0x0000000020000084                EVENT_STATUP_DATA
                0x000000002000008c                ACI_GATT_INIT_COMPLETE
                0x0000000020000094                ACI_GATT_INIT
                0x0000000020000098                ACI_GAP_INIT_COMPLETE
                0x00000000200000a0                ACI_GAP_INIT
                0x00000000200000a8                ACI_GAP_SET_AUTH_RESP
                0x00000000200000b0                ACI_GAP_SET_AUTH
                0x00000000200000c0                ACI_HAL_SET_TX_POWER_LEVEL_COMPLETE
                0x00000000200000c8                ACI_HAL_SET_TX_POWER_LEVEL
                0x00000000200000d0                HCI_LE_SET_SCAN_RESPONSE_DATA_COMPLETE
                0x00000000200000d8                HCI_LE_SET_SCAN_RESPONSE_DATA
                0x00000000200000fc                UUID_SERVICE_1
                0x000000002000010c                UUID_CHAR_1
                0x000000002000011c                VALUE1
                0x0000000020000134                UUID_CHAR_TEMP
                0x0000000020000144                VALUE_TEMP
                0x0000000020000158                UUID_CHAR_HUM
                0x0000000020000168                VALUE_HUM
                0x0000000020000178                UUID_CHAR_PRESS
                0x0000000020000188                VALUE_PRESS
                0x000000002000019c                UUID_CHAR_TOF_VALUE
                0x00000000200001ac                TOF_VALUE
                0x00000000200001c0                UUID_INERTIAL_SERVICE
                0x00000000200001d0                UUID_CHAR_INERTIAL_NAME
                0x00000000200001e0                NAME_INERTIAL_VALUE
                0x00000000200001f8                UUID_CHAR_INERTIAL_ACCX
                0x0000000020000208                ACCX_INERTIAL_VALUE
                0x000000002000021c                UUID_CHAR_INERTIAL_ACCY
                0x000000002000022c                ACCY_INERTIAL_VALUE
                0x0000000020000240                UUID_CHAR_INERTIAL_ACCZ
                0x0000000020000250                ACCZ_INERTIAL_VALUE
                0x0000000020000264                UUID_MAGNETIC_SERVICE
                0x0000000020000274                UUID_CHAR_MAGNETIC_NAME
                0x0000000020000284                NAME_MAGNETIC_VALUE
                0x000000002000029c                UUID_CHAR_MAGNETIC_MAGX
                0x00000000200002ac                X_VALUE
                0x00000000200002c0                UUID_CHAR_MAGNETIC_MAGY
                0x00000000200002d0                Y_VALUE
                0x00000000200002e4                UUID_CHAR_MAGNETIC_MAGZ
                0x00000000200002f4                Z_VALUE
                0x0000000020000308                NAME_TOF_VALUE
                0x0000000020000320                UUID_CHAR_TOF_NAME
                0x0000000020000330                UUID_TOF_SERVICE
                0x0000000020000340                UUID_CHAR_GYROSCOPE_GYROZ
                0x0000000020000350                UUID_CHAR_GYROSCOPE_GYROY
                0x0000000020000360                UUID_CHAR_GYROSCOPE_GYROX
                0x0000000020000370                NAME_GYROSCOPE_VALUE
                0x0000000020000384                UUID_CHAR_GYROSCOPE_NAME
                0x0000000020000394                UUID_GYROSCOPE_SERVICE
                0x00000000200003a4                MIC_VALUE
                0x00000000200003bc                VALUE2
                0x00000000200003d4                UUID_CHAR_2
                0x00000000200003e4                ACI_GATT_UPDATE_CHAR_COMPLETE
                0x00000000200003ec                ACI_GATT_UPDATE_CHAR_VALUE
 *fill*         0x00000000200003f6        0x2 
 .data          0x00000000200003f8        0x4 ./Core/Src/system_stm32l4xx.o
                0x00000000200003f8                SystemCoreClock
 .data          0x00000000200003fc        0x8 ./Drivers/STM32L4xx_HAL_Driver/Src/stm32l4xx_hal.o
                0x00000000200003fc                uwTickFreq
                0x0000000020000400                uwTickPrio
 *(.data*)
 .data._impure_data
                0x0000000020000404       0x4c C:/ST/STM32CubeIDE_1.13.2/STM32CubeIDE/plugins/com.st.stm32cube.ide.mcu.externaltools.gnu-tools-for-stm32.11.3.rel1.win32_1.1.1.202309131626/tools/bin/../lib/gcc/arm-none-eabi/11.3.1/../../../../arm-none-eabi/lib/thumb/v7e-m+fp/hard\libc_nano.a(libc_a-impure.o)
                0x0000000020000404                _impure_data
 .data._impure_ptr
                0x0000000020000450        0x4 C:/ST/STM32CubeIDE_1.13.2/STM32CubeIDE/plugins/com.st.stm32cube.ide.mcu.externaltools.gnu-tools-for-stm32.11.3.rel1.win32_1.1.1.202309131626/tools/bin/../lib/gcc/arm-none-eabi/11.3.1/../../../../arm-none-eabi/lib/thumb/v7e-m+fp/hard\libc_nano.a(libc_a-impure.o)
                0x0000000020000450                _impure_ptr
                0x0000000020000458                . = ALIGN (0x8)
 *fill*         0x0000000020000454        0x4 
                0x0000000020000458                _edata = .

.igot.plt       0x0000000020000458        0x0 load address 0x0000000008005290
 .igot.plt      0x0000000020000458        0x0 C:/ST/STM32CubeIDE_1.13.2/STM32CubeIDE/plugins/com.st.stm32cube.ide.mcu.externaltools.gnu-tools-for-stm32.11.3.rel1.win32_1.1.1.202309131626/tools/bin/../lib/gcc/arm-none-eabi/11.3.1/thumb/v7e-m+fp/hard/crtbegin.o
                0x0000000020000458                . = ALIGN (0x4)

.bss            0x0000000020000458      0x450 load address 0x0000000008005290
                0x0000000020000458                _sbss = .
                0x0000000020000458                __bss_start__ = _sbss
 *(.bss)
 .bss           0x0000000020000458       0x1c C:/ST/STM32CubeIDE_1.13.2/STM32CubeIDE/plugins/com.st.stm32cube.ide.mcu.externaltools.gnu-tools-for-stm32.11.3.rel1.win32_1.1.1.202309131626/tools/bin/../lib/gcc/arm-none-eabi/11.3.1/thumb/v7e-m+fp/hard/crtbegin.o
 .bss           0x0000000020000474      0x172 ./Core/Src/enable.o
                0x0000000020000474                stackInitCompleteFlag
                0x0000000020000478                buffer
                0x0000000020000578                rxEvent
                0x000000002000057c                GAP_SERVICE_HANDLE
                0x0000000020000580                GAP_CHAR_NAME_HANDLE
                0x0000000020000584                GAP_CHAR_APP_HANDLE
                0x0000000020000588                CUSTOM_SERVICE_HANDLE
                0x000000002000058c                CUSTOM_CHAR_HANDLE
                0x0000000020000590                TEMP_CHAR_HANDLE
                0x0000000020000594                HUM_CHAR_HANDLE
                0x0000000020000598                PRESS_CHAR_HANDLE
                0x000000002000059c                TOF_CHAR_HANDLE
                0x00000000200005a0                INERTIAL_SERVICE_HANDLE
                0x00000000200005a4                NAME_INERTIAL_HANDLE
                0x00000000200005a8                ACCX_CHAR_HANDLE
                0x00000000200005ac                ACCY_CHAR_HANDLE
                0x00000000200005b0                ACCZ_CHAR_HANDLE
                0x00000000200005b4                MAGNETIC_SERVICE_HANDLE
                0x00000000200005b8                NAME_MAGNETIC_HANDLE
                0x00000000200005bc                MAGX_CHAR_HANDLE
                0x00000000200005c0                MAGY_CHAR_HANDLE
                0x00000000200005c4                MAGZ_CHAR_HANDLE
                0x00000000200005c8                NAME_TOF_HANDLE
                0x00000000200005cc                TOF_SERVICE_HANDLE
                0x00000000200005d0                GYROZ_CHAR_HANDLE
                0x00000000200005d4                GYROY_CHAR_HANDLE
                0x00000000200005d8                GYROX_CHAR_HANDLE
                0x00000000200005dc                NAME_GYROSCOPE_HANDLE
                0x00000000200005e0                GYROSCOPE_SERVICE_HANDLE
                0x00000000200005e4                MIC_CHAR_HANDLE
 *fill*         0x00000000200005e6        0x2 
 .bss           0x00000000200005e8      0x150 ./Core/Src/main.o
                0x00000000200005e8                hspi3
                0x000000002000064c                hi2c2
                0x0000000020000698                htim6
                0x00000000200006e4                htim15
                0x0000000020000730                update
                0x0000000020000734                dataAvailable
 .bss           0x0000000020000738       0x1c ./Core/Src/sensors.o
                0x0000000020000738                T_C0
                0x000000002000073c                T_C1
                0x0000000020000740                T_C0_lsb
                0x0000000020000742                T_C1_lsb
                0x0000000020000744                m
                0x0000000020000748                H_0
                0x0000000020000749                H_1
                0x000000002000074a                H_0_lsb
                0x000000002000074c                H_1_lsb
                0x0000000020000750                mh
 .bss           0x0000000020000754        0x8 ./Core/Src/syscalls.o
                0x0000000020000758                __env
 .bss           0x000000002000075c        0x4 ./Drivers/STM32L4xx_HAL_Driver/Src/stm32l4xx_hal.o
                0x000000002000075c                uwTick
 *(.bss*)
 .bss.__malloc_free_list
                0x0000000020000760        0x4 C:/ST/STM32CubeIDE_1.13.2/STM32CubeIDE/plugins/com.st.stm32cube.ide.mcu.externaltools.gnu-tools-for-stm32.11.3.rel1.win32_1.1.1.202309131626/tools/bin/../lib/gcc/arm-none-eabi/11.3.1/../../../../arm-none-eabi/lib/thumb/v7e-m+fp/hard\libc_nano.a(libc_a-mallocr.o)
                0x0000000020000760                __malloc_free_list
 .bss.__malloc_sbrk_start
                0x0000000020000764        0x4 C:/ST/STM32CubeIDE_1.13.2/STM32CubeIDE/plugins/com.st.stm32cube.ide.mcu.externaltools.gnu-tools-for-stm32.11.3.rel1.win32_1.1.1.202309131626/tools/bin/../lib/gcc/arm-none-eabi/11.3.1/../../../../arm-none-eabi/lib/thumb/v7e-m+fp/hard\libc_nano.a(libc_a-mallocr.o)
                0x0000000020000764                __malloc_sbrk_start
 .bss.__sf      0x0000000020000768      0x138 C:/ST/STM32CubeIDE_1.13.2/STM32CubeIDE/plugins/com.st.stm32cube.ide.mcu.externaltools.gnu-tools-for-stm32.11.3.rel1.win32_1.1.1.202309131626/tools/bin/../lib/gcc/arm-none-eabi/11.3.1/../../../../arm-none-eabi/lib/thumb/v7e-m+fp/hard\libc_nano.a(libc_a-findfp.o)
                0x0000000020000768                __sf
 .bss.errno     0x00000000200008a0        0x4 C:/ST/STM32CubeIDE_1.13.2/STM32CubeIDE/plugins/com.st.stm32cube.ide.mcu.externaltools.gnu-tools-for-stm32.11.3.rel1.win32_1.1.1.202309131626/tools/bin/../lib/gcc/arm-none-eabi/11.3.1/../../../../arm-none-eabi/lib/thumb/v7e-m+fp/hard\libc_nano.a(libc_a-reent.o)
                0x00000000200008a0                errno
 .bss.__lock___malloc_recursive_mutex
                0x00000000200008a4        0x1 C:/ST/STM32CubeIDE_1.13.2/STM32CubeIDE/plugins/com.st.stm32cube.ide.mcu.externaltools.gnu-tools-for-stm32.11.3.rel1.win32_1.1.1.202309131626/tools/bin/../lib/gcc/arm-none-eabi/11.3.1/../../../../arm-none-eabi/lib/thumb/v7e-m+fp/hard\libc_nano.a(libc_a-lock.o)
                0x00000000200008a4                __lock___malloc_recursive_mutex
 *(COMMON)
                0x00000000200008a8                . = ALIGN (0x4)
 *fill*         0x00000000200008a5        0x3 
                0x00000000200008a8                _ebss = .
                0x00000000200008a8                __bss_end__ = _ebss

._user_heap_stack
                0x00000000200008a8      0x600 load address 0x0000000008005290
                0x00000000200008a8                . = ALIGN (0x8)
                0x00000000200008a8                PROVIDE (end = .)
                [!provide]                        PROVIDE (_end = .)
                0x0000000020000aa8                . = (. + _Min_Heap_Size)
 *fill*         0x00000000200008a8      0x200 
                0x0000000020000ea8                . = (. + _Min_Stack_Size)
 *fill*         0x0000000020000aa8      0x400 
                0x0000000020000ea8                . = ALIGN (0x8)

/DISCARD/
 libc.a(*)
 libm.a(*)
 libgcc.a(*)

.ARM.attributes
                0x0000000000000000       0x30
 *(.ARM.attributes)
 .ARM.attributes
                0x0000000000000000       0x1e C:/ST/STM32CubeIDE_1.13.2/STM32CubeIDE/plugins/com.st.stm32cube.ide.mcu.externaltools.gnu-tools-for-stm32.11.3.rel1.win32_1.1.1.202309131626/tools/bin/../lib/gcc/arm-none-eabi/11.3.1/thumb/v7e-m+fp/hard/crti.o
 .ARM.attributes
                0x000000000000001e       0x34 C:/ST/STM32CubeIDE_1.13.2/STM32CubeIDE/plugins/com.st.stm32cube.ide.mcu.externaltools.gnu-tools-for-stm32.11.3.rel1.win32_1.1.1.202309131626/tools/bin/../lib/gcc/arm-none-eabi/11.3.1/thumb/v7e-m+fp/hard/crtbegin.o
 .ARM.attributes
                0x0000000000000052       0x34 ./Core/Src/enable.o
 .ARM.attributes
                0x0000000000000086       0x34 ./Core/Src/main.o
 .ARM.attributes
                0x00000000000000ba       0x34 ./Core/Src/sensors.o
 .ARM.attributes
                0x00000000000000ee       0x34 ./Core/Src/stm32l4xx_hal_msp.o
 .ARM.attributes
                0x0000000000000122       0x34 ./Core/Src/stm32l4xx_it.o
 .ARM.attributes
                0x0000000000000156       0x34 ./Core/Src/syscalls.o
 .ARM.attributes
                0x000000000000018a       0x34 ./Core/Src/system_stm32l4xx.o
 .ARM.attributes
                0x00000000000001be       0x34 ./Drivers/STM32L4xx_HAL_Driver/Src/stm32l4xx_hal.o
 .ARM.attributes
                0x00000000000001f2       0x34 ./Drivers/STM32L4xx_HAL_Driver/Src/stm32l4xx_hal_cortex.o
 .ARM.attributes
                0x0000000000000226       0x34 ./Drivers/STM32L4xx_HAL_Driver/Src/stm32l4xx_hal_gpio.o
 .ARM.attributes
                0x000000000000025a       0x34 ./Drivers/STM32L4xx_HAL_Driver/Src/stm32l4xx_hal_i2c.o
 .ARM.attributes
                0x000000000000028e       0x34 ./Drivers/STM32L4xx_HAL_Driver/Src/stm32l4xx_hal_i2c_ex.o
 .ARM.attributes
                0x00000000000002c2       0x34 ./Drivers/STM32L4xx_HAL_Driver/Src/stm32l4xx_hal_pwr_ex.o
 .ARM.attributes
                0x00000000000002f6       0x34 ./Drivers/STM32L4xx_HAL_Driver/Src/stm32l4xx_hal_rcc.o
 .ARM.attributes
                0x000000000000032a       0x34 ./Drivers/STM32L4xx_HAL_Driver/Src/stm32l4xx_hal_rcc_ex.o
 .ARM.attributes
                0x000000000000035e       0x34 ./Drivers/STM32L4xx_HAL_Driver/Src/stm32l4xx_hal_spi.o
 .ARM.attributes
                0x0000000000000392       0x34 ./Drivers/STM32L4xx_HAL_Driver/Src/stm32l4xx_hal_tim.o
 .ARM.attributes
                0x00000000000003c6       0x34 ./Drivers/STM32L4xx_HAL_Driver/Src/stm32l4xx_hal_tim_ex.o
 .ARM.attributes
                0x00000000000003fa       0x21 ./startup/startup_stm32l475xx.o
 .ARM.attributes
                0x000000000000041b       0x34 C:/ST/STM32CubeIDE_1.13.2/STM32CubeIDE/plugins/com.st.stm32cube.ide.mcu.externaltools.gnu-tools-for-stm32.11.3.rel1.win32_1.1.1.202309131626/tools/bin/../lib/gcc/arm-none-eabi/11.3.1/../../../../arm-none-eabi/lib/thumb/v7e-m+fp/hard\libc_nano.a(libc_a-malloc.o)
 .ARM.attributes
                0x000000000000044f       0x34 C:/ST/STM32CubeIDE_1.13.2/STM32CubeIDE/plugins/com.st.stm32cube.ide.mcu.externaltools.gnu-tools-for-stm32.11.3.rel1.win32_1.1.1.202309131626/tools/bin/../lib/gcc/arm-none-eabi/11.3.1/../../../../arm-none-eabi/lib/thumb/v7e-m+fp/hard\libc_nano.a(libc_a-mallocr.o)
 .ARM.attributes
                0x0000000000000483       0x34 C:/ST/STM32CubeIDE_1.13.2/STM32CubeIDE/plugins/com.st.stm32cube.ide.mcu.externaltools.gnu-tools-for-stm32.11.3.rel1.win32_1.1.1.202309131626/tools/bin/../lib/gcc/arm-none-eabi/11.3.1/../../../../arm-none-eabi/lib/thumb/v7e-m+fp/hard\libc_nano.a(libc_a-mlock.o)
 .ARM.attributes
                0x00000000000004b7       0x34 C:/ST/STM32CubeIDE_1.13.2/STM32CubeIDE/plugins/com.st.stm32cube.ide.mcu.externaltools.gnu-tools-for-stm32.11.3.rel1.win32_1.1.1.202309131626/tools/bin/../lib/gcc/arm-none-eabi/11.3.1/../../../../arm-none-eabi/lib/thumb/v7e-m+fp/hard\libc_nano.a(libc_a-findfp.o)
 .ARM.attributes
                0x00000000000004eb       0x34 C:/ST/STM32CubeIDE_1.13.2/STM32CubeIDE/plugins/com.st.stm32cube.ide.mcu.externaltools.gnu-tools-for-stm32.11.3.rel1.win32_1.1.1.202309131626/tools/bin/../lib/gcc/arm-none-eabi/11.3.1/../../../../arm-none-eabi/lib/thumb/v7e-m+fp/hard\libc_nano.a(libc_a-memset.o)
 .ARM.attributes
                0x000000000000051f       0x34 C:/ST/STM32CubeIDE_1.13.2/STM32CubeIDE/plugins/com.st.stm32cube.ide.mcu.externaltools.gnu-tools-for-stm32.11.3.rel1.win32_1.1.1.202309131626/tools/bin/../lib/gcc/arm-none-eabi/11.3.1/../../../../arm-none-eabi/lib/thumb/v7e-m+fp/hard\libc_nano.a(libc_a-reent.o)
 .ARM.attributes
                0x0000000000000553       0x34 C:/ST/STM32CubeIDE_1.13.2/STM32CubeIDE/plugins/com.st.stm32cube.ide.mcu.externaltools.gnu-tools-for-stm32.11.3.rel1.win32_1.1.1.202309131626/tools/bin/../lib/gcc/arm-none-eabi/11.3.1/../../../../arm-none-eabi/lib/thumb/v7e-m+fp/hard\libc_nano.a(libc_a-impure.o)
 .ARM.attributes
                0x0000000000000587       0x34 C:/ST/STM32CubeIDE_1.13.2/STM32CubeIDE/plugins/com.st.stm32cube.ide.mcu.externaltools.gnu-tools-for-stm32.11.3.rel1.win32_1.1.1.202309131626/tools/bin/../lib/gcc/arm-none-eabi/11.3.1/../../../../arm-none-eabi/lib/thumb/v7e-m+fp/hard\libc_nano.a(libc_a-sbrkr.o)
 .ARM.attributes
                0x00000000000005bb       0x34 C:/ST/STM32CubeIDE_1.13.2/STM32CubeIDE/plugins/com.st.stm32cube.ide.mcu.externaltools.gnu-tools-for-stm32.11.3.rel1.win32_1.1.1.202309131626/tools/bin/../lib/gcc/arm-none-eabi/11.3.1/../../../../arm-none-eabi/lib/thumb/v7e-m+fp/hard\libc_nano.a(libc_a-errno.o)
 .ARM.attributes
                0x00000000000005ef       0x34 C:/ST/STM32CubeIDE_1.13.2/STM32CubeIDE/plugins/com.st.stm32cube.ide.mcu.externaltools.gnu-tools-for-stm32.11.3.rel1.win32_1.1.1.202309131626/tools/bin/../lib/gcc/arm-none-eabi/11.3.1/../../../../arm-none-eabi/lib/thumb/v7e-m+fp/hard\libc_nano.a(libc_a-init.o)
 .ARM.attributes
                0x0000000000000623       0x34 C:/ST/STM32CubeIDE_1.13.2/STM32CubeIDE/plugins/com.st.stm32cube.ide.mcu.externaltools.gnu-tools-for-stm32.11.3.rel1.win32_1.1.1.202309131626/tools/bin/../lib/gcc/arm-none-eabi/11.3.1/../../../../arm-none-eabi/lib/thumb/v7e-m+fp/hard\libc_nano.a(libc_a-lock.o)
 .ARM.attributes
                0x0000000000000657       0x34 C:/ST/STM32CubeIDE_1.13.2/STM32CubeIDE/plugins/com.st.stm32cube.ide.mcu.externaltools.gnu-tools-for-stm32.11.3.rel1.win32_1.1.1.202309131626/tools/bin/../lib/gcc/arm-none-eabi/11.3.1/../../../../arm-none-eabi/lib/thumb/v7e-m+fp/hard\libc_nano.a(libc_a-memcpy-stub.o)
 .ARM.attributes
                0x000000000000068b       0x34 C:/ST/STM32CubeIDE_1.13.2/STM32CubeIDE/plugins/com.st.stm32cube.ide.mcu.externaltools.gnu-tools-for-stm32.11.3.rel1.win32_1.1.1.202309131626/tools/bin/../lib/gcc/arm-none-eabi/11.3.1/../../../../arm-none-eabi/lib/thumb/v7e-m+fp/hard\libc_nano.a(libc_a-freer.o)
 .ARM.attributes
                0x00000000000006bf       0x1e C:/ST/STM32CubeIDE_1.13.2/STM32CubeIDE/plugins/com.st.stm32cube.ide.mcu.externaltools.gnu-tools-for-stm32.11.3.rel1.win32_1.1.1.202309131626/tools/bin/../lib/gcc/arm-none-eabi/11.3.1/thumb/v7e-m+fp/hard/crtn.o
OUTPUT(IOT-BLE.elf elf32-littlearm)
LOAD linker stubs
LOAD C:/ST/STM32CubeIDE_1.13.2/STM32CubeIDE/plugins/com.st.stm32cube.ide.mcu.externaltools.gnu-tools-for-stm32.11.3.rel1.win32_1.1.1.202309131626/tools/bin/../lib/gcc/arm-none-eabi/11.3.1/../../../../arm-none-eabi/lib/thumb/v7e-m+fp/hard\libc.a
LOAD C:/ST/STM32CubeIDE_1.13.2/STM32CubeIDE/plugins/com.st.stm32cube.ide.mcu.externaltools.gnu-tools-for-stm32.11.3.rel1.win32_1.1.1.202309131626/tools/bin/../lib/gcc/arm-none-eabi/11.3.1/../../../../arm-none-eabi/lib/thumb/v7e-m+fp/hard\libm.a
LOAD C:/ST/STM32CubeIDE_1.13.2/STM32CubeIDE/plugins/com.st.stm32cube.ide.mcu.externaltools.gnu-tools-for-stm32.11.3.rel1.win32_1.1.1.202309131626/tools/bin/../lib/gcc/arm-none-eabi/11.3.1/thumb/v7e-m+fp/hard\libgcc.a

.comment        0x0000000000000000       0x43
 .comment       0x0000000000000000       0x43 C:/ST/STM32CubeIDE_1.13.2/STM32CubeIDE/plugins/com.st.stm32cube.ide.mcu.externaltools.gnu-tools-for-stm32.11.3.rel1.win32_1.1.1.202309131626/tools/bin/../lib/gcc/arm-none-eabi/11.3.1/thumb/v7e-m+fp/hard/crtbegin.o
                                         0x44 (size before relaxing)
 .comment       0x0000000000000043       0x44 ./Core/Src/enable.o
 .comment       0x0000000000000043       0x44 ./Core/Src/main.o
 .comment       0x0000000000000043       0x44 ./Core/Src/sensors.o
 .comment       0x0000000000000043       0x44 ./Core/Src/stm32l4xx_hal_msp.o
 .comment       0x0000000000000043       0x44 ./Core/Src/stm32l4xx_it.o
 .comment       0x0000000000000043       0x44 ./Core/Src/syscalls.o
 .comment       0x0000000000000043       0x44 ./Core/Src/system_stm32l4xx.o
 .comment       0x0000000000000043       0x44 ./Drivers/STM32L4xx_HAL_Driver/Src/stm32l4xx_hal.o
 .comment       0x0000000000000043       0x44 ./Drivers/STM32L4xx_HAL_Driver/Src/stm32l4xx_hal_cortex.o
 .comment       0x0000000000000043       0x44 ./Drivers/STM32L4xx_HAL_Driver/Src/stm32l4xx_hal_gpio.o
 .comment       0x0000000000000043       0x44 ./Drivers/STM32L4xx_HAL_Driver/Src/stm32l4xx_hal_i2c.o
 .comment       0x0000000000000043       0x44 ./Drivers/STM32L4xx_HAL_Driver/Src/stm32l4xx_hal_i2c_ex.o
 .comment       0x0000000000000043       0x44 ./Drivers/STM32L4xx_HAL_Driver/Src/stm32l4xx_hal_pwr_ex.o
 .comment       0x0000000000000043       0x44 ./Drivers/STM32L4xx_HAL_Driver/Src/stm32l4xx_hal_rcc.o
 .comment       0x0000000000000043       0x44 ./Drivers/STM32L4xx_HAL_Driver/Src/stm32l4xx_hal_rcc_ex.o
 .comment       0x0000000000000043       0x44 ./Drivers/STM32L4xx_HAL_Driver/Src/stm32l4xx_hal_spi.o
 .comment       0x0000000000000043       0x44 ./Drivers/STM32L4xx_HAL_Driver/Src/stm32l4xx_hal_tim.o
 .comment       0x0000000000000043       0x44 ./Drivers/STM32L4xx_HAL_Driver/Src/stm32l4xx_hal_tim_ex.o

.debug_info     0x0000000000000000    0x193cc
 .debug_info    0x0000000000000000     0x2153 ./Core/Src/enable.o
 .debug_info    0x0000000000002153     0x248a ./Core/Src/main.o
 .debug_info    0x00000000000045dd     0x185d ./Core/Src/sensors.o
 .debug_info    0x0000000000005e3a     0x1542 ./Core/Src/stm32l4xx_hal_msp.o
 .debug_info    0x000000000000737c      0x789 ./Core/Src/stm32l4xx_it.o
 .debug_info    0x0000000000007b05      0x80d ./Core/Src/syscalls.o
 .debug_info    0x0000000000008312      0x5ec ./Core/Src/system_stm32l4xx.o
 .debug_info    0x00000000000088fe      0xba4 ./Drivers/STM32L4xx_HAL_Driver/Src/stm32l4xx_hal.o
 .debug_info    0x00000000000094a2      0xf97 ./Drivers/STM32L4xx_HAL_Driver/Src/stm32l4xx_hal_cortex.o
 .debug_info    0x000000000000a439      0x78e ./Drivers/STM32L4xx_HAL_Driver/Src/stm32l4xx_hal_gpio.o
 .debug_info    0x000000000000abc7     0x3dac ./Drivers/STM32L4xx_HAL_Driver/Src/stm32l4xx_hal_i2c.o
 .debug_info    0x000000000000e973      0x988 ./Drivers/STM32L4xx_HAL_Driver/Src/stm32l4xx_hal_i2c_ex.o
 .debug_info    0x000000000000f2fb      0xa2c ./Drivers/STM32L4xx_HAL_Driver/Src/stm32l4xx_hal_pwr_ex.o
 .debug_info    0x000000000000fd27      0xe5a ./Drivers/STM32L4xx_HAL_Driver/Src/stm32l4xx_hal_rcc.o
 .debug_info    0x0000000000010b81     0x11ef ./Drivers/STM32L4xx_HAL_Driver/Src/stm32l4xx_hal_rcc_ex.o
 .debug_info    0x0000000000011d70     0x2041 ./Drivers/STM32L4xx_HAL_Driver/Src/stm32l4xx_hal_spi.o
 .debug_info    0x0000000000013db1     0x3a4f ./Drivers/STM32L4xx_HAL_Driver/Src/stm32l4xx_hal_tim.o
 .debug_info    0x0000000000017800     0x1ba9 ./Drivers/STM32L4xx_HAL_Driver/Src/stm32l4xx_hal_tim_ex.o
 .debug_info    0x00000000000193a9       0x23 ./startup/startup_stm32l475xx.o

.debug_abbrev   0x0000000000000000     0x2b78
 .debug_abbrev  0x0000000000000000      0x2d8 ./Core/Src/enable.o
 .debug_abbrev  0x00000000000002d8      0x330 ./Core/Src/main.o
 .debug_abbrev  0x0000000000000608      0x322 ./Core/Src/sensors.o
 .debug_abbrev  0x000000000000092a      0x250 ./Core/Src/stm32l4xx_hal_msp.o
 .debug_abbrev  0x0000000000000b7a      0x1b1 ./Core/Src/stm32l4xx_it.o
 .debug_abbrev  0x0000000000000d2b      0x1e8 ./Core/Src/syscalls.o
 .debug_abbrev  0x0000000000000f13      0x145 ./Core/Src/system_stm32l4xx.o
 .debug_abbrev  0x0000000000001058      0x269 ./Drivers/STM32L4xx_HAL_Driver/Src/stm32l4xx_hal.o
 .debug_abbrev  0x00000000000012c1      0x378 ./Drivers/STM32L4xx_HAL_Driver/Src/stm32l4xx_hal_cortex.o
 .debug_abbrev  0x0000000000001639      0x1fb ./Drivers/STM32L4xx_HAL_Driver/Src/stm32l4xx_hal_gpio.o
 .debug_abbrev  0x0000000000001834      0x294 ./Drivers/STM32L4xx_HAL_Driver/Src/stm32l4xx_hal_i2c.o
 .debug_abbrev  0x0000000000001ac8      0x1c9 ./Drivers/STM32L4xx_HAL_Driver/Src/stm32l4xx_hal_i2c_ex.o
 .debug_abbrev  0x0000000000001c91      0x217 ./Drivers/STM32L4xx_HAL_Driver/Src/stm32l4xx_hal_pwr_ex.o
 .debug_abbrev  0x0000000000001ea8      0x2ad ./Drivers/STM32L4xx_HAL_Driver/Src/stm32l4xx_hal_rcc.o
 .debug_abbrev  0x0000000000002155      0x2ad ./Drivers/STM32L4xx_HAL_Driver/Src/stm32l4xx_hal_rcc_ex.o
 .debug_abbrev  0x0000000000002402      0x27f ./Drivers/STM32L4xx_HAL_Driver/Src/stm32l4xx_hal_spi.o
 .debug_abbrev  0x0000000000002681      0x27c ./Drivers/STM32L4xx_HAL_Driver/Src/stm32l4xx_hal_tim.o
 .debug_abbrev  0x00000000000028fd      0x269 ./Drivers/STM32L4xx_HAL_Driver/Src/stm32l4xx_hal_tim_ex.o
 .debug_abbrev  0x0000000000002b66       0x12 ./startup/startup_stm32l475xx.o

.debug_loclists
                0x0000000000000000     0xbc5e
 .debug_loclists
                0x0000000000000000      0x5f4 ./Core/Src/enable.o
 .debug_loclists
                0x00000000000005f4       0x21 ./Core/Src/main.o
 .debug_loclists
                0x0000000000000615      0x1b7 ./Core/Src/sensors.o
 .debug_loclists
                0x00000000000007cc      0x102 ./Core/Src/stm32l4xx_hal_msp.o
 .debug_loclists
                0x00000000000008ce      0x29e ./Core/Src/syscalls.o
 .debug_loclists
                0x0000000000000b6c      0x145 ./Core/Src/system_stm32l4xx.o
 .debug_loclists
                0x0000000000000cb1      0x12f ./Drivers/STM32L4xx_HAL_Driver/Src/stm32l4xx_hal.o
 .debug_loclists
                0x0000000000000de0      0x4db ./Drivers/STM32L4xx_HAL_Driver/Src/stm32l4xx_hal_cortex.o
 .debug_loclists
                0x00000000000012bb      0x26d ./Drivers/STM32L4xx_HAL_Driver/Src/stm32l4xx_hal_gpio.o
 .debug_loclists
                0x0000000000001528     0x2cb8 ./Drivers/STM32L4xx_HAL_Driver/Src/stm32l4xx_hal_i2c.o
 .debug_loclists
                0x00000000000041e0      0x11d ./Drivers/STM32L4xx_HAL_Driver/Src/stm32l4xx_hal_i2c_ex.o
 .debug_loclists
                0x00000000000042fd      0x593 ./Drivers/STM32L4xx_HAL_Driver/Src/stm32l4xx_hal_pwr_ex.o
 .debug_loclists
                0x0000000000004890      0x529 ./Drivers/STM32L4xx_HAL_Driver/Src/stm32l4xx_hal_rcc.o
 .debug_loclists
                0x0000000000004db9     0x1228 ./Drivers/STM32L4xx_HAL_Driver/Src/stm32l4xx_hal_rcc_ex.o
 .debug_loclists
                0x0000000000005fe1     0x1559 ./Drivers/STM32L4xx_HAL_Driver/Src/stm32l4xx_hal_spi.o
 .debug_loclists
                0x000000000000753a     0x30be ./Drivers/STM32L4xx_HAL_Driver/Src/stm32l4xx_hal_tim.o
 .debug_loclists
                0x000000000000a5f8     0x1666 ./Drivers/STM32L4xx_HAL_Driver/Src/stm32l4xx_hal_tim_ex.o

.debug_aranges  0x0000000000000000     0x1200
 .debug_aranges
                0x0000000000000000       0x78 ./Core/Src/enable.o
 .debug_aranges
                0x0000000000000078       0x58 ./Core/Src/main.o
 .debug_aranges
                0x00000000000000d0       0x80 ./Core/Src/sensors.o
 .debug_aranges
                0x0000000000000150       0x68 ./Core/Src/stm32l4xx_hal_msp.o
 .debug_aranges
                0x00000000000001b8       0x70 ./Core/Src/stm32l4xx_it.o
 .debug_aranges
                0x0000000000000228       0xb0 ./Core/Src/syscalls.o
 .debug_aranges
                0x00000000000002d8       0x28 ./Core/Src/system_stm32l4xx.o
 .debug_aranges
                0x0000000000000300      0x130 ./Drivers/STM32L4xx_HAL_Driver/Src/stm32l4xx_hal.o
 .debug_aranges
                0x0000000000000430       0xa8 ./Drivers/STM32L4xx_HAL_Driver/Src/stm32l4xx_hal_cortex.o
 .debug_aranges
                0x00000000000004d8       0x58 ./Drivers/STM32L4xx_HAL_Driver/Src/stm32l4xx_hal_gpio.o
 .debug_aranges
                0x0000000000000530      0x290 ./Drivers/STM32L4xx_HAL_Driver/Src/stm32l4xx_hal_i2c.o
 .debug_aranges
                0x00000000000007c0       0x48 ./Drivers/STM32L4xx_HAL_Driver/Src/stm32l4xx_hal_i2c_ex.o
 .debug_aranges
                0x0000000000000808      0x150 ./Drivers/STM32L4xx_HAL_Driver/Src/stm32l4xx_hal_pwr_ex.o
 .debug_aranges
                0x0000000000000958       0x88 ./Drivers/STM32L4xx_HAL_Driver/Src/stm32l4xx_hal_rcc.o
 .debug_aranges
                0x00000000000009e0       0xc0 ./Drivers/STM32L4xx_HAL_Driver/Src/stm32l4xx_hal_rcc_ex.o
 .debug_aranges
                0x0000000000000aa0      0x1d8 ./Drivers/STM32L4xx_HAL_Driver/Src/stm32l4xx_hal_spi.o
 .debug_aranges
                0x0000000000000c78      0x3e0 ./Drivers/STM32L4xx_HAL_Driver/Src/stm32l4xx_hal_tim.o
 .debug_aranges
                0x0000000000001058      0x180 ./Drivers/STM32L4xx_HAL_Driver/Src/stm32l4xx_hal_tim_ex.o
 .debug_aranges
                0x00000000000011d8       0x28 ./startup/startup_stm32l475xx.o

.debug_rnglists
                0x0000000000000000      0xe31
 .debug_rnglists
                0x0000000000000000       0x77 ./Core/Src/enable.o
 .debug_rnglists
                0x0000000000000077       0x40 ./Core/Src/main.o
 .debug_rnglists
                0x00000000000000b7       0x61 ./Core/Src/sensors.o
 .debug_rnglists
                0x0000000000000118       0x49 ./Core/Src/stm32l4xx_hal_msp.o
 .debug_rnglists
                0x0000000000000161       0x4f ./Core/Src/stm32l4xx_it.o
 .debug_rnglists
                0x00000000000001b0       0x7f ./Core/Src/syscalls.o
 .debug_rnglists
                0x000000000000022f       0x1a ./Core/Src/system_stm32l4xx.o
 .debug_rnglists
                0x0000000000000249       0xdf ./Drivers/STM32L4xx_HAL_Driver/Src/stm32l4xx_hal.o
 .debug_rnglists
                0x0000000000000328       0xa9 ./Drivers/STM32L4xx_HAL_Driver/Src/stm32l4xx_hal_cortex.o
 .debug_rnglists
                0x00000000000003d1       0x3f ./Drivers/STM32L4xx_HAL_Driver/Src/stm32l4xx_hal_gpio.o
 .debug_rnglists
                0x0000000000000410      0x20d ./Drivers/STM32L4xx_HAL_Driver/Src/stm32l4xx_hal_i2c.o
 .debug_rnglists
                0x000000000000061d       0x31 ./Drivers/STM32L4xx_HAL_Driver/Src/stm32l4xx_hal_i2c_ex.o
 .debug_rnglists
                0x000000000000064e       0xfd ./Drivers/STM32L4xx_HAL_Driver/Src/stm32l4xx_hal_pwr_ex.o
 .debug_rnglists
                0x000000000000074b       0x76 ./Drivers/STM32L4xx_HAL_Driver/Src/stm32l4xx_hal_rcc.o
 .debug_rnglists
                0x00000000000007c1       0xa3 ./Drivers/STM32L4xx_HAL_Driver/Src/stm32l4xx_hal_rcc_ex.o
 .debug_rnglists
                0x0000000000000864      0x171 ./Drivers/STM32L4xx_HAL_Driver/Src/stm32l4xx_hal_spi.o
 .debug_rnglists
                0x00000000000009d5      0x312 ./Drivers/STM32L4xx_HAL_Driver/Src/stm32l4xx_hal_tim.o
 .debug_rnglists
                0x0000000000000ce7      0x131 ./Drivers/STM32L4xx_HAL_Driver/Src/stm32l4xx_hal_tim_ex.o
 .debug_rnglists
                0x0000000000000e18       0x19 ./startup/startup_stm32l475xx.o

.debug_macro    0x0000000000000000     0x3a54
 .debug_macro   0x0000000000000000      0x311 ./Core/Src/enable.o
 .debug_macro   0x0000000000000311       0x3a ./Core/Src/enable.o
 .debug_macro   0x000000000000034b       0x22 ./Core/Src/enable.o
 .debug_macro   0x000000000000036d       0x2a ./Core/Src/enable.o
 .debug_macro   0x0000000000000397       0x61 ./Core/Src/enable.o
 .debug_macro   0x00000000000003f8       0x43 ./Core/Src/enable.o
 .debug_macro   0x000000000000043b       0x34 ./Core/Src/enable.o
 .debug_macro   0x000000000000046f       0x16 ./Core/Src/enable.o
 .debug_macro   0x0000000000000485       0x35 ./Core/Src/enable.o
 .debug_macro   0x00000000000004ba       0x16 ./Core/Src/enable.o
 .debug_macro   0x00000000000004d0       0x43 ./Core/Src/enable.o
 .debug_macro   0x0000000000000513       0x34 ./Core/Src/enable.o
 .debug_macro   0x0000000000000547       0x10 ./Core/Src/enable.o
 .debug_macro   0x0000000000000557       0x58 ./Core/Src/enable.o
 .debug_macro   0x00000000000005af       0x8e ./Core/Src/enable.o
 .debug_macro   0x000000000000063d       0x1c ./Core/Src/enable.o
 .debug_macro   0x0000000000000659      0x177 ./Core/Src/enable.o
 .debug_macro   0x00000000000007d0      0x369 ./Core/Src/enable.o
 .debug_macro   0x0000000000000b39       0x16 ./Core/Src/enable.o
 .debug_macro   0x0000000000000b4f       0x29 ./Core/Src/enable.o
 .debug_macro   0x0000000000000b78       0x16 ./Core/Src/enable.o
 .debug_macro   0x0000000000000b8e       0x20 ./Core/Src/enable.o
 .debug_macro   0x0000000000000bae       0x1c ./Core/Src/enable.o
 .debug_macro   0x0000000000000bca      0x21a ./Core/Src/main.o
 .debug_macro   0x0000000000000de4      0x2d3 ./Core/Src/sensors.o
 .debug_macro   0x00000000000010b7      0x1fd ./Core/Src/stm32l4xx_hal_msp.o
 .debug_macro   0x00000000000012b4      0x21a ./Core/Src/stm32l4xx_it.o
 .debug_macro   0x00000000000014ce      0x274 ./Core/Src/syscalls.o
 .debug_macro   0x0000000000001742       0x5b ./Core/Src/syscalls.o
 .debug_macro   0x000000000000179d       0x94 ./Core/Src/syscalls.o
 .debug_macro   0x0000000000001831       0x57 ./Core/Src/syscalls.o
 .debug_macro   0x0000000000001888       0x10 ./Core/Src/syscalls.o
 .debug_macro   0x0000000000001898       0x10 ./Core/Src/syscalls.o
 .debug_macro   0x00000000000018a8       0x10 ./Core/Src/syscalls.o
 .debug_macro   0x00000000000018b8       0x10 ./Core/Src/syscalls.o
 .debug_macro   0x00000000000018c8       0x1c ./Core/Src/syscalls.o
 .debug_macro   0x00000000000018e4       0x52 ./Core/Src/syscalls.o
 .debug_macro   0x0000000000001936       0x22 ./Core/Src/syscalls.o
 .debug_macro   0x0000000000001958       0x10 ./Core/Src/syscalls.o
 .debug_macro   0x0000000000001968       0x52 ./Core/Src/syscalls.o
 .debug_macro   0x00000000000019ba       0xcf ./Core/Src/syscalls.o
 .debug_macro   0x0000000000001a89       0x1c ./Core/Src/syscalls.o
 .debug_macro   0x0000000000001aa5       0x3d ./Core/Src/syscalls.o
 .debug_macro   0x0000000000001ae2       0x35 ./Core/Src/syscalls.o
 .debug_macro   0x0000000000001b17      0x12c ./Core/Src/syscalls.o
 .debug_macro   0x0000000000001c43       0x10 ./Core/Src/syscalls.o
 .debug_macro   0x0000000000001c53      0x242 ./Core/Src/syscalls.o
 .debug_macro   0x0000000000001e95       0x1c ./Core/Src/syscalls.o
 .debug_macro   0x0000000000001eb1       0x10 ./Core/Src/syscalls.o
 .debug_macro   0x0000000000001ec1      0x18a ./Core/Src/syscalls.o
 .debug_macro   0x000000000000204b       0x16 ./Core/Src/syscalls.o
 .debug_macro   0x0000000000002061       0xce ./Core/Src/syscalls.o
 .debug_macro   0x000000000000212f      0x1f4 ./Core/Src/system_stm32l4xx.o
 .debug_macro   0x0000000000002323      0x23c ./Drivers/STM32L4xx_HAL_Driver/Src/stm32l4xx_hal.o
 .debug_macro   0x000000000000255f      0x1ee ./Drivers/STM32L4xx_HAL_Driver/Src/stm32l4xx_hal_cortex.o
 .debug_macro   0x000000000000274d      0x22d ./Drivers/STM32L4xx_HAL_Driver/Src/stm32l4xx_hal_gpio.o
 .debug_macro   0x000000000000297a      0x2b3 ./Drivers/STM32L4xx_HAL_Driver/Src/stm32l4xx_hal_i2c.o
 .debug_macro   0x0000000000002c2d      0x1ee ./Drivers/STM32L4xx_HAL_Driver/Src/stm32l4xx_hal_i2c_ex.o
 .debug_macro   0x0000000000002e1b      0x212 ./Drivers/STM32L4xx_HAL_Driver/Src/stm32l4xx_hal_pwr_ex.o
 .debug_macro   0x000000000000302d      0x230 ./Drivers/STM32L4xx_HAL_Driver/Src/stm32l4xx_hal_rcc.o
 .debug_macro   0x000000000000325d      0x224 ./Drivers/STM32L4xx_HAL_Driver/Src/stm32l4xx_hal_rcc_ex.o
 .debug_macro   0x0000000000003481      0x1f6 ./Drivers/STM32L4xx_HAL_Driver/Src/stm32l4xx_hal_spi.o
 .debug_macro   0x0000000000003677      0x1ef ./Drivers/STM32L4xx_HAL_Driver/Src/stm32l4xx_hal_tim.o
 .debug_macro   0x0000000000003866      0x1ee ./Drivers/STM32L4xx_HAL_Driver/Src/stm32l4xx_hal_tim_ex.o

.debug_line     0x0000000000000000    0x1b64f
 .debug_line    0x0000000000000000     0x118a ./Core/Src/enable.o
 .debug_line    0x000000000000118a      0xc9b ./Core/Src/main.o
 .debug_line    0x0000000000001e25      0xea6 ./Core/Src/sensors.o
 .debug_line    0x0000000000002ccb      0x9f1 ./Core/Src/stm32l4xx_hal_msp.o
 .debug_line    0x00000000000036bc      0x8f5 ./Core/Src/stm32l4xx_it.o
 .debug_line    0x0000000000003fb1      0x977 ./Core/Src/syscalls.o
 .debug_line    0x0000000000004928      0x8de ./Core/Src/system_stm32l4xx.o
 .debug_line    0x0000000000005206      0xc43 ./Drivers/STM32L4xx_HAL_Driver/Src/stm32l4xx_hal.o
 .debug_line    0x0000000000005e49      0xd3f ./Drivers/STM32L4xx_HAL_Driver/Src/stm32l4xx_hal_cortex.o
 .debug_line    0x0000000000006b88      0xcbb ./Drivers/STM32L4xx_HAL_Driver/Src/stm32l4xx_hal_gpio.o
 .debug_line    0x0000000000007843     0x4e14 ./Drivers/STM32L4xx_HAL_Driver/Src/stm32l4xx_hal_i2c.o
 .debug_line    0x000000000000c657      0xabf ./Drivers/STM32L4xx_HAL_Driver/Src/stm32l4xx_hal_i2c_ex.o
 .debug_line    0x000000000000d116     0x100b ./Drivers/STM32L4xx_HAL_Driver/Src/stm32l4xx_hal_pwr_ex.o
 .debug_line    0x000000000000e121     0x1436 ./Drivers/STM32L4xx_HAL_Driver/Src/stm32l4xx_hal_rcc.o
 .debug_line    0x000000000000f557     0x1aa3 ./Drivers/STM32L4xx_HAL_Driver/Src/stm32l4xx_hal_rcc_ex.o
 .debug_line    0x0000000000010ffa     0x2e6b ./Drivers/STM32L4xx_HAL_Driver/Src/stm32l4xx_hal_spi.o
 .debug_line    0x0000000000013e65     0x51af ./Drivers/STM32L4xx_HAL_Driver/Src/stm32l4xx_hal_tim.o
 .debug_line    0x0000000000019014     0x25c2 ./Drivers/STM32L4xx_HAL_Driver/Src/stm32l4xx_hal_tim_ex.o
 .debug_line    0x000000000001b5d6       0x79 ./startup/startup_stm32l475xx.o

.debug_str      0x0000000000000000    0xf746d
 .debug_str     0x0000000000000000    0xef98e ./Core/Src/enable.o
                                      0xefcf0 (size before relaxing)
 .debug_str     0x00000000000ef98e     0x12a8 ./Core/Src/main.o
                                      0xed751 (size before relaxing)
 .debug_str     0x00000000000f0c36      0x1b6 ./Core/Src/sensors.o
                                      0xef4fc (size before relaxing)
 .debug_str     0x00000000000f0dec      0x10c ./Core/Src/stm32l4xx_hal_msp.o
                                      0xecd7f (size before relaxing)
 .debug_str     0x00000000000f0ef8      0x108 ./Core/Src/stm32l4xx_it.o
                                      0xec27c (size before relaxing)
 .debug_str     0x00000000000f1000     0x2676 ./Core/Src/syscalls.o
                                       0x98e0 (size before relaxing)
 .debug_str     0x00000000000f3676      0x107 ./Core/Src/system_stm32l4xx.o
                                      0xebd34 (size before relaxing)
 .debug_str     0x00000000000f377d      0x631 ./Drivers/STM32L4xx_HAL_Driver/Src/stm32l4xx_hal.o
                                      0xec8a3 (size before relaxing)
 .debug_str     0x00000000000f3dae      0x31d ./Drivers/STM32L4xx_HAL_Driver/Src/stm32l4xx_hal_cortex.o
                                      0xec557 (size before relaxing)
 .debug_str     0x00000000000f40cb      0x1ce ./Drivers/STM32L4xx_HAL_Driver/Src/stm32l4xx_hal_gpio.o
                                      0xebf67 (size before relaxing)
 .debug_str     0x00000000000f4299      0xd36 ./Drivers/STM32L4xx_HAL_Driver/Src/stm32l4xx_hal_i2c.o
                                      0xece81 (size before relaxing)
 .debug_str     0x00000000000f4fcf       0xb8 ./Drivers/STM32L4xx_HAL_Driver/Src/stm32l4xx_hal_i2c_ex.o
                                      0xec23a (size before relaxing)
 .debug_str     0x00000000000f5087      0x4a8 ./Drivers/STM32L4xx_HAL_Driver/Src/stm32l4xx_hal_pwr_ex.o
                                      0xec239 (size before relaxing)
 .debug_str     0x00000000000f552f      0x384 ./Drivers/STM32L4xx_HAL_Driver/Src/stm32l4xx_hal_rcc.o
                                      0xec342 (size before relaxing)
 .debug_str     0x00000000000f58b3      0x3bf ./Drivers/STM32L4xx_HAL_Driver/Src/stm32l4xx_hal_rcc_ex.o
                                      0xec4d8 (size before relaxing)
 .debug_str     0x00000000000f5c72      0x549 ./Drivers/STM32L4xx_HAL_Driver/Src/stm32l4xx_hal_spi.o
                                      0xec529 (size before relaxing)
 .debug_str     0x00000000000f61bb      0xdae ./Drivers/STM32L4xx_HAL_Driver/Src/stm32l4xx_hal_tim.o
                                      0xed049 (size before relaxing)
 .debug_str     0x00000000000f6f69      0x4d7 ./Drivers/STM32L4xx_HAL_Driver/Src/stm32l4xx_hal_tim_ex.o
                                      0xec98f (size before relaxing)
 .debug_str     0x00000000000f7440       0x2d ./startup/startup_stm32l475xx.o
                                         0x87 (size before relaxing)

.debug_frame    0x0000000000000000     0x3618
 .debug_frame   0x0000000000000000      0x1d0 ./Core/Src/enable.o
 .debug_frame   0x00000000000001d0      0x100 ./Core/Src/main.o
 .debug_frame   0x00000000000002d0      0x1b4 ./Core/Src/sensors.o
 .debug_frame   0x0000000000000484      0x114 ./Core/Src/stm32l4xx_hal_msp.o
 .debug_frame   0x0000000000000598       0xd8 ./Core/Src/stm32l4xx_it.o
 .debug_frame   0x0000000000000670      0x1a8 ./Core/Src/syscalls.o
 .debug_frame   0x0000000000000818       0x30 ./Core/Src/system_stm32l4xx.o
 .debug_frame   0x0000000000000848      0x274 ./Drivers/STM32L4xx_HAL_Driver/Src/stm32l4xx_hal.o
 .debug_frame   0x0000000000000abc      0x148 ./Drivers/STM32L4xx_HAL_Driver/Src/stm32l4xx_hal_cortex.o
 .debug_frame   0x0000000000000c04       0xd0 ./Drivers/STM32L4xx_HAL_Driver/Src/stm32l4xx_hal_gpio.o
 .debug_frame   0x0000000000000cd4      0x934 ./Drivers/STM32L4xx_HAL_Driver/Src/stm32l4xx_hal_i2c.o
 .debug_frame   0x0000000000001608       0x80 ./Drivers/STM32L4xx_HAL_Driver/Src/stm32l4xx_hal_i2c_ex.o
 .debug_frame   0x0000000000001688      0x298 ./Drivers/STM32L4xx_HAL_Driver/Src/stm32l4xx_hal_pwr_ex.o
 .debug_frame   0x0000000000001920      0x18c ./Drivers/STM32L4xx_HAL_Driver/Src/stm32l4xx_hal_rcc.o
 .debug_frame   0x0000000000001aac      0x204 ./Drivers/STM32L4xx_HAL_Driver/Src/stm32l4xx_hal_rcc_ex.o
 .debug_frame   0x0000000000001cb0      0x5d8 ./Drivers/STM32L4xx_HAL_Driver/Src/stm32l4xx_hal_spi.o
 .debug_frame   0x0000000000002288      0xb4c ./Drivers/STM32L4xx_HAL_Driver/Src/stm32l4xx_hal_tim.o
 .debug_frame   0x0000000000002dd4      0x470 ./Drivers/STM32L4xx_HAL_Driver/Src/stm32l4xx_hal_tim_ex.o
 .debug_frame   0x0000000000003244       0x30 C:/ST/STM32CubeIDE_1.13.2/STM32CubeIDE/plugins/com.st.stm32cube.ide.mcu.externaltools.gnu-tools-for-stm32.11.3.rel1.win32_1.1.1.202309131626/tools/bin/../lib/gcc/arm-none-eabi/11.3.1/../../../../arm-none-eabi/lib/thumb/v7e-m+fp/hard\libc_nano.a(libc_a-malloc.o)
 .debug_frame   0x0000000000003274       0x50 C:/ST/STM32CubeIDE_1.13.2/STM32CubeIDE/plugins/com.st.stm32cube.ide.mcu.externaltools.gnu-tools-for-stm32.11.3.rel1.win32_1.1.1.202309131626/tools/bin/../lib/gcc/arm-none-eabi/11.3.1/../../../../arm-none-eabi/lib/thumb/v7e-m+fp/hard\libc_nano.a(libc_a-mallocr.o)
 .debug_frame   0x00000000000032c4       0x30 C:/ST/STM32CubeIDE_1.13.2/STM32CubeIDE/plugins/com.st.stm32cube.ide.mcu.externaltools.gnu-tools-for-stm32.11.3.rel1.win32_1.1.1.202309131626/tools/bin/../lib/gcc/arm-none-eabi/11.3.1/../../../../arm-none-eabi/lib/thumb/v7e-m+fp/hard\libc_nano.a(libc_a-mlock.o)
 .debug_frame   0x00000000000032f4      0x144 C:/ST/STM32CubeIDE_1.13.2/STM32CubeIDE/plugins/com.st.stm32cube.ide.mcu.externaltools.gnu-tools-for-stm32.11.3.rel1.win32_1.1.1.202309131626/tools/bin/../lib/gcc/arm-none-eabi/11.3.1/../../../../arm-none-eabi/lib/thumb/v7e-m+fp/hard\libc_nano.a(libc_a-findfp.o)
 .debug_frame   0x0000000000003438       0x20 C:/ST/STM32CubeIDE_1.13.2/STM32CubeIDE/plugins/com.st.stm32cube.ide.mcu.externaltools.gnu-tools-for-stm32.11.3.rel1.win32_1.1.1.202309131626/tools/bin/../lib/gcc/arm-none-eabi/11.3.1/../../../../arm-none-eabi/lib/thumb/v7e-m+fp/hard\libc_nano.a(libc_a-memset.o)
 .debug_frame   0x0000000000003458       0x38 C:/ST/STM32CubeIDE_1.13.2/STM32CubeIDE/plugins/com.st.stm32cube.ide.mcu.externaltools.gnu-tools-for-stm32.11.3.rel1.win32_1.1.1.202309131626/tools/bin/../lib/gcc/arm-none-eabi/11.3.1/../../../../arm-none-eabi/lib/thumb/v7e-m+fp/hard\libc_nano.a(libc_a-reent.o)
 .debug_frame   0x0000000000003490       0x2c C:/ST/STM32CubeIDE_1.13.2/STM32CubeIDE/plugins/com.st.stm32cube.ide.mcu.externaltools.gnu-tools-for-stm32.11.3.rel1.win32_1.1.1.202309131626/tools/bin/../lib/gcc/arm-none-eabi/11.3.1/../../../../arm-none-eabi/lib/thumb/v7e-m+fp/hard\libc_nano.a(libc_a-sbrkr.o)
 .debug_frame   0x00000000000034bc       0x20 C:/ST/STM32CubeIDE_1.13.2/STM32CubeIDE/plugins/com.st.stm32cube.ide.mcu.externaltools.gnu-tools-for-stm32.11.3.rel1.win32_1.1.1.202309131626/tools/bin/../lib/gcc/arm-none-eabi/11.3.1/../../../../arm-none-eabi/lib/thumb/v7e-m+fp/hard\libc_nano.a(libc_a-errno.o)
 .debug_frame   0x00000000000034dc       0x2c C:/ST/STM32CubeIDE_1.13.2/STM32CubeIDE/plugins/com.st.stm32cube.ide.mcu.externaltools.gnu-tools-for-stm32.11.3.rel1.win32_1.1.1.202309131626/tools/bin/../lib/gcc/arm-none-eabi/11.3.1/../../../../arm-none-eabi/lib/thumb/v7e-m+fp/hard\libc_nano.a(libc_a-init.o)
 .debug_frame   0x0000000000003508       0xb0 C:/ST/STM32CubeIDE_1.13.2/STM32CubeIDE/plugins/com.st.stm32cube.ide.mcu.externaltools.gnu-tools-for-stm32.11.3.rel1.win32_1.1.1.202309131626/tools/bin/../lib/gcc/arm-none-eabi/11.3.1/../../../../arm-none-eabi/lib/thumb/v7e-m+fp/hard\libc_nano.a(libc_a-lock.o)
 .debug_frame   0x00000000000035b8       0x28 C:/ST/STM32CubeIDE_1.13.2/STM32CubeIDE/plugins/com.st.stm32cube.ide.mcu.externaltools.gnu-tools-for-stm32.11.3.rel1.win32_1.1.1.202309131626/tools/bin/../lib/gcc/arm-none-eabi/11.3.1/../../../../arm-none-eabi/lib/thumb/v7e-m+fp/hard\libc_nano.a(libc_a-memcpy-stub.o)
 .debug_frame   0x00000000000035e0       0x38 C:/ST/STM32CubeIDE_1.13.2/STM32CubeIDE/plugins/com.st.stm32cube.ide.mcu.externaltools.gnu-tools-for-stm32.11.3.rel1.win32_1.1.1.202309131626/tools/bin/../lib/gcc/arm-none-eabi/11.3.1/../../../../arm-none-eabi/lib/thumb/v7e-m+fp/hard\libc_nano.a(libc_a-freer.o)

.debug_line_str
                0x0000000000000000       0x7b
 .debug_line_str
                0x0000000000000000       0x7b ./startup/startup_stm32l475xx.o
                                         0x91 (size before relaxing)
