Archive member included to satisfy reference by file (symbol)

c:/st/stm32cubeide_1.12.1/stm32cubeide/plugins/com.st.stm32cube.ide.mcu.externaltools.gnu-tools-for-stm32.10.3-2021.10.win32_1.0.200.202301161003/tools/bin/../lib/gcc/arm-none-eabi/10.3.1/../../../../arm-none-eabi/lib/thumb/v7e-m+fp/hard\libc_nano.a(lib_a-errno.o)
                              ./Core/Src/syscalls.o (__errno)
c:/st/stm32cubeide_1.12.1/stm32cubeide/plugins/com.st.stm32cube.ide.mcu.externaltools.gnu-tools-for-stm32.10.3-2021.10.win32_1.0.200.202301161003/tools/bin/../lib/gcc/arm-none-eabi/10.3.1/../../../../arm-none-eabi/lib/thumb/v7e-m+fp/hard\libc_nano.a(lib_a-exit.o)
                              c:/st/stm32cubeide_1.12.1/stm32cubeide/plugins/com.st.stm32cube.ide.mcu.externaltools.gnu-tools-for-stm32.10.3-2021.10.win32_1.0.200.202301161003/tools/bin/../lib/gcc/arm-none-eabi/10.3.1/../../../../arm-none-eabi/lib/thumb/v7e-m+fp/hard/crt0.o (exit)
c:/st/stm32cubeide_1.12.1/stm32cubeide/plugins/com.st.stm32cube.ide.mcu.externaltools.gnu-tools-for-stm32.10.3-2021.10.win32_1.0.200.202301161003/tools/bin/../lib/gcc/arm-none-eabi/10.3.1/../../../../arm-none-eabi/lib/thumb/v7e-m+fp/hard\libc_nano.a(lib_a-impure.o)
                              c:/st/stm32cubeide_1.12.1/stm32cubeide/plugins/com.st.stm32cube.ide.mcu.externaltools.gnu-tools-for-stm32.10.3-2021.10.win32_1.0.200.202301161003/tools/bin/../lib/gcc/arm-none-eabi/10.3.1/../../../../arm-none-eabi/lib/thumb/v7e-m+fp/hard\libc_nano.a(lib_a-exit.o) (_global_impure_ptr)
c:/st/stm32cubeide_1.12.1/stm32cubeide/plugins/com.st.stm32cube.ide.mcu.externaltools.gnu-tools-for-stm32.10.3-2021.10.win32_1.0.200.202301161003/tools/bin/../lib/gcc/arm-none-eabi/10.3.1/../../../../arm-none-eabi/lib/thumb/v7e-m+fp/hard\libc_nano.a(lib_a-init.o)
                              c:/st/stm32cubeide_1.12.1/stm32cubeide/plugins/com.st.stm32cube.ide.mcu.externaltools.gnu-tools-for-stm32.10.3-2021.10.win32_1.0.200.202301161003/tools/bin/../lib/gcc/arm-none-eabi/10.3.1/../../../../arm-none-eabi/lib/thumb/v7e-m+fp/hard/crt0.o (__libc_init_array)
c:/st/stm32cubeide_1.12.1/stm32cubeide/plugins/com.st.stm32cube.ide.mcu.externaltools.gnu-tools-for-stm32.10.3-2021.10.win32_1.0.200.202301161003/tools/bin/../lib/gcc/arm-none-eabi/10.3.1/../../../../arm-none-eabi/lib/thumb/v7e-m+fp/hard\libc_nano.a(lib_a-malloc.o)
                              ./Core/Src/enable.o (malloc)
c:/st/stm32cubeide_1.12.1/stm32cubeide/plugins/com.st.stm32cube.ide.mcu.externaltools.gnu-tools-for-stm32.10.3-2021.10.win32_1.0.200.202301161003/tools/bin/../lib/gcc/arm-none-eabi/10.3.1/../../../../arm-none-eabi/lib/thumb/v7e-m+fp/hard\libc_nano.a(lib_a-memcpy-stub.o)
                              ./Core/Src/enable.o (memcpy)
c:/st/stm32cubeide_1.12.1/stm32cubeide/plugins/com.st.stm32cube.ide.mcu.externaltools.gnu-tools-for-stm32.10.3-2021.10.win32_1.0.200.202301161003/tools/bin/../lib/gcc/arm-none-eabi/10.3.1/../../../../arm-none-eabi/lib/thumb/v7e-m+fp/hard\libc_nano.a(lib_a-memset.o)
                              c:/st/stm32cubeide_1.12.1/stm32cubeide/plugins/com.st.stm32cube.ide.mcu.externaltools.gnu-tools-for-stm32.10.3-2021.10.win32_1.0.200.202301161003/tools/bin/../lib/gcc/arm-none-eabi/10.3.1/../../../../arm-none-eabi/lib/thumb/v7e-m+fp/hard/crt0.o (memset)
c:/st/stm32cubeide_1.12.1/stm32cubeide/plugins/com.st.stm32cube.ide.mcu.externaltools.gnu-tools-for-stm32.10.3-2021.10.win32_1.0.200.202301161003/tools/bin/../lib/gcc/arm-none-eabi/10.3.1/../../../../arm-none-eabi/lib/thumb/v7e-m+fp/hard\libc_nano.a(lib_a-nano-freer.o)
                              c:/st/stm32cubeide_1.12.1/stm32cubeide/plugins/com.st.stm32cube.ide.mcu.externaltools.gnu-tools-for-stm32.10.3-2021.10.win32_1.0.200.202301161003/tools/bin/../lib/gcc/arm-none-eabi/10.3.1/../../../../arm-none-eabi/lib/thumb/v7e-m+fp/hard\libc_nano.a(lib_a-malloc.o) (_free_r)
c:/st/stm32cubeide_1.12.1/stm32cubeide/plugins/com.st.stm32cube.ide.mcu.externaltools.gnu-tools-for-stm32.10.3-2021.10.win32_1.0.200.202301161003/tools/bin/../lib/gcc/arm-none-eabi/10.3.1/../../../../arm-none-eabi/lib/thumb/v7e-m+fp/hard\libc_nano.a(lib_a-nano-mallocr.o)
                              c:/st/stm32cubeide_1.12.1/stm32cubeide/plugins/com.st.stm32cube.ide.mcu.externaltools.gnu-tools-for-stm32.10.3-2021.10.win32_1.0.200.202301161003/tools/bin/../lib/gcc/arm-none-eabi/10.3.1/../../../../arm-none-eabi/lib/thumb/v7e-m+fp/hard\libc_nano.a(lib_a-malloc.o) (_malloc_r)
c:/st/stm32cubeide_1.12.1/stm32cubeide/plugins/com.st.stm32cube.ide.mcu.externaltools.gnu-tools-for-stm32.10.3-2021.10.win32_1.0.200.202301161003/tools/bin/../lib/gcc/arm-none-eabi/10.3.1/../../../../arm-none-eabi/lib/thumb/v7e-m+fp/hard\libc_nano.a(lib_a-realloc.o)
                              ./Core/Src/uart_manager.o (realloc)
[...]
Memory Configuration

Name             Origin             Length             Attributes
RAM              0x0000000020000000 0x0000000000018000 xrw
RAM2             0x0000000010000000 0x0000000000008000 xrw
FLASH            0x0000000008000000 0x0000000000100000 xr
*default*        0x0000000000000000 0xffffffffffffffff

Linker script and memory map

LOAD c:/st/stm32cubeide_1.12.1/stm32cubeide/plugins/com.st.stm32cube.ide.mcu.externaltools.gnu-tools-for-stm32.10.3-2021.10.win32_1.0.200.202301161003/tools/bin/../lib/gcc/arm-none-eabi/10.3.1/thumb/v7e-m+fp/hard/crti.o
LOAD c:/st/stm32cubeide_1.12.1/stm32cubeide/plugins/com.st.stm32cube.ide.mcu.externaltools.gnu-tools-for-stm32.10.3-2021.10.win32_1.0.200.202301161003/tools/bin/../lib/gcc/arm-none-eabi/10.3.1/thumb/v7e-m+fp/hard/crtbegin.o
LOAD c:/st/stm32cubeide_1.12.1/stm32cubeide/plugins/com.st.stm32cube.ide.mcu.externaltools.gnu-tools-for-stm32.10.3-2021.10.win32_1.0.200.202301161003/tools/bin/../lib/gcc/arm-none-eabi/10.3.1/../../../../arm-none-eabi/lib/thumb/v7e-m+fp/hard/crt0.o
LOAD ./Core/Src/enable.o
LOAD ./Core/Src/general_functions.o
LOAD ./Core/Src/idle_state.o
LOAD ./Core/Src/io_manager.o
LOAD ./Core/Src/main.o
LOAD ./Core/Src/startup_state.o
LOAD ./Core/Src/state_all.o
LOAD ./Core/Src/state_machine.o
LOAD ./Core/Src/stm32l4xx_hal_msp.o
LOAD ./Core/Src/stm32l4xx_it.o
LOAD ./Core/Src/syscalls.o
LOAD ./Core/Src/system_stm32l4xx.o
LOAD ./Core/Src/time_manager.o
LOAD ./Core/Src/uart_manager.o
LOAD ./Drivers/BSP/source/cs42l51.o
LOAD ./Drivers/BSP/source/cs43l22.o
LOAD ./Drivers/BSP/source/cy8c4014lqi.o
LOAD ./Drivers/BSP/source/ft3x67.o
LOAD ./Drivers/BSP/source/ft5336.o
LOAD ./Drivers/BSP/source/ft6x06.o
LOAD ./Drivers/BSP/source/hts221.o
LOAD ./Drivers/BSP/source/hx8347g.o
LOAD ./Drivers/BSP/source/hx8347i.o
LOAD ./Drivers/BSP/source/l3gd20.o
LOAD ./Drivers/BSP/source/lis3mdl.o
LOAD ./Drivers/BSP/source/lps22hb.o
LOAD ./Drivers/BSP/source/ls016b8uy.o
LOAD ./Drivers/BSP/source/lsm303c.o
LOAD ./Drivers/BSP/source/lsm303dlhc.o
LOAD ./Drivers/BSP/source/lsm6dsl.o
LOAD ./Drivers/BSP/source/m24sr.o
LOAD ./Drivers/BSP/source/mfxstm32l152.o
LOAD ./Drivers/BSP/source/ov9655.o
LOAD ./Drivers/BSP/source/st25dv.o
LOAD ./Drivers/BSP/source/st25dv_reg.o
LOAD ./Drivers/BSP/source/st7735.o
LOAD ./Drivers/BSP/source/st7789h2.o
LOAD ./Drivers/BSP/source/stm32l475e_iot01.o
LOAD ./Drivers/BSP/source/stm32l475e_iot01_accelero.o
LOAD ./Drivers/BSP/source/stm32l475e_iot01_gyro.o
LOAD ./Drivers/BSP/source/stm32l475e_iot01_hsensor.o
LOAD ./Drivers/BSP/source/stm32l475e_iot01_magneto.o
LOAD ./Drivers/BSP/source/stm32l475e_iot01_psensor.o
LOAD ./Drivers/BSP/source/stm32l475e_iot01_tsensor.o
LOAD ./Drivers/BSP/source/stmpe1600.o
LOAD ./Drivers/BSP/source/stmpe811.o
LOAD ./Drivers/BSP/source/wm8994.o
LOAD ./Drivers/STM32L4xx_HAL_Driver/Src/stm32l4xx_hal.o
LOAD ./Drivers/STM32L4xx_HAL_Driver/Src/stm32l4xx_hal_cortex.o
LOAD ./Drivers/STM32L4xx_HAL_Driver/Src/stm32l4xx_hal_dfsdm.o
LOAD ./Drivers/STM32L4xx_HAL_Driver/Src/stm32l4xx_hal_dma.o
LOAD ./Drivers/STM32L4xx_HAL_Driver/Src/stm32l4xx_hal_dma_ex.o
LOAD ./Drivers/STM32L4xx_HAL_Driver/Src/stm32l4xx_hal_exti.o
LOAD ./Drivers/STM32L4xx_HAL_Driver/Src/stm32l4xx_hal_flash.o
LOAD ./Drivers/STM32L4xx_HAL_Driver/Src/stm32l4xx_hal_flash_ex.o
LOAD ./Drivers/STM32L4xx_HAL_Driver/Src/stm32l4xx_hal_flash_ramfunc.o
LOAD ./Drivers/STM32L4xx_HAL_Driver/Src/stm32l4xx_hal_gpio.o
LOAD ./Drivers/STM32L4xx_HAL_Driver/Src/stm32l4xx_hal_i2c.o
LOAD ./Drivers/STM32L4xx_HAL_Driver/Src/stm32l4xx_hal_i2c_ex.o
LOAD ./Drivers/STM32L4xx_HAL_Driver/Src/stm32l4xx_hal_lcd.o
LOAD ./Drivers/STM32L4xx_HAL_Driver/Src/stm32l4xx_hal_lptim.o
LOAD ./Drivers/STM32L4xx_HAL_Driver/Src/stm32l4xx_hal_pwr.o
LOAD ./Drivers/STM32L4xx_HAL_Driver/Src/stm32l4xx_hal_pwr_ex.o
LOAD ./Drivers/STM32L4xx_HAL_Driver/Src/stm32l4xx_hal_qspi.o
LOAD ./Drivers/STM32L4xx_HAL_Driver/Src/stm32l4xx_hal_rcc.o
LOAD ./Drivers/STM32L4xx_HAL_Driver/Src/stm32l4xx_hal_rcc_ex.o
LOAD ./Drivers/STM32L4xx_HAL_Driver/Src/stm32l4xx_hal_rtc.o
LOAD ./Drivers/STM32L4xx_HAL_Driver/Src/stm32l4xx_hal_rtc_ex.o
LOAD ./Drivers/STM32L4xx_HAL_Driver/Src/stm32l4xx_hal_sai.o
LOAD ./Drivers/STM32L4xx_HAL_Driver/Src/stm32l4xx_hal_spi.o
LOAD ./Drivers/STM32L4xx_HAL_Driver/Src/stm32l4xx_hal_spi_ex.o
LOAD ./Drivers/STM32L4xx_HAL_Driver/Src/stm32l4xx_hal_sram.o
LOAD ./Drivers/STM32L4xx_HAL_Driver/Src/stm32l4xx_hal_swpmi.o
LOAD ./Drivers/STM32L4xx_HAL_Driver/Src/stm32l4xx_hal_tim.o
LOAD ./Drivers/STM32L4xx_HAL_Driver/Src/stm32l4xx_hal_tim_ex.o
LOAD ./Drivers/STM32L4xx_HAL_Driver/Src/stm32l4xx_hal_uart.o
LOAD ./Drivers/STM32L4xx_HAL_Driver/Src/stm32l4xx_hal_uart_ex.o
LOAD ./Drivers/STM32L4xx_HAL_Driver/Src/stm32l4xx_ll_fmc.o
LOAD ./Drivers/STM32L4xx_HAL_Driver/Src/stm32l4xx_ll_sdmmc.o
LOAD ./Drivers/STM32L4xx_HAL_Driver/Src/stm32l4xx_ll_usb.o
LOAD ./startup/startup_stm32l475xx.o
START GROUP
LOAD c:/st/stm32cubeide_1.12.1/stm32cubeide/plugins/com.st.stm32cube.ide.mcu.externaltools.gnu-tools-for-stm32.10.3-2021.10.win32_1.0.200.202301161003/tools/bin/../lib/gcc/arm-none-eabi/10.3.1/../../../../arm-none-eabi/lib/thumb/v7e-m+fp/hard\libc_nano.a
LOAD c:/st/stm32cubeide_1.12.1/stm32cubeide/plugins/com.st.stm32cube.ide.mcu.externaltools.gnu-tools-for-stm32.10.3-2021.10.win32_1.0.200.202301161003/tools/bin/../lib/gcc/arm-none-eabi/10.3.1/../../../../arm-none-eabi/lib/thumb/v7e-m+fp/hard\libm.a
END GROUP
START GROUP
LOAD c:/st/stm32cubeide_1.12.1/stm32cubeide/plugins/com.st.stm32cube.ide.mcu.externaltools.gnu-tools-for-stm32.10.3-2021.10.win32_1.0.200.202301161003/tools/bin/../lib/gcc/arm-none-eabi/10.3.1/thumb/v7e-m+fp/hard\libgcc.a
LOAD c:/st/stm32cubeide_1.12.1/stm32cubeide/plugins/com.st.stm32cube.ide.mcu.externaltools.gnu-tools-for-stm32.10.3-2021.10.win32_1.0.200.202301161003/tools/bin/../lib/gcc/arm-none-eabi/10.3.1/../../../../arm-none-eabi/lib/thumb/v7e-m+fp/hard\libc_nano.a
END GROUP
START GROUP
LOAD c:/st/stm32cubeide_1.12.1/stm32cubeide/plugins/com.st.stm32cube.ide.mcu.externaltools.gnu-tools-for-stm32.10.3-2021.10.win32_1.0.200.202301161003/tools/bin/../lib/gcc/arm-none-eabi/10.3.1/thumb/v7e-m+fp/hard\libgcc.a
LOAD c:/st/stm32cubeide_1.12.1/stm32cubeide/plugins/com.st.stm32cube.ide.mcu.externaltools.gnu-tools-for-stm32.10.3-2021.10.win32_1.0.200.202301161003/tools/bin/../lib/gcc/arm-none-eabi/10.3.1/../../../../arm-none-eabi/lib/thumb/v7e-m+fp/hard\libc_nano.a
LOAD c:/st/stm32cubeide_1.12.1/stm32cubeide/plugins/com.st.stm32cube.ide.mcu.externaltools.gnu-tools-for-stm32.10.3-2021.10.win32_1.0.200.202301161003/tools/bin/../lib/gcc/arm-none-eabi/10.3.1/../../../../arm-none-eabi/lib/thumb/v7e-m+fp/hard\libnosys.a
END GROUP
START GROUP
LOAD c:/st/stm32cubeide_1.12.1/stm32cubeide/plugins/com.st.stm32cube.ide.mcu.externaltools.gnu-tools-for-stm32.10.3-2021.10.win32_1.0.200.202301161003/tools/bin/../lib/gcc/arm-none-eabi/10.3.1/thumb/v7e-m+fp/hard\libgcc.a
LOAD c:/st/stm32cubeide_1.12.1/stm32cubeide/plugins/com.st.stm32cube.ide.mcu.externaltools.gnu-tools-for-stm32.10.3-2021.10.win32_1.0.200.202301161003/tools/bin/../lib/gcc/arm-none-eabi/10.3.1/../../../../arm-none-eabi/lib/thumb/v7e-m+fp/hard\libc_nano.a
LOAD c:/st/stm32cubeide_1.12.1/stm32cubeide/plugins/com.st.stm32cube.ide.mcu.externaltools.gnu-tools-for-stm32.10.3-2021.10.win32_1.0.200.202301161003/tools/bin/../lib/gcc/arm-none-eabi/10.3.1/../../../../arm-none-eabi/lib/thumb/v7e-m+fp/hard\libnosys.a
END GROUP
LOAD c:/st/stm32cubeide_1.12.1/stm32cubeide/plugins/com.st.stm32cube.ide.mcu.externaltools.gnu-tools-for-stm32.10.3-2021.10.win32_1.0.200.202301161003/tools/bin/../lib/gcc/arm-none-eabi/10.3.1/thumb/v7e-m+fp/hard/crtend.o
LOAD c:/st/stm32cubeide_1.12.1/stm32cubeide/plugins/com.st.stm32cube.ide.mcu.externaltools.gnu-tools-for-stm32.10.3-2021.10.win32_1.0.200.202301161003/tools/bin/../lib/gcc/arm-none-eabi/10.3.1/thumb/v7e-m+fp/hard/crtn.o
                0x0000000020018000                _estack = 0x20018000
                0x0000000000000200                _Min_Heap_Size = 0x200
                0x0000000000000400                _Min_Stack_Size = 0x400

.isr_vector     0x0000000008000000      0x188
                0x0000000008000000                . = ALIGN (0x8)
 *(.isr_vector)
 .isr_vector    0x0000000008000000      0x188 ./startup/startup_stm32l475xx.o
                0x0000000008000000                g_pfnVectors
                0x0000000008000188                . = ALIGN (0x8)

.text           0x0000000008000190     0x6c68
                0x0000000008000190                . = ALIGN (0x8)
 *(.text)
 .text          0x0000000008000190       0x40 c:/st/stm32cubeide_1.12.1/stm32cubeide/plugins/com.st.stm32cube.ide.mcu.externaltools.gnu-tools-for-stm32.10.3-2021.10.win32_1.0.200.202301161003/tools/bin/../lib/gcc/arm-none-eabi/10.3.1/thumb/v7e-m+fp/hard/crtbegin.o
 .text          0x00000000080001d0       0x10 c:/st/stm32cubeide_1.12.1/stm32cubeide/plugins/com.st.stm32cube.ide.mcu.externaltools.gnu-tools-for-stm32.10.3-2021.10.win32_1.0.200.202301161003/tools/bin/../lib/gcc/arm-none-eabi/10.3.1/../../../../arm-none-eabi/lib/thumb/v7e-m+fp/hard\libc_nano.a(lib_a-strlen.o)
                0x00000000080001d0                strlen
 .text          0x00000000080001e0       0xa0 c:/st/stm32cubeide_1.12.1/stm32cubeide/plugins/com.st.stm32cube.ide.mcu.externaltools.gnu-tools-for-stm32.10.3-2021.10.win32_1.0.200.202301161003/tools/bin/../lib/gcc/arm-none-eabi/10.3.1/../../../../arm-none-eabi/lib/thumb/v7e-m+fp/hard\libc_nano.a(lib_a-memchr.o)
                0x00000000080001e0                memchr
 .text          0x0000000008000280      0x378 c:/st/stm32cubeide_1.12.1/stm32cubeide/plugins/com.st.stm32cube.ide.mcu.externaltools.gnu-tools-for-stm32.10.3-2021.10.win32_1.0.200.202301161003/tools/bin/../lib/gcc/arm-none-eabi/10.3.1/thumb/v7e-m+fp/hard\libgcc.a(_arm_addsubdf3.o)
                0x0000000008000280                __aeabi_drsub
                0x0000000008000288                __aeabi_dsub
                0x0000000008000288                __subdf3
                0x000000000800028c                __aeabi_dadd
                0x000000000800028c                __adddf3
                0x0000000008000504                __floatunsidf
                0x0000000008000504                __aeabi_ui2d
                0x0000000008000524                __floatsidf
                0x0000000008000524                __aeabi_i2d
                0x0000000008000548                __aeabi_f2d
                0x0000000008000548                __extendsfdf2
                0x000000000800058c                __floatundidf
                0x000000000800058c                __aeabi_ul2d
                0x000000000800059c                __floatdidf
                0x000000000800059c                __aeabi_l2d
 .text          0x00000000080005f8       0x30 c:/st/stm32cubeide_1.12.1/stm32cubeide/plugins/com.st.stm32cube.ide.mcu.externaltools.gnu-tools-for-stm32.10.3-2021.10.win32_1.0.200.202301161003/tools/bin/../lib/gcc/arm-none-eabi/10.3.1/thumb/v7e-m+fp/hard\libgcc.a(_aeabi_uldivmod.o)
                0x00000000080005f8                __aeabi_uldivmod
 .text          0x0000000008000628      0x2d0 c:/st/stm32cubeide_1.12.1/stm32cubeide/plugins/com.st.stm32cube.ide.mcu.externaltools.gnu-tools-for-stm32.10.3-2021.10.win32_1.0.200.202301161003/tools/bin/../lib/gcc/arm-none-eabi/10.3.1/thumb/v7e-m+fp/hard\libgcc.a(_udivmoddi4.o)
                0x0000000008000628                __udivmoddi4
 .text          0x00000000080008f8        0x4 c:/st/stm32cubeide_1.12.1/stm32cubeide/plugins/com.st.stm32cube.ide.mcu.externaltools.gnu-tools-for-stm32.10.3-2021.10.win32_1.0.200.202301161003/tools/bin/../lib/gcc/arm-none-eabi/10.3.1/thumb/v7e-m+fp/hard\libgcc.a(_dvmd_tls.o)
                0x00000000080008f8                __aeabi_idiv0
                0x00000000080008f8                __aeabi_ldiv0
 *(.text*)
 .text.fetchBleEvent
                0x00000000080008fc       0xf0 ./Core/Src/enable.o
                0x00000000080008fc                fetchBleEvent
 .text.checkEventResp
                0x00000000080009ec       0x2a ./Core/Src/enable.o
                0x00000000080009ec                checkEventResp
 *fill*         0x0000000008000a16        0x2 
 .text.sendCommand
                0x0000000008000a18       0x80 ./Core/Src/enable.o
                0x0000000008000a18                sendCommand
 .text.setConnectable
                0x0000000008000a98       0xc8 ./Core/Src/enable.o
                0x0000000008000a98                setConnectable
 .text.catchBLE
                0x0000000008000b60       0x28 ./Core/Src/enable.o
                0x0000000008000b60                catchBLE
 .text.BLE_command
                0x0000000008000b88       0x64 ./Core/Src/enable.o
                0x0000000008000b88                BLE_command
 .text.addService
                0x0000000008000bec       0x68 ./Core/Src/enable.o
                0x0000000008000bec                addService
 .text.addCharacteristic
                0x0000000008000c54       0x7c ./Core/Src/enable.o
                0x0000000008000c54                addCharacteristic
 .text.updateCharValue
                0x0000000008000cd0       0x84 ./Core/Src/enable.o
                0x0000000008000cd0                updateCharValue
 .text.ble_init
                0x0000000008000d54      0x3a8 ./Core/Src/enable.o
                0x0000000008000d54                ble_init
 .text.updateSignedMillesimal
                0x00000000080010fc      0x198 ./Core/Src/enable.o
                0x00000000080010fc                updateSignedMillesimal
 .text.updateSignedFloat
                0x0000000008001294      0x1ac ./Core/Src/enable.o
                0x0000000008001294                updateSignedFloat
 .text.blink    0x0000000008001440       0x1c ./Core/Src/idle_state.o
                0x0000000008001440                blink
 .text.testBSPfunctions
                0x000000000800145c      0x114 ./Core/Src/idle_state.o
                0x000000000800145c                testBSPfunctions
 .text.idle_enter
                0x0000000008001570       0x38 ./Core/Src/idle_state.o
                0x0000000008001570                idle_enter
 .text.idle_beforeLoop
                0x00000000080015a8       0x40 ./Core/Src/idle_state.o
                0x00000000080015a8                idle_beforeLoop
 .text.idle_loop
                0x00000000080015e8      0x184 ./Core/Src/idle_state.o
                0x00000000080015e8                idle_loop
 .text.idle_afterLoop
                0x000000000800176c        0x2 ./Core/Src/idle_state.o
                0x000000000800176c                idle_afterLoop
 *fill*         0x000000000800176e        0x2 
 .text.bspFunctionInit
                0x0000000008001770       0x3c ./Core/Src/io_manager.o
                0x0000000008001770                bspFunctionInit
 .text.setMappedFunction
                0x00000000080017ac       0x24 ./Core/Src/io_manager.o
                0x00000000080017ac                setMappedFunction
 .text.setDigital
                0x00000000080017d0       0x20 ./Core/Src/io_manager.o
                0x00000000080017d0                setDigital
 .text.readDigital
                0x00000000080017f0       0x24 ./Core/Src/io_manager.o
                0x00000000080017f0                readDigital
 .text.bspGetValue
                0x0000000008001814       0x20 ./Core/Src/io_manager.o
                0x0000000008001814                bspGetValue
 .text.bspGetTripleValue
                0x0000000008001834       0x64 ./Core/Src/io_manager.o
                0x0000000008001834                bspGetTripleValue
 .text.MX_GPIO_Init
                0x0000000008001898      0x13c ./Core/Src/main.o
 .text.Error_Handler
                0x00000000080019d4        0x4 ./Core/Src/main.o
                0x00000000080019d4                Error_Handler
 .text.MX_SPI3_Init
                0x00000000080019d8       0x48 ./Core/Src/main.o
 .text.MX_I2C2_Init
                0x0000000008001a20       0x5c ./Core/Src/main.o
 .text.MX_TIM6_Init
                0x0000000008001a7c       0x60 ./Core/Src/main.o
 .text.MX_TIM15_Init
                0x0000000008001adc       0xc4 ./Core/Src/main.o
 .text.SystemClock_Config
                0x0000000008001ba0       0x7c ./Core/Src/main.o
                0x0000000008001ba0                SystemClock_Config
 .text.main     0x0000000008001c1c       0x2a ./Core/Src/main.o
                0x0000000008001c1c                main
 *fill*         0x0000000008001c46        0x2 
 .text.startup_enter
                0x0000000008001c48      0x13c ./Core/Src/startup_state.o
                0x0000000008001c48                startup_enter
 .text.startup_beforeLoop
                0x0000000008001d84        0x2 ./Core/Src/startup_state.o
                0x0000000008001d84                startup_beforeLoop
 .text.startup_loop
                0x0000000008001d86        0x2 ./Core/Src/startup_state.o
                0x0000000008001d86                startup_loop
 .text.startup_afterLoop
                0x0000000008001d88        0x2 ./Core/Src/startup_state.o
                0x0000000008001d88                startup_afterLoop
 *fill*         0x0000000008001d8a        0x2 
 .text.externalSetup
                0x0000000008001d8c       0x44 ./Core/Src/state_all.o
                0x0000000008001d8c                externalSetup
 .text.isValidState
                0x0000000008001dd0        0xe ./Core/Src/state_machine.o
                0x0000000008001dd0                isValidState
 *fill*         0x0000000008001dde        0x2 
 .text.setState
                0x0000000008001de0       0x1c ./Core/Src/state_machine.o
                0x0000000008001de0                setState
 .text.setStateTimeout
                0x0000000008001dfc       0x30 ./Core/Src/state_machine.o
                0x0000000008001dfc                setStateTimeout
 .text.setup    0x0000000008001e2c       0x88 ./Core/Src/state_machine.o
                0x0000000008001e2c                setup
 .text.loop     0x0000000008001eb4      0x104 ./Core/Src/state_machine.o
                0x0000000008001eb4                loop
 .text.HAL_MspInit
                0x0000000008001fb8       0x30 ./Core/Src/stm32l4xx_hal_msp.o
                0x0000000008001fb8                HAL_MspInit
 .text.HAL_I2C_MspInit
                0x0000000008001fe8       0x70 ./Core/Src/stm32l4xx_hal_msp.o
                0x0000000008001fe8                HAL_I2C_MspInit
 .text.HAL_I2C_MspDeInit
                0x0000000008002058       0x3c ./Core/Src/stm32l4xx_hal_msp.o
                0x0000000008002058                HAL_I2C_MspDeInit
 .text.HAL_SPI_MspInit
                0x0000000008002094       0x6c ./Core/Src/stm32l4xx_hal_msp.o
                0x0000000008002094                HAL_SPI_MspInit
 .text.HAL_TIM_Base_MspInit
                0x0000000008002100       0x40 ./Core/Src/stm32l4xx_hal_msp.o
                0x0000000008002100                HAL_TIM_Base_MspInit
 .text.HAL_TIM_PWM_MspInit
                0x0000000008002140       0x2c ./Core/Src/stm32l4xx_hal_msp.o
                0x0000000008002140                HAL_TIM_PWM_MspInit
 .text.HAL_TIM_MspPostInit
                0x000000000800216c       0x54 ./Core/Src/stm32l4xx_hal_msp.o
                0x000000000800216c                HAL_TIM_MspPostInit
 .text.NMI_Handler
                0x00000000080021c0        0x2 ./Core/Src/stm32l4xx_it.o
                0x00000000080021c0                NMI_Handler
 .text.HardFault_Handler
                0x00000000080021c2        0x2 ./Core/Src/stm32l4xx_it.o
                0x00000000080021c2                HardFault_Handler
 .text.MemManage_Handler
                0x00000000080021c4        0x2 ./Core/Src/stm32l4xx_it.o
                0x00000000080021c4                MemManage_Handler
 .text.BusFault_Handler
                0x00000000080021c6        0x2 ./Core/Src/stm32l4xx_it.o
                0x00000000080021c6                BusFault_Handler
 .text.UsageFault_Handler
                0x00000000080021c8        0x2 ./Core/Src/stm32l4xx_it.o
                0x00000000080021c8                UsageFault_Handler
 .text.SVC_Handler
                0x00000000080021ca        0x2 ./Core/Src/stm32l4xx_it.o
                0x00000000080021ca                SVC_Handler
 .text.DebugMon_Handler
                0x00000000080021cc        0x2 ./Core/Src/stm32l4xx_it.o
                0x00000000080021cc                DebugMon_Handler
 .text.PendSV_Handler
                0x00000000080021ce        0x2 ./Core/Src/stm32l4xx_it.o
                0x00000000080021ce                PendSV_Handler
 .text.SysTick_Handler
                0x00000000080021d0        0x8 ./Core/Src/stm32l4xx_it.o
                0x00000000080021d0                SysTick_Handler
 .text.EXTI9_5_IRQHandler
                0x00000000080021d8       0x14 ./Core/Src/stm32l4xx_it.o
                0x00000000080021d8                EXTI9_5_IRQHandler
 .text.TIM6_DAC_IRQHandler
                0x00000000080021ec       0x18 ./Core/Src/stm32l4xx_it.o
                0x00000000080021ec                TIM6_DAC_IRQHandler
 .text._sbrk    0x0000000008002204       0x3c ./Core/Src/syscalls.o
                0x0000000008002204                _sbrk
 .text.SystemInit
                0x0000000008002240       0x48 ./Core/Src/system_stm32l4xx.o
                0x0000000008002240                SystemInit
 .text.resetDeltaTime
                0x0000000008002288       0x10 ./Core/Src/time_manager.o
                0x0000000008002288                resetDeltaTime
 .text.isValidTimer
                0x0000000008002298        0x8 ./Core/Src/time_manager.o
                0x0000000008002298                isValidTimer
 .text.initTimers
                0x00000000080022a0       0x3c ./Core/Src/time_manager.o
                0x00000000080022a0                initTimers
 *fill*         0x00000000080022dc        0x4 
 .text.setTimer
                0x00000000080022e0       0x54 ./Core/Src/time_manager.o
                0x00000000080022e0                setTimer
 .text.setStateMachineTimer
                0x0000000008002334       0x14 ./Core/Src/time_manager.o
                0x0000000008002334                setStateMachineTimer
 .text.sleep    0x0000000008002348       0xac ./Core/Src/time_manager.o
                0x0000000008002348                sleep
 .text.concat   0x00000000080023f4       0x26 ./Core/Src/uart_manager.o
 *fill*         0x000000000800241a        0x2 
 .text.reset    0x000000000800241c       0x18 ./Core/Src/uart_manager.o
 .text.sendMessage
                0x0000000008002434       0x24 ./Core/Src/uart_manager.o
                0x0000000008002434                sendMessage
 .text.appendMessage
                0x0000000008002458       0x14 ./Core/Src/uart_manager.o
                0x0000000008002458                appendMessage
 .text.uart_init
                0x000000000800246c       0x3c ./Core/Src/uart_manager.o
                0x000000000800246c                uart_init
 .text.HTS221_H_Init
                0x00000000080024a8       0x1e ./Drivers/BSP/source/hts221.o
                0x00000000080024a8                HTS221_H_Init
 .text.HTS221_T_Init
                0x00000000080024c6       0x1e ./Drivers/BSP/source/hts221.o
                0x00000000080024c6                HTS221_T_Init
 .text.HTS221_H_ReadID
                0x00000000080024e4       0x12 ./Drivers/BSP/source/hts221.o
                0x00000000080024e4                HTS221_H_ReadID
 *fill*         0x00000000080024f6        0x2 
 .text.HTS221_H_ReadHumidity
                0x00000000080024f8       0xe4 ./Drivers/BSP/source/hts221.o
                0x00000000080024f8                HTS221_H_ReadHumidity
 .text.HTS221_T_ReadTemp
                0x00000000080025dc       0xb6 ./Drivers/BSP/source/hts221.o
                0x00000000080025dc                HTS221_T_ReadTemp
 .text.LIS3MDL_MagInit
                0x0000000008002692       0x4c ./Drivers/BSP/source/lis3mdl.o
                0x0000000008002692                LIS3MDL_MagInit
 .text.LIS3MDL_MagDeInit
                0x00000000080026de       0x1c ./Drivers/BSP/source/lis3mdl.o
                0x00000000080026de                LIS3MDL_MagDeInit
 .text.LIS3MDL_MagLowPower
                0x00000000080026fa       0x20 ./Drivers/BSP/source/lis3mdl.o
                0x00000000080026fa                LIS3MDL_MagLowPower
 .text.LIS3MDL_MagReadID
                0x000000000800271a       0x10 ./Drivers/BSP/source/lis3mdl.o
                0x000000000800271a                LIS3MDL_MagReadID
 *fill*         0x000000000800272a        0x2 
 .text.LIS3MDL_MagReadXYZ
                0x000000000800272c       0xc0 ./Drivers/BSP/source/lis3mdl.o
                0x000000000800272c                LIS3MDL_MagReadXYZ
 .text.LPS22HB_P_ReadPressure
                0x00000000080027ec       0x7c ./Drivers/BSP/source/lps22hb.o
                0x00000000080027ec                LPS22HB_P_ReadPressure
 .text.LPS22HB_T_ReadTemp
                0x0000000008002868       0x58 ./Drivers/BSP/source/lps22hb.o
                0x0000000008002868                LPS22HB_T_ReadTemp
 .text.LPS22HB_Init
                0x00000000080028c0       0x36 ./Drivers/BSP/source/lps22hb.o
 .text.LPS22HB_P_Init
                0x00000000080028f6        0x8 ./Drivers/BSP/source/lps22hb.o
                0x00000000080028f6                LPS22HB_P_Init
 .text.LPS22HB_T_Init
                0x00000000080028fe        0x8 ./Drivers/BSP/source/lps22hb.o
                0x00000000080028fe                LPS22HB_T_Init
 .text.LPS22HB_P_ReadID
                0x0000000008002906       0x12 ./Drivers/BSP/source/lps22hb.o
                0x0000000008002906                LPS22HB_P_ReadID
 .text.LSM6DSL_AccInit
                0x0000000008002918       0x36 ./Drivers/BSP/source/lsm6dsl.o
                0x0000000008002918                LSM6DSL_AccInit
 .text.LSM6DSL_AccDeInit
                0x000000000800294e       0x18 ./Drivers/BSP/source/lsm6dsl.o
                0x000000000800294e                LSM6DSL_AccDeInit
 .text.LSM6DSL_AccLowPower
                0x0000000008002966       0x20 ./Drivers/BSP/source/lsm6dsl.o
                0x0000000008002966                LSM6DSL_AccLowPower
 .text.LSM6DSL_GyroInit
                0x0000000008002986       0x36 ./Drivers/BSP/source/lsm6dsl.o
                0x0000000008002986                LSM6DSL_GyroInit
 .text.LSM6DSL_GyroDeInit
                0x00000000080029bc       0x18 ./Drivers/BSP/source/lsm6dsl.o
                0x00000000080029bc                LSM6DSL_GyroDeInit
 .text.LSM6DSL_GyroLowPower
                0x00000000080029d4       0x20 ./Drivers/BSP/source/lsm6dsl.o
                0x00000000080029d4                LSM6DSL_GyroLowPower
 .text.LSM6DSL_AccReadID
                0x00000000080029f4       0x10 ./Drivers/BSP/source/lsm6dsl.o
                0x00000000080029f4                LSM6DSL_AccReadID
 .text.LSM6DSL_GyroReadID
                0x0000000008002a04       0x10 ./Drivers/BSP/source/lsm6dsl.o
                0x0000000008002a04                LSM6DSL_GyroReadID
 .text.LSM6DSL_AccReadXYZ
                0x0000000008002a14       0xc0 ./Drivers/BSP/source/lsm6dsl.o
                0x0000000008002a14                LSM6DSL_AccReadXYZ
 .text.LSM6DSL_GyroReadXYZAngRate
                0x0000000008002ad4       0xbc ./Drivers/BSP/source/lsm6dsl.o
                0x0000000008002ad4                LSM6DSL_GyroReadXYZAngRate
 .text.I2Cx_MspInit
                0x0000000008002b90       0x90 ./Drivers/BSP/source/stm32l475e_iot01.o
 .text.I2Cx_Init
                0x0000000008002c20       0x38 ./Drivers/BSP/source/stm32l475e_iot01.o
 .text.I2Cx_Error
                0x0000000008002c58       0x10 ./Drivers/BSP/source/stm32l475e_iot01.o
 .text.I2Cx_WriteMultiple
                0x0000000008002c68       0x32 ./Drivers/BSP/source/stm32l475e_iot01.o
 .text.I2Cx_ReadMultiple
                0x0000000008002c9a       0x32 ./Drivers/BSP/source/stm32l475e_iot01.o
 .text.SENSOR_IO_Init
                0x0000000008002ccc       0x10 ./Drivers/BSP/source/stm32l475e_iot01.o
                0x0000000008002ccc                SENSOR_IO_Init
 .text.SENSOR_IO_Write
                0x0000000008002cdc       0x28 ./Drivers/BSP/source/stm32l475e_iot01.o
                0x0000000008002cdc                SENSOR_IO_Write
 .text.SENSOR_IO_Read
                0x0000000008002d04       0x2c ./Drivers/BSP/source/stm32l475e_iot01.o
                0x0000000008002d04                SENSOR_IO_Read
 .text.SENSOR_IO_ReadMultiple
                0x0000000008002d30       0x20 ./Drivers/BSP/source/stm32l475e_iot01.o
                0x0000000008002d30                SENSOR_IO_ReadMultiple
 .text.BSP_ACCELERO_Init
                0x0000000008002d50       0x4c ./Drivers/BSP/source/stm32l475e_iot01_accelero.o
                0x0000000008002d50                BSP_ACCELERO_Init
 .text.BSP_ACCELERO_AccGetXYZ
                0x0000000008002d9c       0x14 ./Drivers/BSP/source/stm32l475e_iot01_accelero.o
                0x0000000008002d9c                BSP_ACCELERO_AccGetXYZ
 .text.BSP_GYRO_Init
                0x0000000008002db0       0x54 ./Drivers/BSP/source/stm32l475e_iot01_gyro.o
                0x0000000008002db0                BSP_GYRO_Init
 .text.BSP_GYRO_GetXYZ
                0x0000000008002e04       0x14 ./Drivers/BSP/source/stm32l475e_iot01_gyro.o
                0x0000000008002e04                BSP_GYRO_GetXYZ
 .text.BSP_HSENSOR_Init
                0x0000000008002e18       0x2c ./Drivers/BSP/source/stm32l475e_iot01_hsensor.o
                0x0000000008002e18                BSP_HSENSOR_Init
 .text.BSP_HSENSOR_ReadHumidity
                0x0000000008002e44       0x14 ./Drivers/BSP/source/stm32l475e_iot01_hsensor.o
                0x0000000008002e44                BSP_HSENSOR_ReadHumidity
 .text.BSP_MAGNETO_Init
                0x0000000008002e58       0x4c ./Drivers/BSP/source/stm32l475e_iot01_magneto.o
                0x0000000008002e58                BSP_MAGNETO_Init
 .text.BSP_MAGNETO_GetXYZ
                0x0000000008002ea4       0x14 ./Drivers/BSP/source/stm32l475e_iot01_magneto.o
                0x0000000008002ea4                BSP_MAGNETO_GetXYZ
 .text.BSP_PSENSOR_Init
                0x0000000008002eb8       0x2c ./Drivers/BSP/source/stm32l475e_iot01_psensor.o
                0x0000000008002eb8                BSP_PSENSOR_Init
 .text.BSP_PSENSOR_ReadPressure
                0x0000000008002ee4       0x14 ./Drivers/BSP/source/stm32l475e_iot01_psensor.o
                0x0000000008002ee4                BSP_PSENSOR_ReadPressure
 .text.BSP_TSENSOR_Init
                0x0000000008002ef8       0x24 ./Drivers/BSP/source/stm32l475e_iot01_tsensor.o
                0x0000000008002ef8                BSP_TSENSOR_Init
 .text.BSP_TSENSOR_ReadTemp
                0x0000000008002f1c       0x14 ./Drivers/BSP/source/stm32l475e_iot01_tsensor.o
                0x0000000008002f1c                BSP_TSENSOR_ReadTemp
 .text.HAL_InitTick
                0x0000000008002f30       0x4c ./Drivers/STM32L4xx_HAL_Driver/Src/stm32l4xx_hal.o
                0x0000000008002f30                HAL_InitTick
 .text.HAL_Init
                0x0000000008002f7c       0x1e ./Drivers/STM32L4xx_HAL_Driver/Src/stm32l4xx_hal.o
                0x0000000008002f7c                HAL_Init
 *fill*         0x0000000008002f9a        0x2 
 .text.HAL_IncTick
                0x0000000008002f9c       0x18 ./Drivers/STM32L4xx_HAL_Driver/Src/stm32l4xx_hal.o
                0x0000000008002f9c                HAL_IncTick
 .text.HAL_GetTick
                0x0000000008002fb4        0xc ./Drivers/STM32L4xx_HAL_Driver/Src/stm32l4xx_hal.o
                0x0000000008002fb4                HAL_GetTick
 .text.HAL_Delay
                0x0000000008002fc0       0x28 ./Drivers/STM32L4xx_HAL_Driver/Src/stm32l4xx_hal.o
                0x0000000008002fc0                HAL_Delay
 .text.HAL_NVIC_SetPriorityGrouping
                0x0000000008002fe8       0x24 ./Drivers/STM32L4xx_HAL_Driver/Src/stm32l4xx_hal_cortex.o
                0x0000000008002fe8                HAL_NVIC_SetPriorityGrouping
 .text.HAL_NVIC_SetPriority
                0x000000000800300c       0x70 ./Drivers/STM32L4xx_HAL_Driver/Src/stm32l4xx_hal_cortex.o
                0x000000000800300c                HAL_NVIC_SetPriority
 .text.HAL_NVIC_EnableIRQ
                0x000000000800307c       0x1c ./Drivers/STM32L4xx_HAL_Driver/Src/stm32l4xx_hal_cortex.o
                0x000000000800307c                HAL_NVIC_EnableIRQ
 .text.HAL_SYSTICK_Config
                0x0000000008003098       0x28 ./Drivers/STM32L4xx_HAL_Driver/Src/stm32l4xx_hal_cortex.o
                0x0000000008003098                HAL_SYSTICK_Config
 .text.HAL_GPIO_Init
                0x00000000080030c0      0x1dc ./Drivers/STM32L4xx_HAL_Driver/Src/stm32l4xx_hal_gpio.o
                0x00000000080030c0                HAL_GPIO_Init
 .text.HAL_GPIO_DeInit
                0x000000000800329c      0x130 ./Drivers/STM32L4xx_HAL_Driver/Src/stm32l4xx_hal_gpio.o
                0x000000000800329c                HAL_GPIO_DeInit
 .text.HAL_GPIO_ReadPin
                0x00000000080033cc        0xe ./Drivers/STM32L4xx_HAL_Driver/Src/stm32l4xx_hal_gpio.o
                0x00000000080033cc                HAL_GPIO_ReadPin
 .text.HAL_GPIO_WritePin
                0x00000000080033da        0xa ./Drivers/STM32L4xx_HAL_Driver/Src/stm32l4xx_hal_gpio.o
                0x00000000080033da                HAL_GPIO_WritePin
 .text.HAL_GPIO_EXTI_Callback
                0x00000000080033e4        0x2 ./Drivers/STM32L4xx_HAL_Driver/Src/stm32l4xx_hal_gpio.o
                0x00000000080033e4                HAL_GPIO_EXTI_Callback
 *fill*         0x00000000080033e6        0x2 
 .text.HAL_GPIO_EXTI_IRQHandler
                0x00000000080033e8       0x1c ./Drivers/STM32L4xx_HAL_Driver/Src/stm32l4xx_hal_gpio.o
                0x00000000080033e8                HAL_GPIO_EXTI_IRQHandler
 .text.I2C_Flush_TXDR
                0x0000000008003404       0x22 ./Drivers/STM32L4xx_HAL_Driver/Src/stm32l4xx_hal_i2c.o
 .text.I2C_TransferConfig
                0x0000000008003426       0x38 ./Drivers/STM32L4xx_HAL_Driver/Src/stm32l4xx_hal_i2c.o
 .text.I2C_IsAcknowledgeFailed
                0x000000000800345e       0x90 ./Drivers/STM32L4xx_HAL_Driver/Src/stm32l4xx_hal_i2c.o
 .text.I2C_WaitOnTXISFlagUntilTimeout
                0x00000000080034ee       0x56 ./Drivers/STM32L4xx_HAL_Driver/Src/stm32l4xx_hal_i2c.o
 .text.I2C_WaitOnFlagUntilTimeout
                0x0000000008003544       0x5a ./Drivers/STM32L4xx_HAL_Driver/Src/stm32l4xx_hal_i2c.o
 *fill*         0x000000000800359e        0x2 
 .text.I2C_RequestMemoryWrite
                0x00000000080035a0       0x7c ./Drivers/STM32L4xx_HAL_Driver/Src/stm32l4xx_hal_i2c.o
 .text.I2C_RequestMemoryRead
                0x000000000800361c       0x78 ./Drivers/STM32L4xx_HAL_Driver/Src/stm32l4xx_hal_i2c.o
 .text.I2C_WaitOnSTOPFlagUntilTimeout
                0x0000000008003694       0x50 ./Drivers/STM32L4xx_HAL_Driver/Src/stm32l4xx_hal_i2c.o
 .text.HAL_I2C_Init
                0x00000000080036e4       0xbc ./Drivers/STM32L4xx_HAL_Driver/Src/stm32l4xx_hal_i2c.o
                0x00000000080036e4                HAL_I2C_Init
 .text.HAL_I2C_DeInit
                0x00000000080037a0       0x32 ./Drivers/STM32L4xx_HAL_Driver/Src/stm32l4xx_hal_i2c.o
                0x00000000080037a0                HAL_I2C_DeInit
 .text.HAL_I2C_Mem_Write
                0x00000000080037d2      0x1a8 ./Drivers/STM32L4xx_HAL_Driver/Src/stm32l4xx_hal_i2c.o
                0x00000000080037d2                HAL_I2C_Mem_Write
 *fill*         0x000000000800397a        0x2 
 .text.HAL_I2C_Mem_Read
                0x000000000800397c      0x1b0 ./Drivers/STM32L4xx_HAL_Driver/Src/stm32l4xx_hal_i2c.o
                0x000000000800397c                HAL_I2C_Mem_Read
 .text.HAL_I2CEx_ConfigAnalogFilter
                0x0000000008003b2c       0x5c ./Drivers/STM32L4xx_HAL_Driver/Src/stm32l4xx_hal_i2c_ex.o
                0x0000000008003b2c                HAL_I2CEx_ConfigAnalogFilter
 .text.HAL_I2CEx_ConfigDigitalFilter
                0x0000000008003b88       0x58 ./Drivers/STM32L4xx_HAL_Driver/Src/stm32l4xx_hal_i2c_ex.o
                0x0000000008003b88                HAL_I2CEx_ConfigDigitalFilter
 .text.HAL_PWREx_GetVoltageRange
                0x0000000008003be0       0x10 ./Drivers/STM32L4xx_HAL_Driver/Src/stm32l4xx_hal_pwr_ex.o
                0x0000000008003be0                HAL_PWREx_GetVoltageRange
 .text.HAL_PWREx_ControlVoltageScaling
                0x0000000008003bf0       0x90 ./Drivers/STM32L4xx_HAL_Driver/Src/stm32l4xx_hal_pwr_ex.o
                0x0000000008003bf0                HAL_PWREx_ControlVoltageScaling
 .text.RCC_SetFlashLatencyFromMSIRange
                0x0000000008003c80       0x90 ./Drivers/STM32L4xx_HAL_Driver/Src/stm32l4xx_hal_rcc.o
 .text.HAL_RCC_GetSysClockFreq
                0x0000000008003d10       0xb4 ./Drivers/STM32L4xx_HAL_Driver/Src/stm32l4xx_hal_rcc.o
                0x0000000008003d10                HAL_RCC_GetSysClockFreq
 .text.HAL_RCC_OscConfig
                0x0000000008003dc4      0x62c ./Drivers/STM32L4xx_HAL_Driver/Src/stm32l4xx_hal_rcc.o
                0x0000000008003dc4                HAL_RCC_OscConfig
 .text.HAL_RCC_ClockConfig
                0x00000000080043f0      0x15c ./Drivers/STM32L4xx_HAL_Driver/Src/stm32l4xx_hal_rcc.o
                0x00000000080043f0                HAL_RCC_ClockConfig
 .text.HAL_RCC_GetHCLKFreq
                0x000000000800454c        0xc ./Drivers/STM32L4xx_HAL_Driver/Src/stm32l4xx_hal_rcc.o
                0x000000000800454c                HAL_RCC_GetHCLKFreq
 .text.HAL_RCC_GetPCLK1Freq
                0x0000000008004558       0x24 ./Drivers/STM32L4xx_HAL_Driver/Src/stm32l4xx_hal_rcc.o
                0x0000000008004558                HAL_RCC_GetPCLK1Freq
 .text.HAL_RCC_GetPCLK2Freq
                0x000000000800457c       0x24 ./Drivers/STM32L4xx_HAL_Driver/Src/stm32l4xx_hal_rcc.o
                0x000000000800457c                HAL_RCC_GetPCLK2Freq
 .text.RCCEx_PLLSAI1_Config
                0x00000000080045a0      0x170 ./Drivers/STM32L4xx_HAL_Driver/Src/stm32l4xx_hal_rcc_ex.o
 .text.RCCEx_PLLSAI2_Config
                0x0000000008004710      0x14c ./Drivers/STM32L4xx_HAL_Driver/Src/stm32l4xx_hal_rcc_ex.o
 .text.HAL_RCCEx_PeriphCLKConfig
                0x000000000800485c      0x454 ./Drivers/STM32L4xx_HAL_Driver/Src/stm32l4xx_hal_rcc_ex.o
                0x000000000800485c                HAL_RCCEx_PeriphCLKConfig
 .text.SPI_WaitFlagStateUntilTimeout
                0x0000000008004cb0       0xd4 ./Drivers/STM32L4xx_HAL_Driver/Src/stm32l4xx_hal_spi.o
 .text.SPI_WaitFifoStateUntilTimeout
                0x0000000008004d84       0xe0 ./Drivers/STM32L4xx_HAL_Driver/Src/stm32l4xx_hal_spi.o
 .text.SPI_EndRxTxTransaction
                0x0000000008004e64       0x62 ./Drivers/STM32L4xx_HAL_Driver/Src/stm32l4xx_hal_spi.o
 .text.HAL_SPI_Init
                0x0000000008004ec6       0xde ./Drivers/STM32L4xx_HAL_Driver/Src/stm32l4xx_hal_spi.o
                0x0000000008004ec6                HAL_SPI_Init
 .text.HAL_SPI_Transmit
                0x0000000008004fa4      0x202 ./Drivers/STM32L4xx_HAL_Driver/Src/stm32l4xx_hal_spi.o
                0x0000000008004fa4                HAL_SPI_Transmit
 .text.HAL_SPI_TransmitReceive
                0x00000000080051a6      0x2de ./Drivers/STM32L4xx_HAL_Driver/Src/stm32l4xx_hal_spi.o
                0x00000000080051a6                HAL_SPI_TransmitReceive
 .text.TIM_OC1_SetConfig
                0x0000000008005484       0xa0 ./Drivers/STM32L4xx_HAL_Driver/Src/stm32l4xx_hal_tim.o
 .text.TIM_OC3_SetConfig
                0x0000000008005524       0x8c ./Drivers/STM32L4xx_HAL_Driver/Src/stm32l4xx_hal_tim.o
 .text.TIM_OC4_SetConfig
                0x00000000080055b0       0x6c ./Drivers/STM32L4xx_HAL_Driver/Src/stm32l4xx_hal_tim.o
 .text.TIM_OC5_SetConfig
                0x000000000800561c       0x68 ./Drivers/STM32L4xx_HAL_Driver/Src/stm32l4xx_hal_tim.o
 .text.TIM_OC6_SetConfig
                0x0000000008005684       0x6c ./Drivers/STM32L4xx_HAL_Driver/Src/stm32l4xx_hal_tim.o
 .text.HAL_TIM_Base_Start_IT
                0x00000000080056f0       0x8c ./Drivers/STM32L4xx_HAL_Driver/Src/stm32l4xx_hal_tim.o
                0x00000000080056f0                HAL_TIM_Base_Start_IT
 .text.HAL_TIM_PeriodElapsedCallback
                0x000000000800577c        0x2 ./Drivers/STM32L4xx_HAL_Driver/Src/stm32l4xx_hal_tim.o
                0x000000000800577c                HAL_TIM_PeriodElapsedCallback
 .text.HAL_TIM_OC_DelayElapsedCallback
                0x000000000800577e        0x2 ./Drivers/STM32L4xx_HAL_Driver/Src/stm32l4xx_hal_tim.o
                0x000000000800577e                HAL_TIM_OC_DelayElapsedCallback
 .text.HAL_TIM_IC_CaptureCallback
                0x0000000008005780        0x2 ./Drivers/STM32L4xx_HAL_Driver/Src/stm32l4xx_hal_tim.o
                0x0000000008005780                HAL_TIM_IC_CaptureCallback
 .text.HAL_TIM_PWM_PulseFinishedCallback
                0x0000000008005782        0x2 ./Drivers/STM32L4xx_HAL_Driver/Src/stm32l4xx_hal_tim.o
                0x0000000008005782                HAL_TIM_PWM_PulseFinishedCallback
 .text.HAL_TIM_TriggerCallback
                0x0000000008005784        0x2 ./Drivers/STM32L4xx_HAL_Driver/Src/stm32l4xx_hal_tim.o
                0x0000000008005784                HAL_TIM_TriggerCallback
 .text.HAL_TIM_IRQHandler
                0x0000000008005786      0x19a ./Drivers/STM32L4xx_HAL_Driver/Src/stm32l4xx_hal_tim.o
                0x0000000008005786                HAL_TIM_IRQHandler
 .text.TIM_Base_SetConfig
                0x0000000008005920       0xc8 ./Drivers/STM32L4xx_HAL_Driver/Src/stm32l4xx_hal_tim.o
                0x0000000008005920                TIM_Base_SetConfig
 .text.HAL_TIM_Base_Init
                0x00000000080059e8       0x60 ./Drivers/STM32L4xx_HAL_Driver/Src/stm32l4xx_hal_tim.o
                0x00000000080059e8                HAL_TIM_Base_Init
 .text.HAL_TIM_PWM_Init
                0x0000000008005a48       0x60 ./Drivers/STM32L4xx_HAL_Driver/Src/stm32l4xx_hal_tim.o
                0x0000000008005a48                HAL_TIM_PWM_Init
 .text.TIM_OC2_SetConfig
                0x0000000008005aa8       0x8c ./Drivers/STM32L4xx_HAL_Driver/Src/stm32l4xx_hal_tim.o
                0x0000000008005aa8                TIM_OC2_SetConfig
 .text.HAL_TIM_PWM_ConfigChannel
                0x0000000008005b34      0x128 ./Drivers/STM32L4xx_HAL_Driver/Src/stm32l4xx_hal_tim.o
                0x0000000008005b34                HAL_TIM_PWM_ConfigChannel
 .text.HAL_TIMEx_MasterConfigSynchronization
                0x0000000008005c5c       0x98 ./Drivers/STM32L4xx_HAL_Driver/Src/stm32l4xx_hal_tim_ex.o
                0x0000000008005c5c                HAL_TIMEx_MasterConfigSynchronization
 .text.HAL_TIMEx_ConfigBreakDeadTime
                0x0000000008005cf4       0x90 ./Drivers/STM32L4xx_HAL_Driver/Src/stm32l4xx_hal_tim_ex.o
                0x0000000008005cf4                HAL_TIMEx_ConfigBreakDeadTime
 .text.HAL_TIMEx_CommutCallback
                0x0000000008005d84        0x2 ./Drivers/STM32L4xx_HAL_Driver/Src/stm32l4xx_hal_tim_ex.o
                0x0000000008005d84                HAL_TIMEx_CommutCallback
 .text.HAL_TIMEx_BreakCallback
                0x0000000008005d86        0x2 ./Drivers/STM32L4xx_HAL_Driver/Src/stm32l4xx_hal_tim_ex.o
                0x0000000008005d86                HAL_TIMEx_BreakCallback
 .text.HAL_TIMEx_Break2Callback
                0x0000000008005d88        0x2 ./Drivers/STM32L4xx_HAL_Driver/Src/stm32l4xx_hal_tim_ex.o
                0x0000000008005d88                HAL_TIMEx_Break2Callback
 .text.HAL_UART_MspInit
                0x0000000008005d8a        0x2 ./Drivers/STM32L4xx_HAL_Driver/Src/stm32l4xx_hal_uart.o
                0x0000000008005d8a                HAL_UART_MspInit
 .text.UART_SetConfig
                0x0000000008005d8c      0x328 ./Drivers/STM32L4xx_HAL_Driver/Src/stm32l4xx_hal_uart.o
                0x0000000008005d8c                UART_SetConfig
 .text.UART_AdvFeatureConfig
                0x00000000080060b4       0xca ./Drivers/STM32L4xx_HAL_Driver/Src/stm32l4xx_hal_uart.o
                0x00000000080060b4                UART_AdvFeatureConfig
 .text.UART_WaitOnFlagUntilTimeout
                0x000000000800617e       0xd4 ./Drivers/STM32L4xx_HAL_Driver/Src/stm32l4xx_hal_uart.o
                0x000000000800617e                UART_WaitOnFlagUntilTimeout
 .text.HAL_UART_Transmit
                0x0000000008006252       0xd8 ./Drivers/STM32L4xx_HAL_Driver/Src/stm32l4xx_hal_uart.o
                0x0000000008006252                HAL_UART_Transmit
 .text.UART_CheckIdleState
                0x000000000800632a       0x70 ./Drivers/STM32L4xx_HAL_Driver/Src/stm32l4xx_hal_uart.o
                0x000000000800632a                UART_CheckIdleState
 .text.HAL_UART_Init
                0x000000000800639a       0x62 ./Drivers/STM32L4xx_HAL_Driver/Src/stm32l4xx_hal_uart.o
                0x000000000800639a                HAL_UART_Init
 .text.Reset_Handler
                0x00000000080063fc       0x50 ./startup/startup_stm32l475xx.o
                0x00000000080063fc                Reset_Handler
 .text.Default_Handler
                0x000000000800644c        0x2 ./startup/startup_stm32l475xx.o
                0x000000000800644c                RTC_Alarm_IRQHandler
                0x000000000800644c                EXTI2_IRQHandler
                0x000000000800644c                TIM8_TRG_COM_IRQHandler
                0x000000000800644c                TIM8_CC_IRQHandler
                0x000000000800644c                TIM1_CC_IRQHandler
                0x000000000800644c                TSC_IRQHandler
                0x000000000800644c                TAMP_STAMP_IRQHandler
                0x000000000800644c                EXTI3_IRQHandler
                0x000000000800644c                LPTIM2_IRQHandler
                0x000000000800644c                DFSDM1_FLT1_IRQHandler
                0x000000000800644c                I2C3_ER_IRQHandler
                0x000000000800644c                DFSDM1_FLT2_IRQHandler
                0x000000000800644c                EXTI0_IRQHandler
                0x000000000800644c                I2C2_EV_IRQHandler
                0x000000000800644c                CAN1_RX0_IRQHandler
                0x000000000800644c                FPU_IRQHandler
                0x000000000800644c                TIM1_UP_TIM16_IRQHandler
                0x000000000800644c                ADC1_2_IRQHandler
                0x000000000800644c                SPI1_IRQHandler
                0x000000000800644c                TIM8_UP_IRQHandler
                0x000000000800644c                DMA2_Channel2_IRQHandler
                0x000000000800644c                DMA1_Channel4_IRQHandler
                0x000000000800644c                SAI2_IRQHandler
                0x000000000800644c                DFSDM1_FLT3_IRQHandler
                0x000000000800644c                USART3_IRQHandler
                0x000000000800644c                DMA1_Channel7_IRQHandler
                0x000000000800644c                CAN1_RX1_IRQHandler
                0x000000000800644c                UART5_IRQHandler
                0x000000000800644c                ADC3_IRQHandler
                0x000000000800644c                TIM4_IRQHandler
                0x000000000800644c                DMA2_Channel1_IRQHandler
                0x000000000800644c                QUADSPI_IRQHandler
                0x000000000800644c                I2C1_EV_IRQHandler
                0x000000000800644c                DMA1_Channel6_IRQHandler
                0x000000000800644c                UART4_IRQHandler
                0x000000000800644c                DMA2_Channel4_IRQHandler
                0x000000000800644c                TIM3_IRQHandler
                0x000000000800644c                RCC_IRQHandler
                0x000000000800644c                DMA1_Channel1_IRQHandler
                0x000000000800644c                Default_Handler
                0x000000000800644c                DMA2_Channel7_IRQHandler
                0x000000000800644c                EXTI15_10_IRQHandler
                0x000000000800644c                TIM7_IRQHandler
                0x000000000800644c                SDMMC1_IRQHandler
                0x000000000800644c                TIM5_IRQHandler
                0x000000000800644c                I2C3_EV_IRQHandler
                0x000000000800644c                RTC_WKUP_IRQHandler
                0x000000000800644c                PVD_PVM_IRQHandler
                0x000000000800644c                SPI2_IRQHandler
                0x000000000800644c                CAN1_TX_IRQHandler
                0x000000000800644c                DMA2_Channel5_IRQHandler
                0x000000000800644c                DMA1_Channel5_IRQHandler
                0x000000000800644c                EXTI4_IRQHandler
                0x000000000800644c                RNG_IRQHandler
                0x000000000800644c                TIM1_TRG_COM_TIM17_IRQHandler
                0x000000000800644c                DMA1_Channel3_IRQHandler
                0x000000000800644c                COMP_IRQHandler
                0x000000000800644c                WWDG_IRQHandler
                0x000000000800644c                LPUART1_IRQHandler
                0x000000000800644c                DMA2_Channel6_IRQHandler
                0x000000000800644c                TIM2_IRQHandler
                0x000000000800644c                EXTI1_IRQHandler
                0x000000000800644c                USART2_IRQHandler
                0x000000000800644c                DFSDM1_FLT0_IRQHandler
                0x000000000800644c                I2C2_ER_IRQHandler
                0x000000000800644c                DMA1_Channel2_IRQHandler
                0x000000000800644c                TIM8_BRK_IRQHandler
                0x000000000800644c                CAN1_SCE_IRQHandler
                0x000000000800644c                FLASH_IRQHandler
                0x000000000800644c                USART1_IRQHandler
                0x000000000800644c                OTG_FS_IRQHandler
                0x000000000800644c                SPI3_IRQHandler
                0x000000000800644c                I2C1_ER_IRQHandler
                0x000000000800644c                FMC_IRQHandler
                0x000000000800644c                SWPMI1_IRQHandler
                0x000000000800644c                LPTIM1_IRQHandler
                0x000000000800644c                SAI1_IRQHandler
                0x000000000800644c                DMA2_Channel3_IRQHandler
                0x000000000800644c                TIM1_BRK_TIM15_IRQHandler
 *fill*         0x000000000800644e        0x2 
 .text.__errno  0x0000000008006450        0xc c:/st/stm32cubeide_1.12.1/stm32cubeide/plugins/com.st.stm32cube.ide.mcu.externaltools.gnu-tools-for-stm32.10.3-2021.10.win32_1.0.200.202301161003/tools/bin/../lib/gcc/arm-none-eabi/10.3.1/../../../../arm-none-eabi/lib/thumb/v7e-m+fp/hard\libc_nano.a(lib_a-errno.o)
                0x0000000008006450                __errno
 .text.__libc_init_array
                0x000000000800645c       0x48 c:/st/stm32cubeide_1.12.1/stm32cubeide/plugins/com.st.stm32cube.ide.mcu.externaltools.gnu-tools-for-stm32.10.3-2021.10.win32_1.0.200.202301161003/tools/bin/../lib/gcc/arm-none-eabi/10.3.1/../../../../arm-none-eabi/lib/thumb/v7e-m+fp/hard\libc_nano.a(lib_a-init.o)
                0x000000000800645c                __libc_init_array
 .text.malloc   0x00000000080064a4       0x10 c:/st/stm32cubeide_1.12.1/stm32cubeide/plugins/com.st.stm32cube.ide.mcu.externaltools.gnu-tools-for-stm32.10.3-2021.10.win32_1.0.200.202301161003/tools/bin/../lib/gcc/arm-none-eabi/10.3.1/../../../../arm-none-eabi/lib/thumb/v7e-m+fp/hard\libc_nano.a(lib_a-malloc.o)
                0x00000000080064a4                malloc
 .text.free     0x00000000080064b4       0x10 c:/st/stm32cubeide_1.12.1/stm32cubeide/plugins/com.st.stm32cube.ide.mcu.externaltools.gnu-tools-for-stm32.10.3-2021.10.win32_1.0.200.202301161003/tools/bin/../lib/gcc/arm-none-eabi/10.3.1/../../../../arm-none-eabi/lib/thumb/v7e-m+fp/hard\libc_nano.a(lib_a-malloc.o)
                0x00000000080064b4                free
 .text.memcpy   0x00000000080064c4       0x1c c:/st/stm32cubeide_1.12.1/stm32cubeide/plugins/com.st.stm32cube.ide.mcu.externaltools.gnu-tools-for-stm32.10.3-2021.10.win32_1.0.200.202301161003/tools/bin/../lib/gcc/arm-none-eabi/10.3.1/../../../../arm-none-eabi/lib/thumb/v7e-m+fp/hard\libc_nano.a(lib_a-memcpy-stub.o)
                0x00000000080064c4                memcpy
 .text.memset   0x00000000080064e0       0x10 c:/st/stm32cubeide_1.12.1/stm32cubeide/plugins/com.st.stm32cube.ide.mcu.externaltools.gnu-tools-for-stm32.10.3-2021.10.win32_1.0.200.202301161003/tools/bin/../lib/gcc/arm-none-eabi/10.3.1/../../../../arm-none-eabi/lib/thumb/v7e-m+fp/hard\libc_nano.a(lib_a-memset.o)
                0x00000000080064e0                memset
 .text._free_r  0x00000000080064f0       0x98 c:/st/stm32cubeide_1.12.1/stm32cubeide/plugins/com.st.stm32cube.ide.mcu.externaltools.gnu-tools-for-stm32.10.3-2021.10.win32_1.0.200.202301161003/tools/bin/../lib/gcc/arm-none-eabi/10.3.1/../../../../arm-none-eabi/lib/thumb/v7e-m+fp/hard\libc_nano.a(lib_a-nano-freer.o)
                0x00000000080064f0                _free_r
 .text.sbrk_aligned
                0x0000000008006588       0x40 c:/st/stm32cubeide_1.12.1/stm32cubeide/plugins/com.st.stm32cube.ide.mcu.externaltools.gnu-tools-for-stm32.10.3-2021.10.win32_1.0.200.202301161003/tools/bin/../lib/gcc/arm-none-eabi/10.3.1/../../../../arm-none-eabi/lib/thumb/v7e-m+fp/hard\libc_nano.a(lib_a-nano-mallocr.o)
 .text._malloc_r
                0x00000000080065c8       0xe8 c:/st/stm32cubeide_1.12.1/stm32cubeide/plugins/com.st.stm32cube.ide.mcu.externaltools.gnu-tools-for-stm32.10.3-2021.10.win32_1.0.200.202301161003/tools/bin/../lib/gcc/arm-none-eabi/10.3.1/../../../../arm-none-eabi/lib/thumb/v7e-m+fp/hard\libc_nano.a(lib_a-nano-mallocr.o)
                0x00000000080065c8                _malloc_r
 .text.realloc  0x00000000080066b0       0x10 c:/st/stm32cubeide_1.12.1/stm32cubeide/plugins/com.st.stm32cube.ide.mcu.externaltools.gnu-tools-for-stm32.10.3-2021.10.win32_1.0.200.202301161003/tools/bin/../lib/gcc/arm-none-eabi/10.3.1/../../../../arm-none-eabi/lib/thumb/v7e-m+fp/hard\libc_nano.a(lib_a-realloc.o)
                0x00000000080066b0                realloc
 .text._sbrk_r  0x00000000080066c0       0x20 c:/st/stm32cubeide_1.12.1/stm32cubeide/plugins/com.st.stm32cube.ide.mcu.externaltools.gnu-tools-for-stm32.10.3-2021.10.win32_1.0.200.202301161003/tools/bin/../lib/gcc/arm-none-eabi/10.3.1/../../../../arm-none-eabi/lib/thumb/v7e-m+fp/hard\libc_nano.a(lib_a-sbrkr.o)
                0x00000000080066c0                _sbrk_r
 .text.sprintf  0x00000000080066e0       0x40 c:/st/stm32cubeide_1.12.1/stm32cubeide/plugins/com.st.stm32cube.ide.mcu.externaltools.gnu-tools-for-stm32.10.3-2021.10.win32_1.0.200.202301161003/tools/bin/../lib/gcc/arm-none-eabi/10.3.1/../../../../arm-none-eabi/lib/thumb/v7e-m+fp/hard\libc_nano.a(lib_a-sprintf.o)
                0x00000000080066e0                siprintf
                0x00000000080066e0                sprintf
 .text.strcat   0x0000000008006720       0x1e c:/st/stm32cubeide_1.12.1/stm32cubeide/plugins/com.st.stm32cube.ide.mcu.externaltools.gnu-tools-for-stm32.10.3-2021.10.win32_1.0.200.202301161003/tools/bin/../lib/gcc/arm-none-eabi/10.3.1/../../../../arm-none-eabi/lib/thumb/v7e-m+fp/hard\libc_nano.a(lib_a-strcat.o)
                0x0000000008006720                strcat
 *fill*         0x000000000800673e        0x2 
 .text.__malloc_lock
                0x0000000008006740        0xc c:/st/stm32cubeide_1.12.1/stm32cubeide/plugins/com.st.stm32cube.ide.mcu.externaltools.gnu-tools-for-stm32.10.3-2021.10.win32_1.0.200.202301161003/tools/bin/../lib/gcc/arm-none-eabi/10.3.1/../../../../arm-none-eabi/lib/thumb/v7e-m+fp/hard\libc_nano.a(lib_a-mlock.o)
                0x0000000008006740                __malloc_lock
 .text.__malloc_unlock
                0x000000000800674c        0xc c:/st/stm32cubeide_1.12.1/stm32cubeide/plugins/com.st.stm32cube.ide.mcu.externaltools.gnu-tools-for-stm32.10.3-2021.10.win32_1.0.200.202301161003/tools/bin/../lib/gcc/arm-none-eabi/10.3.1/../../../../arm-none-eabi/lib/thumb/v7e-m+fp/hard\libc_nano.a(lib_a-mlock.o)
                0x000000000800674c                __malloc_unlock
 .text._realloc_r
                0x0000000008006758       0x5e c:/st/stm32cubeide_1.12.1/stm32cubeide/plugins/com.st.stm32cube.ide.mcu.externaltools.gnu-tools-for-stm32.10.3-2021.10.win32_1.0.200.202301161003/tools/bin/../lib/gcc/arm-none-eabi/10.3.1/../../../../arm-none-eabi/lib/thumb/v7e-m+fp/hard\libc_nano.a(lib_a-nano-reallocr.o)
                0x0000000008006758                _realloc_r
 .text.__ssputs_r
                0x00000000080067b6       0xb6 c:/st/stm32cubeide_1.12.1/stm32cubeide/plugins/com.st.stm32cube.ide.mcu.externaltools.gnu-tools-for-stm32.10.3-2021.10.win32_1.0.200.202301161003/tools/bin/../lib/gcc/arm-none-eabi/10.3.1/../../../../arm-none-eabi/lib/thumb/v7e-m+fp/hard\libc_nano.a(lib_a-nano-svfprintf.o)
                0x00000000080067b6                __ssputs_r
 .text._svfprintf_r
                0x000000000800686c      0x200 c:/st/stm32cubeide_1.12.1/stm32cubeide/plugins/com.st.stm32cube.ide.mcu.externaltools.gnu-tools-for-stm32.10.3-2021.10.win32_1.0.200.202301161003/tools/bin/../lib/gcc/arm-none-eabi/10.3.1/../../../../arm-none-eabi/lib/thumb/v7e-m+fp/hard\libc_nano.a(lib_a-nano-svfprintf.o)
                0x000000000800686c                _svfiprintf_r
                0x000000000800686c                _svfprintf_r
 .text._printf_common
                0x0000000008006a6c       0xda c:/st/stm32cubeide_1.12.1/stm32cubeide/plugins/com.st.stm32cube.ide.mcu.externaltools.gnu-tools-for-stm32.10.3-2021.10.win32_1.0.200.202301161003/tools/bin/../lib/gcc/arm-none-eabi/10.3.1/../../../../arm-none-eabi/lib/thumb/v7e-m+fp/hard\libc_nano.a(lib_a-nano-vfprintf_i.o)
                0x0000000008006a6c                _printf_common
 *fill*         0x0000000008006b46        0x2 
 .text._printf_i
                0x0000000008006b48      0x24c c:/st/stm32cubeide_1.12.1/stm32cubeide/plugins/com.st.stm32cube.ide.mcu.externaltools.gnu-tools-for-stm32.10.3-2021.10.win32_1.0.200.202301161003/tools/bin/../lib/gcc/arm-none-eabi/10.3.1/../../../../arm-none-eabi/lib/thumb/v7e-m+fp/hard\libc_nano.a(lib_a-nano-vfprintf_i.o)
                0x0000000008006b48                _printf_i
 .text.__retarget_lock_acquire_recursive
                0x0000000008006d94        0x2 c:/st/stm32cubeide_1.12.1/stm32cubeide/plugins/com.st.stm32cube.ide.mcu.externaltools.gnu-tools-for-stm32.10.3-2021.10.win32_1.0.200.202301161003/tools/bin/../lib/gcc/arm-none-eabi/10.3.1/../../../../arm-none-eabi/lib/thumb/v7e-m+fp/hard\libc_nano.a(lib_a-lock.o)
                0x0000000008006d94                __retarget_lock_acquire_recursive
 .text.__retarget_lock_release_recursive
                0x0000000008006d96        0x2 c:/st/stm32cubeide_1.12.1/stm32cubeide/plugins/com.st.stm32cube.ide.mcu.externaltools.gnu-tools-for-stm32.10.3-2021.10.win32_1.0.200.202301161003/tools/bin/../lib/gcc/arm-none-eabi/10.3.1/../../../../arm-none-eabi/lib/thumb/v7e-m+fp/hard\libc_nano.a(lib_a-lock.o)
                0x0000000008006d96                __retarget_lock_release_recursive
 .text.memmove  0x0000000008006d98       0x34 c:/st/stm32cubeide_1.12.1/stm32cubeide/plugins/com.st.stm32cube.ide.mcu.externaltools.gnu-tools-for-stm32.10.3-2021.10.win32_1.0.200.202301161003/tools/bin/../lib/gcc/arm-none-eabi/10.3.1/../../../../arm-none-eabi/lib/thumb/v7e-m+fp/hard\libc_nano.a(lib_a-memmove.o)
                0x0000000008006d98                memmove
 .text._malloc_usable_size_r
                0x0000000008006dcc       0x10 c:/st/stm32cubeide_1.12.1/stm32cubeide/plugins/com.st.stm32cube.ide.mcu.externaltools.gnu-tools-for-stm32.10.3-2021.10.win32_1.0.200.202301161003/tools/bin/../lib/gcc/arm-none-eabi/10.3.1/../../../../arm-none-eabi/lib/thumb/v7e-m+fp/hard\libc_nano.a(lib_a-nano-msizer.o)
                0x0000000008006dcc                _malloc_usable_size_r
 *(.glue_7)
 .glue_7        0x0000000008006ddc        0x0 linker stubs
 *(.glue_7t)
 .glue_7t       0x0000000008006ddc        0x0 linker stubs
 *(.eh_frame)
 .eh_frame      0x0000000008006ddc        0x0 c:/st/stm32cubeide_1.12.1/stm32cubeide/plugins/com.st.stm32cube.ide.mcu.externaltools.gnu-tools-for-stm32.10.3-2021.10.win32_1.0.200.202301161003/tools/bin/../lib/gcc/arm-none-eabi/10.3.1/thumb/v7e-m+fp/hard/crtbegin.o
 *(.init)
 .init          0x0000000008006ddc        0x4 c:/st/stm32cubeide_1.12.1/stm32cubeide/plugins/com.st.stm32cube.ide.mcu.externaltools.gnu-tools-for-stm32.10.3-2021.10.win32_1.0.200.202301161003/tools/bin/../lib/gcc/arm-none-eabi/10.3.1/thumb/v7e-m+fp/hard/crti.o
                0x0000000008006ddc                _init
 .init          0x0000000008006de0        0x8 c:/st/stm32cubeide_1.12.1/stm32cubeide/plugins/com.st.stm32cube.ide.mcu.externaltools.gnu-tools-for-stm32.10.3-2021.10.win32_1.0.200.202301161003/tools/bin/../lib/gcc/arm-none-eabi/10.3.1/thumb/v7e-m+fp/hard/crtn.o
 *(.fini)
 .fini          0x0000000008006de8        0x4 c:/st/stm32cubeide_1.12.1/stm32cubeide/plugins/com.st.stm32cube.ide.mcu.externaltools.gnu-tools-for-stm32.10.3-2021.10.win32_1.0.200.202301161003/tools/bin/../lib/gcc/arm-none-eabi/10.3.1/thumb/v7e-m+fp/hard/crti.o
                0x0000000008006de8                _fini
 .fini          0x0000000008006dec        0x8 c:/st/stm32cubeide_1.12.1/stm32cubeide/plugins/com.st.stm32cube.ide.mcu.externaltools.gnu-tools-for-stm32.10.3-2021.10.win32_1.0.200.202301161003/tools/bin/../lib/gcc/arm-none-eabi/10.3.1/thumb/v7e-m+fp/hard/crtn.o
                0x0000000008006df8                . = ALIGN (0x8)
 *fill*         0x0000000008006df4        0x4 
                0x0000000008006df8                _etext = .

.vfp11_veneer   0x0000000008006df8        0x0
 .vfp11_veneer  0x0000000008006df8        0x0 linker stubs

.v4_bx          0x0000000008006df8        0x0
 .v4_bx         0x0000000008006df8        0x0 linker stubs

.iplt           0x0000000008006df8        0x0
 .iplt          0x0000000008006df8        0x0 c:/st/stm32cubeide_1.12.1/stm32cubeide/plugins/com.st.stm32cube.ide.mcu.externaltools.gnu-tools-for-stm32.10.3-2021.10.win32_1.0.200.202301161003/tools/bin/../lib/gcc/arm-none-eabi/10.3.1/thumb/v7e-m+fp/hard/crtbegin.o

.rodata         0x0000000008006df8      0x118
                0x0000000008006df8                . = ALIGN (0x8)
 *(.rodata)
 .rodata        0x0000000008006df8        0xd ./Core/Src/enable.o
 *fill*         0x0000000008006e05        0x3 
 .rodata        0x0000000008006e08       0x48 ./Core/Src/system_stm32l4xx.o
                0x0000000008006e08                MSIRangeTable
                0x0000000008006e38                AHBPrescTable
                0x0000000008006e48                APBPrescTable
 *(.rodata*)
 .rodata.str1.4
                0x0000000008006e50       0x7a ./Core/Src/idle_state.o
 *fill*         0x0000000008006eca        0x2 
 .rodata.str1.4
                0x0000000008006ecc       0x11 ./Core/Src/state_machine.o
 .rodata._svfprintf_r.str1.1
                0x0000000008006edd       0x11 c:/st/stm32cubeide_1.12.1/stm32cubeide/plugins/com.st.stm32cube.ide.mcu.externaltools.gnu-tools-for-stm32.10.3-2021.10.win32_1.0.200.202301161003/tools/bin/../lib/gcc/arm-none-eabi/10.3.1/../../../../arm-none-eabi/lib/thumb/v7e-m+fp/hard\libc_nano.a(lib_a-nano-svfprintf.o)
 .rodata._printf_i.str1.1
                0x0000000008006eee       0x22 c:/st/stm32cubeide_1.12.1/stm32cubeide/plugins/com.st.stm32cube.ide.mcu.externaltools.gnu-tools-for-stm32.10.3-2021.10.win32_1.0.200.202301161003/tools/bin/../lib/gcc/arm-none-eabi/10.3.1/../../../../arm-none-eabi/lib/thumb/v7e-m+fp/hard\libc_nano.a(lib_a-nano-vfprintf_i.o)
                0x0000000008006f10                . = ALIGN (0x8)

.ARM.extab      0x0000000008006f10        0x0
                0x0000000008006f10                . = ALIGN (0x8)
 *(.ARM.extab* .gnu.linkonce.armextab.*)
                0x0000000008006f10                . = ALIGN (0x8)

.ARM            0x0000000008006f10        0x8
                0x0000000008006f10                . = ALIGN (0x8)
                0x0000000008006f10                __exidx_start = .
 *(.ARM.exidx*)
 .ARM.exidx     0x0000000008006f10        0x8 c:/st/stm32cubeide_1.12.1/stm32cubeide/plugins/com.st.stm32cube.ide.mcu.externaltools.gnu-tools-for-stm32.10.3-2021.10.win32_1.0.200.202301161003/tools/bin/../lib/gcc/arm-none-eabi/10.3.1/thumb/v7e-m+fp/hard\libgcc.a(_udivmoddi4.o)
                0x0000000008006f18                __exidx_end = .
                0x0000000008006f18                . = ALIGN (0x8)

.rel.dyn        0x0000000008006f18        0x0
 .rel.iplt      0x0000000008006f18        0x0 c:/st/stm32cubeide_1.12.1/stm32cubeide/plugins/com.st.stm32cube.ide.mcu.externaltools.gnu-tools-for-stm32.10.3-2021.10.win32_1.0.200.202301161003/tools/bin/../lib/gcc/arm-none-eabi/10.3.1/thumb/v7e-m+fp/hard/crtbegin.o

.preinit_array  0x0000000008006f18        0x0
                0x0000000008006f18                . = ALIGN (0x8)
                0x0000000008006f18                PROVIDE (__preinit_array_start = .)
 *(.preinit_array*)
                0x0000000008006f18                PROVIDE (__preinit_array_end = .)
                0x0000000008006f18                . = ALIGN (0x8)

.init_array     0x0000000008006f18        0x8
                0x0000000008006f18                . = ALIGN (0x8)
                0x0000000008006f18                PROVIDE (__init_array_start = .)
 *(SORT_BY_NAME(.init_array.*))
 *(.init_array*)
 .init_array    0x0000000008006f18        0x4 c:/st/stm32cubeide_1.12.1/stm32cubeide/plugins/com.st.stm32cube.ide.mcu.externaltools.gnu-tools-for-stm32.10.3-2021.10.win32_1.0.200.202301161003/tools/bin/../lib/gcc/arm-none-eabi/10.3.1/thumb/v7e-m+fp/hard/crtbegin.o
                0x0000000008006f1c                PROVIDE (__init_array_end = .)
                0x0000000008006f20                . = ALIGN (0x8)
 *fill*         0x0000000008006f1c        0x4 

.fini_array     0x0000000008006f20        0x8
                0x0000000008006f20                . = ALIGN (0x8)
                [!provide]                        PROVIDE (__fini_array_start = .)
 *(SORT_BY_NAME(.fini_array.*))
 *(.fini_array*)
 .fini_array    0x0000000008006f20        0x4 c:/st/stm32cubeide_1.12.1/stm32cubeide/plugins/com.st.stm32cube.ide.mcu.externaltools.gnu-tools-for-stm32.10.3-2021.10.win32_1.0.200.202301161003/tools/bin/../lib/gcc/arm-none-eabi/10.3.1/thumb/v7e-m+fp/hard/crtbegin.o
                [!provide]                        PROVIDE (__fini_array_end = .)
                0x0000000008006f28                . = ALIGN (0x8)
 *fill*         0x0000000008006f24        0x4 
                0x0000000008006f28                _sidata = LOADADDR (.data)

.data           0x0000000020000000      0x540 load address 0x0000000008006f28
                0x0000000020000000                . = ALIGN (0x8)
                0x0000000020000000                _sdata = .
 *(.data)
 .data          0x0000000020000000      0x3f6 ./Core/Src/enable.o
                0x0000000020000000                deviceName
                0x0000000020000010                ACI_GAP_SET_DISCOVERABLE
                0x0000000020000020                ACI_GAP_SET_DISCOVERABLE_COMPLETE
                0x0000000020000028                EVENT_DISCONNECTED
                0x000000002000002c                ADD_CUSTOM_SERVICE
                0x0000000020000044                ADD_CUSTOM_SERVICE_COMPLETE
                0x000000002000004c                ADD_CUSTOM_CHAR
                0x000000002000006c                ADD_CUSTOM_CHAR_COMPLETE
                0x0000000020000074                UPDATE_CHAR
                0x0000000020000084                EVENT_STATUP_DATA
                0x000000002000008c                ACI_GATT_INIT_COMPLETE
                0x0000000020000094                ACI_GATT_INIT
                0x0000000020000098                ACI_GAP_INIT_COMPLETE
                0x00000000200000a0                ACI_GAP_INIT
                0x00000000200000a8                ACI_GAP_SET_AUTH_RESP
                0x00000000200000b0                ACI_GAP_SET_AUTH
                0x00000000200000c0                ACI_HAL_SET_TX_POWER_LEVEL_COMPLETE
                0x00000000200000c8                ACI_HAL_SET_TX_POWER_LEVEL
                0x00000000200000d0                HCI_LE_SET_SCAN_RESPONSE_DATA_COMPLETE
                0x00000000200000d8                HCI_LE_SET_SCAN_RESPONSE_DATA
                0x00000000200000fc                UUID_SERVICE_1
                0x000000002000010c                UUID_CHAR_1
                0x000000002000011c                VALUE1
                0x0000000020000134                UUID_CHAR_TEMP
                0x0000000020000144                VALUE_TEMP
                0x0000000020000158                UUID_CHAR_HUM
                0x0000000020000168                VALUE_HUM
                0x0000000020000178                UUID_CHAR_PRESS
                0x0000000020000188                VALUE_PRESS
                0x000000002000019c                UUID_CHAR_TOF_VALUE
                0x00000000200001ac                TOF_VALUE
                0x00000000200001c0                UUID_INERTIAL_SERVICE
                0x00000000200001d0                UUID_CHAR_INERTIAL_NAME
                0x00000000200001e0                NAME_INERTIAL_VALUE
                0x00000000200001f8                UUID_CHAR_INERTIAL_ACCX
                0x0000000020000208                ACCX_INERTIAL_VALUE
                0x000000002000021c                UUID_CHAR_INERTIAL_ACCY
                0x000000002000022c                ACCY_INERTIAL_VALUE
                0x0000000020000240                UUID_CHAR_INERTIAL_ACCZ
                0x0000000020000250                ACCZ_INERTIAL_VALUE
                0x0000000020000264                UUID_MAGNETIC_SERVICE
                0x0000000020000274                UUID_CHAR_MAGNETIC_NAME
                0x0000000020000284                NAME_MAGNETIC_VALUE
                0x000000002000029c                UUID_CHAR_MAGNETIC_MAGX
                0x00000000200002ac                X_VALUE
                0x00000000200002c0                UUID_CHAR_MAGNETIC_MAGY
                0x00000000200002d0                Y_VALUE
                0x00000000200002e4                UUID_CHAR_MAGNETIC_MAGZ
                0x00000000200002f4                Z_VALUE
                0x0000000020000308                NAME_TOF_VALUE
                0x0000000020000320                UUID_CHAR_TOF_NAME
                0x0000000020000330                UUID_TOF_SERVICE
                0x0000000020000340                UUID_CHAR_GYROSCOPE_GYROZ
                0x0000000020000350                UUID_CHAR_GYROSCOPE_GYROY
                0x0000000020000360                UUID_CHAR_GYROSCOPE_GYROX
                0x0000000020000370                NAME_GYROSCOPE_VALUE
                0x0000000020000384                UUID_CHAR_GYROSCOPE_NAME
                0x0000000020000394                UUID_GYROSCOPE_SERVICE
                0x00000000200003a4                MIC_VALUE
                0x00000000200003bc                VALUE2
                0x00000000200003d4                UUID_CHAR_2
                0x00000000200003e4                ACI_GATT_UPDATE_CHAR_COMPLETE
                0x00000000200003ec                ACI_GATT_UPDATE_CHAR_VALUE
 *fill*         0x00000000200003f6        0x2 
 .data          0x00000000200003f8        0x4 ./Core/Src/system_stm32l4xx.o
                0x00000000200003f8                SystemCoreClock
 .data          0x00000000200003fc       0x1c ./Drivers/BSP/source/hts221.o
                0x00000000200003fc                HTS221_T_Drv
                0x000000002000040c                HTS221_H_Drv
 .data          0x0000000020000418       0x34 ./Drivers/BSP/source/lis3mdl.o
                0x0000000020000418                Lis3mdlMagDrv
 .data          0x000000002000044c       0x1c ./Drivers/BSP/source/lps22hb.o
                0x000000002000044c                LPS22HB_T_Drv
                0x000000002000045c                LPS22HB_P_Drv
 .data          0x0000000020000468       0x68 ./Drivers/BSP/source/lsm6dsl.o
                0x0000000020000468                Lsm6dslGyroDrv
                0x000000002000049c                Lsm6dslAccDrv
 .data          0x00000000200004d0        0x8 ./Drivers/STM32L4xx_HAL_Driver/Src/stm32l4xx_hal.o
                0x00000000200004d0                uwTickFreq
                0x00000000200004d4                uwTickPrio
 *(.data*)
 .data._impure_ptr
                0x00000000200004d8        0x4 c:/st/stm32cubeide_1.12.1/stm32cubeide/plugins/com.st.stm32cube.ide.mcu.externaltools.gnu-tools-for-stm32.10.3-2021.10.win32_1.0.200.202301161003/tools/bin/../lib/gcc/arm-none-eabi/10.3.1/../../../../arm-none-eabi/lib/thumb/v7e-m+fp/hard\libc_nano.a(lib_a-impure.o)
                0x00000000200004d8                _impure_ptr
 .data.impure_data
                0x00000000200004dc       0x60 c:/st/stm32cubeide_1.12.1/stm32cubeide/plugins/com.st.stm32cube.ide.mcu.externaltools.gnu-tools-for-stm32.10.3-2021.10.win32_1.0.200.202301161003/tools/bin/../lib/gcc/arm-none-eabi/10.3.1/../../../../arm-none-eabi/lib/thumb/v7e-m+fp/hard\libc_nano.a(lib_a-impure.o)
                0x0000000020000540                . = ALIGN (0x8)
 *fill*         0x000000002000053c        0x4 
                0x0000000020000540                _edata = .

.igot.plt       0x0000000020000540        0x0 load address 0x0000000008007468
 .igot.plt      0x0000000020000540        0x0 c:/st/stm32cubeide_1.12.1/stm32cubeide/plugins/com.st.stm32cube.ide.mcu.externaltools.gnu-tools-for-stm32.10.3-2021.10.win32_1.0.200.202301161003/tools/bin/../lib/gcc/arm-none-eabi/10.3.1/thumb/v7e-m+fp/hard/crtbegin.o
                0x0000000020000540                . = ALIGN (0x4)

.bss            0x0000000020000540      0x624 load address 0x0000000008007468
                0x0000000020000540                _sbss = .
                0x0000000020000540                __bss_start__ = _sbss
 *(.bss)
 .bss           0x0000000020000540       0x1c c:/st/stm32cubeide_1.12.1/stm32cubeide/plugins/com.st.stm32cube.ide.mcu.externaltools.gnu-tools-for-stm32.10.3-2021.10.win32_1.0.200.202301161003/tools/bin/../lib/gcc/arm-none-eabi/10.3.1/thumb/v7e-m+fp/hard/crtbegin.o
 .bss           0x000000002000055c      0x172 ./Core/Src/enable.o
                0x000000002000055c                stackInitCompleteFlag
                0x0000000020000560                buffer
                0x0000000020000660                rxEvent
                0x0000000020000664                GAP_SERVICE_HANDLE
                0x0000000020000668                GAP_CHAR_NAME_HANDLE
                0x000000002000066c                GAP_CHAR_APP_HANDLE
                0x0000000020000670                CUSTOM_SERVICE_HANDLE
                0x0000000020000674                CUSTOM_CHAR_HANDLE
                0x0000000020000678                TEMP_CHAR_HANDLE
                0x000000002000067c                HUM_CHAR_HANDLE
                0x0000000020000680                PRESS_CHAR_HANDLE
                0x0000000020000684                TOF_CHAR_HANDLE
                0x0000000020000688                INERTIAL_SERVICE_HANDLE
                0x000000002000068c                NAME_INERTIAL_HANDLE
                0x0000000020000690                ACCX_CHAR_HANDLE
                0x0000000020000694                ACCY_CHAR_HANDLE
                0x0000000020000698                ACCZ_CHAR_HANDLE
                0x000000002000069c                MAGNETIC_SERVICE_HANDLE
                0x00000000200006a0                NAME_MAGNETIC_HANDLE
                0x00000000200006a4                MAGX_CHAR_HANDLE
                0x00000000200006a8                MAGY_CHAR_HANDLE
                0x00000000200006ac                MAGZ_CHAR_HANDLE
                0x00000000200006b0                NAME_TOF_HANDLE
                0x00000000200006b4                TOF_SERVICE_HANDLE
                0x00000000200006b8                GYROZ_CHAR_HANDLE
                0x00000000200006bc                GYROY_CHAR_HANDLE
                0x00000000200006c0                GYROX_CHAR_HANDLE
                0x00000000200006c4                NAME_GYROSCOPE_HANDLE
                0x00000000200006c8                GYROSCOPE_SERVICE_HANDLE
                0x00000000200006cc                MIC_CHAR_HANDLE
 *fill*         0x00000000200006ce        0x2 
 .bss           0x00000000200006d0       0x24 ./Core/Src/idle_state.o
                0x00000000200006d0                blinkStatus
                0x00000000200006ec                update
                0x00000000200006f0                dataAvailable
 *fill*         0x00000000200006f4        0x4 
 .bss           0x00000000200006f8       0xe2 ./Core/Src/io_manager.o
                0x00000000200006f8                bspFunctionArray
 *fill*         0x00000000200007da        0x2 
 .bss           0x00000000200007dc      0x1cc ./Core/Src/main.o
                0x00000000200007dc                hspi3
                0x0000000020000840                hi2c2
                0x000000002000088c                htim6
                0x00000000200008d8                htim15
                0x0000000020000924                huart1
 .bss           0x00000000200009a8       0x8b ./Core/Src/state_machine.o
                0x00000000200009b0                actualState
                0x00000000200009b8                states
                0x0000000020000a30                previousState
                0x0000000020000a31                initDone
                0x0000000020000a32                debugEnabled
 *fill*         0x0000000020000a33        0x1 
 .bss           0x0000000020000a34        0x8 ./Core/Src/syscalls.o
                0x0000000020000a38                __env
 *fill*         0x0000000020000a3c        0x4 
 .bss           0x0000000020000a40       0x24 ./Core/Src/time_manager.o
                0x0000000020000a48                timers
                0x0000000020000a60                stateMachineTimer
 .bss           0x0000000020000a64        0x4 ./Core/Src/uart_manager.o
 .bss           0x0000000020000a68       0xd0 ./Drivers/BSP/source/stm32l475e_iot01.o
                0x0000000020000a68                hI2cHandler
                0x0000000020000ab4                hDiscoUart
 .bss           0x0000000020000b38        0x4 ./Drivers/BSP/source/stm32l475e_iot01_accelero.o
 .bss           0x0000000020000b3c        0x4 ./Drivers/BSP/source/stm32l475e_iot01_gyro.o
 .bss           0x0000000020000b40        0x4 ./Drivers/BSP/source/stm32l475e_iot01_hsensor.o
 .bss           0x0000000020000b44        0x4 ./Drivers/BSP/source/stm32l475e_iot01_magneto.o
 .bss           0x0000000020000b48        0x4 ./Drivers/BSP/source/stm32l475e_iot01_psensor.o
 .bss           0x0000000020000b4c        0x4 ./Drivers/BSP/source/stm32l475e_iot01_tsensor.o
 .bss           0x0000000020000b50        0x4 ./Drivers/STM32L4xx_HAL_Driver/Src/stm32l4xx_hal.o
                0x0000000020000b50                uwTick
 *(.bss*)
 .bss.__malloc_free_list
                0x0000000020000b54        0x4 c:/st/stm32cubeide_1.12.1/stm32cubeide/plugins/com.st.stm32cube.ide.mcu.externaltools.gnu-tools-for-stm32.10.3-2021.10.win32_1.0.200.202301161003/tools/bin/../lib/gcc/arm-none-eabi/10.3.1/../../../../arm-none-eabi/lib/thumb/v7e-m+fp/hard\libc_nano.a(lib_a-nano-mallocr.o)
                0x0000000020000b54                __malloc_free_list
 .bss.__malloc_sbrk_start
                0x0000000020000b58        0x4 c:/st/stm32cubeide_1.12.1/stm32cubeide/plugins/com.st.stm32cube.ide.mcu.externaltools.gnu-tools-for-stm32.10.3-2021.10.win32_1.0.200.202301161003/tools/bin/../lib/gcc/arm-none-eabi/10.3.1/../../../../arm-none-eabi/lib/thumb/v7e-m+fp/hard\libc_nano.a(lib_a-nano-mallocr.o)
                0x0000000020000b58                __malloc_sbrk_start
 .bss.errno     0x0000000020000b5c        0x4 c:/st/stm32cubeide_1.12.1/stm32cubeide/plugins/com.st.stm32cube.ide.mcu.externaltools.gnu-tools-for-stm32.10.3-2021.10.win32_1.0.200.202301161003/tools/bin/../lib/gcc/arm-none-eabi/10.3.1/../../../../arm-none-eabi/lib/thumb/v7e-m+fp/hard\libc_nano.a(lib_a-reent.o)
                0x0000000020000b5c                errno
 .bss.__lock___malloc_recursive_mutex
                0x0000000020000b60        0x1 c:/st/stm32cubeide_1.12.1/stm32cubeide/plugins/com.st.stm32cube.ide.mcu.externaltools.gnu-tools-for-stm32.10.3-2021.10.win32_1.0.200.202301161003/tools/bin/../lib/gcc/arm-none-eabi/10.3.1/../../../../arm-none-eabi/lib/thumb/v7e-m+fp/hard\libc_nano.a(lib_a-lock.o)
                0x0000000020000b60                __lock___malloc_recursive_mutex
 *(COMMON)
                0x0000000020000b64                . = ALIGN (0x4)
 *fill*         0x0000000020000b61        0x3 
                0x0000000020000b64                _ebss = .
                0x0000000020000b64                __bss_end__ = _ebss

._user_heap_stack
                0x0000000020000b64      0x604 load address 0x0000000008007468
                0x0000000020000b68                . = ALIGN (0x8)
 *fill*         0x0000000020000b64        0x4 
                0x0000000020000b68                PROVIDE (end = .)
                [!provide]                        PROVIDE (_end = .)
                0x0000000020000d68                . = (. + _Min_Heap_Size)
 *fill*         0x0000000020000b68      0x200 
                0x0000000020001168                . = (. + _Min_Stack_Size)
 *fill*         0x0000000020000d68      0x400 
                0x0000000020001168                . = ALIGN (0x8)

/DISCARD/
 libc.a(*)
 libm.a(*)
 libgcc.a(*)

.ARM.attributes
                0x0000000000000000       0x30
 *(.ARM.attributes)
 .ARM.attributes
                0x0000000000000000       0x1e c:/st/stm32cubeide_1.12.1/stm32cubeide/plugins/com.st.stm32cube.ide.mcu.externaltools.gnu-tools-for-stm32.10.3-2021.10.win32_1.0.200.202301161003/tools/bin/../lib/gcc/arm-none-eabi/10.3.1/thumb/v7e-m+fp/hard/crti.o
 .ARM.attributes
                0x000000000000001e       0x34 c:/st/stm32cubeide_1.12.1/stm32cubeide/plugins/com.st.stm32cube.ide.mcu.externaltools.gnu-tools-for-stm32.10.3-2021.10.win32_1.0.200.202301161003/tools/bin/../lib/gcc/arm-none-eabi/10.3.1/thumb/v7e-m+fp/hard/crtbegin.o
 .ARM.attributes
                0x0000000000000052       0x34 ./Core/Src/enable.o
 .ARM.attributes
                0x0000000000000086       0x34 ./Core/Src/idle_state.o
 .ARM.attributes
                0x00000000000000ba       0x34 ./Core/Src/io_manager.o
 .ARM.attributes
                0x00000000000000ee       0x34 ./Core/Src/main.o
 .ARM.attributes
                0x0000000000000122       0x34 ./Core/Src/startup_state.o
 .ARM.attributes
                0x0000000000000156       0x34 ./Core/Src/state_all.o
 .ARM.attributes
                0x000000000000018a       0x34 ./Core/Src/state_machine.o
 .ARM.attributes
                0x00000000000001be       0x34 ./Core/Src/stm32l4xx_hal_msp.o
 .ARM.attributes
                0x00000000000001f2       0x34 ./Core/Src/stm32l4xx_it.o
 .ARM.attributes
                0x0000000000000226       0x34 ./Core/Src/syscalls.o
 .ARM.attributes
                0x000000000000025a       0x34 ./Core/Src/system_stm32l4xx.o
 .ARM.attributes
                0x000000000000028e       0x34 ./Core/Src/time_manager.o
 .ARM.attributes
                0x00000000000002c2       0x34 ./Core/Src/uart_manager.o
 .ARM.attributes
                0x00000000000002f6       0x34 ./Drivers/BSP/source/hts221.o
 .ARM.attributes
                0x000000000000032a       0x34 ./Drivers/BSP/source/lis3mdl.o
 .ARM.attributes
                0x000000000000035e       0x34 ./Drivers/BSP/source/lps22hb.o
 .ARM.attributes
                0x0000000000000392       0x34 ./Drivers/BSP/source/lsm6dsl.o
 .ARM.attributes
                0x00000000000003c6       0x34 ./Drivers/BSP/source/stm32l475e_iot01.o
 .ARM.attributes
                0x00000000000003fa       0x34 ./Drivers/BSP/source/stm32l475e_iot01_accelero.o
 .ARM.attributes
                0x000000000000042e       0x34 ./Drivers/BSP/source/stm32l475e_iot01_gyro.o
 .ARM.attributes
                0x0000000000000462       0x34 ./Drivers/BSP/source/stm32l475e_iot01_hsensor.o
 .ARM.attributes
                0x0000000000000496       0x34 ./Drivers/BSP/source/stm32l475e_iot01_magneto.o
 .ARM.attributes
                0x00000000000004ca       0x34 ./Drivers/BSP/source/stm32l475e_iot01_psensor.o
 .ARM.attributes
                0x00000000000004fe       0x34 ./Drivers/BSP/source/stm32l475e_iot01_tsensor.o
 .ARM.attributes
                0x0000000000000532       0x34 ./Drivers/STM32L4xx_HAL_Driver/Src/stm32l4xx_hal.o
 .ARM.attributes
                0x0000000000000566       0x34 ./Drivers/STM32L4xx_HAL_Driver/Src/stm32l4xx_hal_cortex.o
 .ARM.attributes
                0x000000000000059a       0x34 ./Drivers/STM32L4xx_HAL_Driver/Src/stm32l4xx_hal_gpio.o
 .ARM.attributes
                0x00000000000005ce       0x34 ./Drivers/STM32L4xx_HAL_Driver/Src/stm32l4xx_hal_i2c.o
 .ARM.attributes
                0x0000000000000602       0x34 ./Drivers/STM32L4xx_HAL_Driver/Src/stm32l4xx_hal_i2c_ex.o
 .ARM.attributes
                0x0000000000000636       0x34 ./Drivers/STM32L4xx_HAL_Driver/Src/stm32l4xx_hal_pwr_ex.o
 .ARM.attributes
                0x000000000000066a       0x34 ./Drivers/STM32L4xx_HAL_Driver/Src/stm32l4xx_hal_rcc.o
 .ARM.attributes
                0x000000000000069e       0x34 ./Drivers/STM32L4xx_HAL_Driver/Src/stm32l4xx_hal_rcc_ex.o
 .ARM.attributes
                0x00000000000006d2       0x34 ./Drivers/STM32L4xx_HAL_Driver/Src/stm32l4xx_hal_spi.o
 .ARM.attributes
                0x0000000000000706       0x34 ./Drivers/STM32L4xx_HAL_Driver/Src/stm32l4xx_hal_tim.o
 .ARM.attributes
                0x000000000000073a       0x34 ./Drivers/STM32L4xx_HAL_Driver/Src/stm32l4xx_hal_tim_ex.o
 .ARM.attributes
                0x000000000000076e       0x34 ./Drivers/STM32L4xx_HAL_Driver/Src/stm32l4xx_hal_uart.o
 .ARM.attributes
                0x00000000000007a2       0x21 ./startup/startup_stm32l475xx.o
 .ARM.attributes
                0x00000000000007c3       0x34 c:/st/stm32cubeide_1.12.1/stm32cubeide/plugins/com.st.stm32cube.ide.mcu.externaltools.gnu-tools-for-stm32.10.3-2021.10.win32_1.0.200.202301161003/tools/bin/../lib/gcc/arm-none-eabi/10.3.1/../../../../arm-none-eabi/lib/thumb/v7e-m+fp/hard\libc_nano.a(lib_a-errno.o)
 .ARM.attributes
                0x00000000000007f7       0x34 c:/st/stm32cubeide_1.12.1/stm32cubeide/plugins/com.st.stm32cube.ide.mcu.externaltools.gnu-tools-for-stm32.10.3-2021.10.win32_1.0.200.202301161003/tools/bin/../lib/gcc/arm-none-eabi/10.3.1/../../../../arm-none-eabi/lib/thumb/v7e-m+fp/hard\libc_nano.a(lib_a-impure.o)
 .ARM.attributes
                0x000000000000082b       0x34 c:/st/stm32cubeide_1.12.1/stm32cubeide/plugins/com.st.stm32cube.ide.mcu.externaltools.gnu-tools-for-stm32.10.3-2021.10.win32_1.0.200.202301161003/tools/bin/../lib/gcc/arm-none-eabi/10.3.1/../../../../arm-none-eabi/lib/thumb/v7e-m+fp/hard\libc_nano.a(lib_a-init.o)
 .ARM.attributes
                0x000000000000085f       0x34 c:/st/stm32cubeide_1.12.1/stm32cubeide/plugins/com.st.stm32cube.ide.mcu.externaltools.gnu-tools-for-stm32.10.3-2021.10.win32_1.0.200.202301161003/tools/bin/../lib/gcc/arm-none-eabi/10.3.1/../../../../arm-none-eabi/lib/thumb/v7e-m+fp/hard\libc_nano.a(lib_a-malloc.o)
 .ARM.attributes
                0x0000000000000893       0x34 c:/st/stm32cubeide_1.12.1/stm32cubeide/plugins/com.st.stm32cube.ide.mcu.externaltools.gnu-tools-for-stm32.10.3-2021.10.win32_1.0.200.202301161003/tools/bin/../lib/gcc/arm-none-eabi/10.3.1/../../../../arm-none-eabi/lib/thumb/v7e-m+fp/hard\libc_nano.a(lib_a-memcpy-stub.o)
 .ARM.attributes
                0x00000000000008c7       0x34 c:/st/stm32cubeide_1.12.1/stm32cubeide/plugins/com.st.stm32cube.ide.mcu.externaltools.gnu-tools-for-stm32.10.3-2021.10.win32_1.0.200.202301161003/tools/bin/../lib/gcc/arm-none-eabi/10.3.1/../../../../arm-none-eabi/lib/thumb/v7e-m+fp/hard\libc_nano.a(lib_a-memset.o)
 .ARM.attributes
                0x00000000000008fb       0x34 c:/st/stm32cubeide_1.12.1/stm32cubeide/plugins/com.st.stm32cube.ide.mcu.externaltools.gnu-tools-for-stm32.10.3-2021.10.win32_1.0.200.202301161003/tools/bin/../lib/gcc/arm-none-eabi/10.3.1/../../../../arm-none-eabi/lib/thumb/v7e-m+fp/hard\libc_nano.a(lib_a-nano-freer.o)
 .ARM.attributes
                0x000000000000092f       0x34 c:/st/stm32cubeide_1.12.1/stm32cubeide/plugins/com.st.stm32cube.ide.mcu.externaltools.gnu-tools-for-stm32.10.3-2021.10.win32_1.0.200.202301161003/tools/bin/../lib/gcc/arm-none-eabi/10.3.1/../../../../arm-none-eabi/lib/thumb/v7e-m+fp/hard\libc_nano.a(lib_a-nano-mallocr.o)
 .ARM.attributes
                0x0000000000000963       0x34 c:/st/stm32cubeide_1.12.1/stm32cubeide/plugins/com.st.stm32cube.ide.mcu.externaltools.gnu-tools-for-stm32.10.3-2021.10.win32_1.0.200.202301161003/tools/bin/../lib/gcc/arm-none-eabi/10.3.1/../../../../arm-none-eabi/lib/thumb/v7e-m+fp/hard\libc_nano.a(lib_a-realloc.o)
 .ARM.attributes
                0x0000000000000997       0x34 c:/st/stm32cubeide_1.12.1/stm32cubeide/plugins/com.st.stm32cube.ide.mcu.externaltools.gnu-tools-for-stm32.10.3-2021.10.win32_1.0.200.202301161003/tools/bin/../lib/gcc/arm-none-eabi/10.3.1/../../../../arm-none-eabi/lib/thumb/v7e-m+fp/hard\libc_nano.a(lib_a-sbrkr.o)
 .ARM.attributes
                0x00000000000009cb       0x34 c:/st/stm32cubeide_1.12.1/stm32cubeide/plugins/com.st.stm32cube.ide.mcu.externaltools.gnu-tools-for-stm32.10.3-2021.10.win32_1.0.200.202301161003/tools/bin/../lib/gcc/arm-none-eabi/10.3.1/../../../../arm-none-eabi/lib/thumb/v7e-m+fp/hard\libc_nano.a(lib_a-sprintf.o)
 .ARM.attributes
                0x00000000000009ff       0x34 c:/st/stm32cubeide_1.12.1/stm32cubeide/plugins/com.st.stm32cube.ide.mcu.externaltools.gnu-tools-for-stm32.10.3-2021.10.win32_1.0.200.202301161003/tools/bin/../lib/gcc/arm-none-eabi/10.3.1/../../../../arm-none-eabi/lib/thumb/v7e-m+fp/hard\libc_nano.a(lib_a-strcat.o)
 .ARM.attributes
                0x0000000000000a33       0x17 c:/st/stm32cubeide_1.12.1/stm32cubeide/plugins/com.st.stm32cube.ide.mcu.externaltools.gnu-tools-for-stm32.10.3-2021.10.win32_1.0.200.202301161003/tools/bin/../lib/gcc/arm-none-eabi/10.3.1/../../../../arm-none-eabi/lib/thumb/v7e-m+fp/hard\libc_nano.a(lib_a-strlen.o)
 .ARM.attributes
                0x0000000000000a4a       0x34 c:/st/stm32cubeide_1.12.1/stm32cubeide/plugins/com.st.stm32cube.ide.mcu.externaltools.gnu-tools-for-stm32.10.3-2021.10.win32_1.0.200.202301161003/tools/bin/../lib/gcc/arm-none-eabi/10.3.1/../../../../arm-none-eabi/lib/thumb/v7e-m+fp/hard\libc_nano.a(lib_a-mlock.o)
 .ARM.attributes
                0x0000000000000a7e       0x34 c:/st/stm32cubeide_1.12.1/stm32cubeide/plugins/com.st.stm32cube.ide.mcu.externaltools.gnu-tools-for-stm32.10.3-2021.10.win32_1.0.200.202301161003/tools/bin/../lib/gcc/arm-none-eabi/10.3.1/../../../../arm-none-eabi/lib/thumb/v7e-m+fp/hard\libc_nano.a(lib_a-nano-reallocr.o)
 .ARM.attributes
                0x0000000000000ab2       0x34 c:/st/stm32cubeide_1.12.1/stm32cubeide/plugins/com.st.stm32cube.ide.mcu.externaltools.gnu-tools-for-stm32.10.3-2021.10.win32_1.0.200.202301161003/tools/bin/../lib/gcc/arm-none-eabi/10.3.1/../../../../arm-none-eabi/lib/thumb/v7e-m+fp/hard\libc_nano.a(lib_a-nano-svfprintf.o)
 .ARM.attributes
                0x0000000000000ae6       0x34 c:/st/stm32cubeide_1.12.1/stm32cubeide/plugins/com.st.stm32cube.ide.mcu.externaltools.gnu-tools-for-stm32.10.3-2021.10.win32_1.0.200.202301161003/tools/bin/../lib/gcc/arm-none-eabi/10.3.1/../../../../arm-none-eabi/lib/thumb/v7e-m+fp/hard\libc_nano.a(lib_a-nano-vfprintf_i.o)
 .ARM.attributes
                0x0000000000000b1a       0x34 c:/st/stm32cubeide_1.12.1/stm32cubeide/plugins/com.st.stm32cube.ide.mcu.externaltools.gnu-tools-for-stm32.10.3-2021.10.win32_1.0.200.202301161003/tools/bin/../lib/gcc/arm-none-eabi/10.3.1/../../../../arm-none-eabi/lib/thumb/v7e-m+fp/hard\libc_nano.a(lib_a-reent.o)
 .ARM.attributes
                0x0000000000000b4e       0x34 c:/st/stm32cubeide_1.12.1/stm32cubeide/plugins/com.st.stm32cube.ide.mcu.externaltools.gnu-tools-for-stm32.10.3-2021.10.win32_1.0.200.202301161003/tools/bin/../lib/gcc/arm-none-eabi/10.3.1/../../../../arm-none-eabi/lib/thumb/v7e-m+fp/hard\libc_nano.a(lib_a-lock.o)
 .ARM.attributes
                0x0000000000000b82       0x1c c:/st/stm32cubeide_1.12.1/stm32cubeide/plugins/com.st.stm32cube.ide.mcu.externaltools.gnu-tools-for-stm32.10.3-2021.10.win32_1.0.200.202301161003/tools/bin/../lib/gcc/arm-none-eabi/10.3.1/../../../../arm-none-eabi/lib/thumb/v7e-m+fp/hard\libc_nano.a(lib_a-memchr.o)
 .ARM.attributes
                0x0000000000000b9e       0x34 c:/st/stm32cubeide_1.12.1/stm32cubeide/plugins/com.st.stm32cube.ide.mcu.externaltools.gnu-tools-for-stm32.10.3-2021.10.win32_1.0.200.202301161003/tools/bin/../lib/gcc/arm-none-eabi/10.3.1/../../../../arm-none-eabi/lib/thumb/v7e-m+fp/hard\libc_nano.a(lib_a-memmove.o)
 .ARM.attributes
                0x0000000000000bd2       0x34 c:/st/stm32cubeide_1.12.1/stm32cubeide/plugins/com.st.stm32cube.ide.mcu.externaltools.gnu-tools-for-stm32.10.3-2021.10.win32_1.0.200.202301161003/tools/bin/../lib/gcc/arm-none-eabi/10.3.1/../../../../arm-none-eabi/lib/thumb/v7e-m+fp/hard\libc_nano.a(lib_a-nano-msizer.o)
 .ARM.attributes
                0x0000000000000c06       0x1e c:/st/stm32cubeide_1.12.1/stm32cubeide/plugins/com.st.stm32cube.ide.mcu.externaltools.gnu-tools-for-stm32.10.3-2021.10.win32_1.0.200.202301161003/tools/bin/../lib/gcc/arm-none-eabi/10.3.1/thumb/v7e-m+fp/hard\libgcc.a(_arm_addsubdf3.o)
 .ARM.attributes
                0x0000000000000c24       0x1e c:/st/stm32cubeide_1.12.1/stm32cubeide/plugins/com.st.stm32cube.ide.mcu.externaltools.gnu-tools-for-stm32.10.3-2021.10.win32_1.0.200.202301161003/tools/bin/../lib/gcc/arm-none-eabi/10.3.1/thumb/v7e-m+fp/hard\libgcc.a(_aeabi_uldivmod.o)
 .ARM.attributes
                0x0000000000000c42       0x34 c:/st/stm32cubeide_1.12.1/stm32cubeide/plugins/com.st.stm32cube.ide.mcu.externaltools.gnu-tools-for-stm32.10.3-2021.10.win32_1.0.200.202301161003/tools/bin/../lib/gcc/arm-none-eabi/10.3.1/thumb/v7e-m+fp/hard\libgcc.a(_udivmoddi4.o)
 .ARM.attributes