Archive member included to satisfy reference by file (symbol)

C:/ST/STM32CubeIDE_1.13.2/STM32CubeIDE/plugins/com.st.stm32cube.ide.mcu.externaltools.gnu-tools-for-stm32.11.3.rel1.win32_1.1.1.202309131626/tools/bin/../lib/gcc/arm-none-eabi/11.3.1/../../../../arm-none-eabi/lib/thumb/v7e-m+fp/hard\libc_nano.a(libc_a-exit.o)
                              C:/ST/STM32CubeIDE_1.13.2/STM32CubeIDE/plugins/com.st.stm32cube.ide.mcu.externaltools.gnu-tools-for-stm32.11.3.rel1.win32_1.1.1.202309131626/tools/bin/../lib/gcc/arm-none-eabi/11.3.1/../../../../arm-none-eabi/lib/thumb/v7e-m+fp/hard/crt0.o (exit)
C:/ST/STM32CubeIDE_1.13.2/STM32CubeIDE/plugins/com.st.stm32cube.ide.mcu.externaltools.gnu-tools-for-stm32.11.3.rel1.win32_1.1.1.202309131626/tools/bin/../lib/gcc/arm-none-eabi/11.3.1/../../../../arm-none-eabi/lib/thumb/v7e-m+fp/hard\libc_nano.a(libc_a-malloc.o)
                              ./Core/Src/enable.o (malloc)
C:/ST/STM32CubeIDE_1.13.2/STM32CubeIDE/plugins/com.st.stm32cube.ide.mcu.externaltools.gnu-tools-for-stm32.11.3.rel1.win32_1.1.1.202309131626/tools/bin/../lib/gcc/arm-none-eabi/11.3.1/../../../../arm-none-eabi/lib/thumb/v7e-m+fp/hard\libc_nano.a(libc_a-mallocr.o)
                              C:/ST/STM32CubeIDE_1.13.2/STM32CubeIDE/plugins/com.st.stm32cube.ide.mcu.externaltools.gnu-tools-for-stm32.11.3.rel1.win32_1.1.1.202309131626/tools/bin/../lib/gcc/arm-none-eabi/11.3.1/../../../../arm-none-eabi/lib/thumb/v7e-m+fp/hard\libc_nano.a(libc_a-malloc.o) (_malloc_r)
C:/ST/STM32CubeIDE_1.13.2/STM32CubeIDE/plugins/com.st.stm32cube.ide.mcu.externaltools.gnu-tools-for-stm32.11.3.rel1.win32_1.1.1.202309131626/tools/bin/../lib/gcc/arm-none-eabi/11.3.1/../../../../arm-none-eabi/lib/thumb/v7e-m+fp/hard\libc_nano.a(libc_a-mlock.o)
                              C:/ST/STM32CubeIDE_1.13.2/STM32CubeIDE/plugins/com.st.stm32cube.ide.mcu.externaltools.gnu-tools-for-stm32.11.3.rel1.win32_1.1.1.202309131626/tools/bin/../lib/gcc/arm-none-eabi/11.3.1/../../../../arm-none-eabi/lib/thumb/v7e-m+fp/hard\libc_nano.a(libc_a-mallocr.o) (__malloc_lock)
C:/ST/STM32CubeIDE_1.13.2/STM32CubeIDE/plugins/com.st.stm32cube.ide.mcu.externaltools.gnu-tools-for-stm32.11.3.rel1.win32_1.1.1.202309131626/tools/bin/../lib/gcc/arm-none-eabi/11.3.1/../../../../arm-none-eabi/lib/thumb/v7e-m+fp/hard\libc_nano.a(libc_a-realloc.o)
                              ./Core/Src/uart_manager.o (realloc)
C:/ST/STM32CubeIDE_1.13.2/STM32CubeIDE/plugins/com.st.stm32cube.ide.mcu.externaltools.gnu-tools-for-stm32.11.3.rel1.win32_1.1.1.202309131626/tools/bin/../lib/gcc/arm-none-eabi/11.3.1/../../../../arm-none-eabi/lib/thumb/v7e-m+fp/hard\libc_nano.a(libc_a-reallocr.o)
                              C:/ST/STM32CubeIDE_1.13.2/STM32CubeIDE/plugins/com.st.stm32cube.ide.mcu.externaltools.gnu-tools-for-stm32.11.3.rel1.win32_1.1.1.202309131626/tools/bin/../lib/gcc/arm-none-eabi/11.3.1/../../../../arm-none-eabi/lib/thumb/v7e-m+fp/hard\libc_nano.a(libc_a-realloc.o) (_realloc_r)
C:/ST/STM32CubeIDE_1.13.2/STM32CubeIDE/plugins/com.st.stm32cube.ide.mcu.externaltools.gnu-tools-for-stm32.11.3.rel1.win32_1.1.1.202309131626/tools/bin/../lib/gcc/arm-none-eabi/11.3.1/../../../../arm-none-eabi/lib/thumb/v7e-m+fp/hard\libc_nano.a(libc_a-findfp.o)
                              C:/ST/STM32CubeIDE_1.13.2/STM32CubeIDE/plugins/com.st.stm32cube.ide.mcu.externaltools.gnu-tools-for-stm32.11.3.rel1.win32_1.1.1.202309131626/tools/bin/../lib/gcc/arm-none-eabi/11.3.1/../../../../arm-none-eabi/lib/thumb/v7e-m+fp/hard\libc_nano.a(libc_a-exit.o) (__stdio_exit_handler)
C:/ST/STM32CubeIDE_1.13.2/STM32CubeIDE/plugins/com.st.stm32cube.ide.mcu.externaltools.gnu-tools-for-stm32.11.3.rel1.win32_1.1.1.202309131626/tools/bin/../lib/gcc/arm-none-eabi/11.3.1/../../../../arm-none-eabi/lib/thumb/v7e-m+fp/hard\libc_nano.a(libc_a-fwalk.o)
                              C:/ST/STM32CubeIDE_1.13.2/STM32CubeIDE/plugins/com.st.stm32cube.ide.mcu.externaltools.gnu-tools-for-stm32.11.3.rel1.win32_1.1.1.202309131626/tools/bin/../lib/gcc/arm-none-eabi/11.3.1/../../../../arm-none-eabi/lib/thumb/v7e-m+fp/hard\libc_nano.a(libc_a-findfp.o) (_fwalk_sglue)
C:/ST/STM32CubeIDE_1.13.2/STM32CubeIDE/plugins/com.st.stm32cube.ide.mcu.externaltools.gnu-tools-for-stm32.11.3.rel1.win32_1.1.1.202309131626/tools/bin/../lib/gcc/arm-none-eabi/11.3.1/../../../../arm-none-eabi/lib/thumb/v7e-m+fp/hard\libc_nano.a(libc_a-sprintf.o)
                              ./Core/Src/idle_state.o (sprintf)
C:/ST/STM32CubeIDE_1.13.2/STM32CubeIDE/plugins/com.st.stm32cube.ide.mcu.externaltools.gnu-tools-for-stm32.11.3.rel1.win32_1.1.1.202309131626/tools/bin/../lib/gcc/arm-none-eabi/11.3.1/../../../../arm-none-eabi/lib/thumb/v7e-m+fp/hard\libc_nano.a(libc_a-stdio.o)
                              C:/ST/STM32CubeIDE_1.13.2/STM32CubeIDE/plugins/com.st.stm32cube.ide.mcu.externaltools.gnu-tools-for-stm32.11.3.rel1.win32_1.1.1.202309131626/tools/bin/../lib/gcc/arm-none-eabi/11.3.1/../../../../arm-none-eabi/lib/thumb/v7e-m+fp/hard\libc_nano.a(libc_a-findfp.o) (__sread)
[...]
Memory Configuration

Name             Origin             Length             Attributes
RAM              0x0000000020000000 0x0000000000018000 xrw
RAM2             0x0000000010000000 0x0000000000008000 xrw
FLASH            0x0000000008000000 0x0000000000100000 xr
*default*        0x0000000000000000 0xffffffffffffffff

Linker script and memory map

LOAD C:/ST/STM32CubeIDE_1.13.2/STM32CubeIDE/plugins/com.st.stm32cube.ide.mcu.externaltools.gnu-tools-for-stm32.11.3.rel1.win32_1.1.1.202309131626/tools/bin/../lib/gcc/arm-none-eabi/11.3.1/thumb/v7e-m+fp/hard/crti.o
LOAD C:/ST/STM32CubeIDE_1.13.2/STM32CubeIDE/plugins/com.st.stm32cube.ide.mcu.externaltools.gnu-tools-for-stm32.11.3.rel1.win32_1.1.1.202309131626/tools/bin/../lib/gcc/arm-none-eabi/11.3.1/thumb/v7e-m+fp/hard/crtbegin.o
LOAD C:/ST/STM32CubeIDE_1.13.2/STM32CubeIDE/plugins/com.st.stm32cube.ide.mcu.externaltools.gnu-tools-for-stm32.11.3.rel1.win32_1.1.1.202309131626/tools/bin/../lib/gcc/arm-none-eabi/11.3.1/../../../../arm-none-eabi/lib/thumb/v7e-m+fp/hard/crt0.o
LOAD ./Core/Src/ble_check_state.o
LOAD ./Core/Src/enable.o
LOAD ./Core/Src/general_functions.o
LOAD ./Core/Src/idle_state.o
LOAD ./Core/Src/io_manager.o
LOAD ./Core/Src/main.o
LOAD ./Core/Src/sensors.o
LOAD ./Core/Src/startup_state.o
LOAD ./Core/Src/state_all.o
LOAD ./Core/Src/state_machine.o
LOAD ./Core/Src/stm32l4xx_hal_msp.o
LOAD ./Core/Src/stm32l4xx_it.o
LOAD ./Core/Src/syscalls.o
LOAD ./Core/Src/system_stm32l4xx.o
LOAD ./Core/Src/time_manager.o
LOAD ./Core/Src/uart_manager.o
LOAD ./Drivers/BSP/source/cs42l51.o
LOAD ./Drivers/BSP/source/cs43l22.o
LOAD ./Drivers/BSP/source/cy8c4014lqi.o
LOAD ./Drivers/BSP/source/ft3x67.o
LOAD ./Drivers/BSP/source/ft5336.o
LOAD ./Drivers/BSP/source/ft6x06.o
LOAD ./Drivers/BSP/source/hts221.o
LOAD ./Drivers/BSP/source/hx8347g.o
LOAD ./Drivers/BSP/source/hx8347i.o
LOAD ./Drivers/BSP/source/l3gd20.o
LOAD ./Drivers/BSP/source/lis3mdl.o
LOAD ./Drivers/BSP/source/lps22hb.o
LOAD ./Drivers/BSP/source/ls016b8uy.o
LOAD ./Drivers/BSP/source/lsm303c.o
LOAD ./Drivers/BSP/source/lsm303dlhc.o
LOAD ./Drivers/BSP/source/lsm6dsl.o
LOAD ./Drivers/BSP/source/m24sr.o
LOAD ./Drivers/BSP/source/mfxstm32l152.o
LOAD ./Drivers/BSP/source/ov9655.o
LOAD ./Drivers/BSP/source/st25dv.o
LOAD ./Drivers/BSP/source/st25dv_reg.o
LOAD ./Drivers/BSP/source/st7735.o
LOAD ./Drivers/BSP/source/st7789h2.o
LOAD ./Drivers/BSP/source/stm32l475e_iot01.o
LOAD ./Drivers/BSP/source/stm32l475e_iot01_accelero.o
LOAD ./Drivers/BSP/source/stm32l475e_iot01_gyro.o
LOAD ./Drivers/BSP/source/stm32l475e_iot01_hsensor.o
LOAD ./Drivers/BSP/source/stm32l475e_iot01_magneto.o
LOAD ./Drivers/BSP/source/stm32l475e_iot01_psensor.o
LOAD ./Drivers/BSP/source/stm32l475e_iot01_tsensor.o
LOAD ./Drivers/BSP/source/stmpe1600.o
LOAD ./Drivers/BSP/source/stmpe811.o
LOAD ./Drivers/BSP/source/wm8994.o
LOAD ./Drivers/STM32L4xx_HAL_Driver/Src/stm32l4xx_hal.o
LOAD ./Drivers/STM32L4xx_HAL_Driver/Src/stm32l4xx_hal_cortex.o
LOAD ./Drivers/STM32L4xx_HAL_Driver/Src/stm32l4xx_hal_dfsdm.o
LOAD ./Drivers/STM32L4xx_HAL_Driver/Src/stm32l4xx_hal_dma.o
LOAD ./Drivers/STM32L4xx_HAL_Driver/Src/stm32l4xx_hal_dma_ex.o
LOAD ./Drivers/STM32L4xx_HAL_Driver/Src/stm32l4xx_hal_exti.o
LOAD ./Drivers/STM32L4xx_HAL_Driver/Src/stm32l4xx_hal_flash.o
LOAD ./Drivers/STM32L4xx_HAL_Driver/Src/stm32l4xx_hal_flash_ex.o
LOAD ./Drivers/STM32L4xx_HAL_Driver/Src/stm32l4xx_hal_flash_ramfunc.o
LOAD ./Drivers/STM32L4xx_HAL_Driver/Src/stm32l4xx_hal_gpio.o
LOAD ./Drivers/STM32L4xx_HAL_Driver/Src/stm32l4xx_hal_i2c.o
LOAD ./Drivers/STM32L4xx_HAL_Driver/Src/stm32l4xx_hal_i2c_ex.o
LOAD ./Drivers/STM32L4xx_HAL_Driver/Src/stm32l4xx_hal_lcd.o
LOAD ./Drivers/STM32L4xx_HAL_Driver/Src/stm32l4xx_hal_lptim.o
LOAD ./Drivers/STM32L4xx_HAL_Driver/Src/stm32l4xx_hal_pwr.o
LOAD ./Drivers/STM32L4xx_HAL_Driver/Src/stm32l4xx_hal_pwr_ex.o
LOAD ./Drivers/STM32L4xx_HAL_Driver/Src/stm32l4xx_hal_qspi.o
LOAD ./Drivers/STM32L4xx_HAL_Driver/Src/stm32l4xx_hal_rcc.o
LOAD ./Drivers/STM32L4xx_HAL_Driver/Src/stm32l4xx_hal_rcc_ex.o
LOAD ./Drivers/STM32L4xx_HAL_Driver/Src/stm32l4xx_hal_rtc.o
LOAD ./Drivers/STM32L4xx_HAL_Driver/Src/stm32l4xx_hal_rtc_ex.o
LOAD ./Drivers/STM32L4xx_HAL_Driver/Src/stm32l4xx_hal_sai.o
LOAD ./Drivers/STM32L4xx_HAL_Driver/Src/stm32l4xx_hal_spi.o
LOAD ./Drivers/STM32L4xx_HAL_Driver/Src/stm32l4xx_hal_spi_ex.o
LOAD ./Drivers/STM32L4xx_HAL_Driver/Src/stm32l4xx_hal_sram.o
LOAD ./Drivers/STM32L4xx_HAL_Driver/Src/stm32l4xx_hal_swpmi.o
LOAD ./Drivers/STM32L4xx_HAL_Driver/Src/stm32l4xx_hal_tim.o
LOAD ./Drivers/STM32L4xx_HAL_Driver/Src/stm32l4xx_hal_tim_ex.o
LOAD ./Drivers/STM32L4xx_HAL_Driver/Src/stm32l4xx_hal_uart.o
LOAD ./Drivers/STM32L4xx_HAL_Driver/Src/stm32l4xx_hal_uart_ex.o
LOAD ./Drivers/STM32L4xx_HAL_Driver/Src/stm32l4xx_ll_fmc.o
LOAD ./Drivers/STM32L4xx_HAL_Driver/Src/stm32l4xx_ll_sdmmc.o
LOAD ./Drivers/STM32L4xx_HAL_Driver/Src/stm32l4xx_ll_usb.o
LOAD ./startup/startup_stm32l475xx.o
START GROUP
LOAD C:/ST/STM32CubeIDE_1.13.2/STM32CubeIDE/plugins/com.st.stm32cube.ide.mcu.externaltools.gnu-tools-for-stm32.11.3.rel1.win32_1.1.1.202309131626/tools/bin/../lib/gcc/arm-none-eabi/11.3.1/../../../../arm-none-eabi/lib/thumb/v7e-m+fp/hard\libc_nano.a
LOAD C:/ST/STM32CubeIDE_1.13.2/STM32CubeIDE/plugins/com.st.stm32cube.ide.mcu.externaltools.gnu-tools-for-stm32.11.3.rel1.win32_1.1.1.202309131626/tools/bin/../lib/gcc/arm-none-eabi/11.3.1/../../../../arm-none-eabi/lib/thumb/v7e-m+fp/hard\libm.a
END GROUP
START GROUP
LOAD C:/ST/STM32CubeIDE_1.13.2/STM32CubeIDE/plugins/com.st.stm32cube.ide.mcu.externaltools.gnu-tools-for-stm32.11.3.rel1.win32_1.1.1.202309131626/tools/bin/../lib/gcc/arm-none-eabi/11.3.1/thumb/v7e-m+fp/hard\libgcc.a
LOAD C:/ST/STM32CubeIDE_1.13.2/STM32CubeIDE/plugins/com.st.stm32cube.ide.mcu.externaltools.gnu-tools-for-stm32.11.3.rel1.win32_1.1.1.202309131626/tools/bin/../lib/gcc/arm-none-eabi/11.3.1/../../../../arm-none-eabi/lib/thumb/v7e-m+fp/hard\libc_nano.a
END GROUP
START GROUP
LOAD C:/ST/STM32CubeIDE_1.13.2/STM32CubeIDE/plugins/com.st.stm32cube.ide.mcu.externaltools.gnu-tools-for-stm32.11.3.rel1.win32_1.1.1.202309131626/tools/bin/../lib/gcc/arm-none-eabi/11.3.1/thumb/v7e-m+fp/hard\libgcc.a
LOAD C:/ST/STM32CubeIDE_1.13.2/STM32CubeIDE/plugins/com.st.stm32cube.ide.mcu.externaltools.gnu-tools-for-stm32.11.3.rel1.win32_1.1.1.202309131626/tools/bin/../lib/gcc/arm-none-eabi/11.3.1/../../../../arm-none-eabi/lib/thumb/v7e-m+fp/hard\libc_nano.a
LOAD C:/ST/STM32CubeIDE_1.13.2/STM32CubeIDE/plugins/com.st.stm32cube.ide.mcu.externaltools.gnu-tools-for-stm32.11.3.rel1.win32_1.1.1.202309131626/tools/bin/../lib/gcc/arm-none-eabi/11.3.1/../../../../arm-none-eabi/lib/thumb/v7e-m+fp/hard\libnosys.a
END GROUP
START GROUP
LOAD C:/ST/STM32CubeIDE_1.13.2/STM32CubeIDE/plugins/com.st.stm32cube.ide.mcu.externaltools.gnu-tools-for-stm32.11.3.rel1.win32_1.1.1.202309131626/tools/bin/../lib/gcc/arm-none-eabi/11.3.1/thumb/v7e-m+fp/hard\libgcc.a
LOAD C:/ST/STM32CubeIDE_1.13.2/STM32CubeIDE/plugins/com.st.stm32cube.ide.mcu.externaltools.gnu-tools-for-stm32.11.3.rel1.win32_1.1.1.202309131626/tools/bin/../lib/gcc/arm-none-eabi/11.3.1/../../../../arm-none-eabi/lib/thumb/v7e-m+fp/hard\libc_nano.a
LOAD C:/ST/STM32CubeIDE_1.13.2/STM32CubeIDE/plugins/com.st.stm32cube.ide.mcu.externaltools.gnu-tools-for-stm32.11.3.rel1.win32_1.1.1.202309131626/tools/bin/../lib/gcc/arm-none-eabi/11.3.1/../../../../arm-none-eabi/lib/thumb/v7e-m+fp/hard\libnosys.a
END GROUP
LOAD C:/ST/STM32CubeIDE_1.13.2/STM32CubeIDE/plugins/com.st.stm32cube.ide.mcu.externaltools.gnu-tools-for-stm32.11.3.rel1.win32_1.1.1.202309131626/tools/bin/../lib/gcc/arm-none-eabi/11.3.1/thumb/v7e-m+fp/hard/crtend.o
LOAD C:/ST/STM32CubeIDE_1.13.2/STM32CubeIDE/plugins/com.st.stm32cube.ide.mcu.externaltools.gnu-tools-for-stm32.11.3.rel1.win32_1.1.1.202309131626/tools/bin/../lib/gcc/arm-none-eabi/11.3.1/thumb/v7e-m+fp/hard/crtn.o
                0x0000000020018000                _estack = 0x20018000
                0x0000000000000200                _Min_Heap_Size = 0x200
                0x0000000000000400                _Min_Stack_Size = 0x400

.isr_vector     0x0000000008000000      0x188
                0x0000000008000000                . = ALIGN (0x8)
 *(.isr_vector)
 .isr_vector    0x0000000008000000      0x188 ./startup/startup_stm32l475xx.o
                0x0000000008000000                g_pfnVectors
                0x0000000008000188                . = ALIGN (0x8)

.text           0x0000000008000190     0x6d28
                0x0000000008000190                . = ALIGN (0x8)
 *(.text)
 .text          0x0000000008000190       0x40 C:/ST/STM32CubeIDE_1.13.2/STM32CubeIDE/plugins/com.st.stm32cube.ide.mcu.externaltools.gnu-tools-for-stm32.11.3.rel1.win32_1.1.1.202309131626/tools/bin/../lib/gcc/arm-none-eabi/11.3.1/thumb/v7e-m+fp/hard/crtbegin.o
 .text          0x00000000080001d0       0x10 C:/ST/STM32CubeIDE_1.13.2/STM32CubeIDE/plugins/com.st.stm32cube.ide.mcu.externaltools.gnu-tools-for-stm32.11.3.rel1.win32_1.1.1.202309131626/tools/bin/../lib/gcc/arm-none-eabi/11.3.1/../../../../arm-none-eabi/lib/thumb/v7e-m+fp/hard\libc_nano.a(libc_a-strlen.o)
                0x00000000080001d0                strlen
 .text          0x00000000080001e0       0xa0 C:/ST/STM32CubeIDE_1.13.2/STM32CubeIDE/plugins/com.st.stm32cube.ide.mcu.externaltools.gnu-tools-for-stm32.11.3.rel1.win32_1.1.1.202309131626/tools/bin/../lib/gcc/arm-none-eabi/11.3.1/../../../../arm-none-eabi/lib/thumb/v7e-m+fp/hard\libc_nano.a(libc_a-memchr.o)
                0x00000000080001e0                memchr
 .text          0x0000000008000280       0x30 C:/ST/STM32CubeIDE_1.13.2/STM32CubeIDE/plugins/com.st.stm32cube.ide.mcu.externaltools.gnu-tools-for-stm32.11.3.rel1.win32_1.1.1.202309131626/tools/bin/../lib/gcc/arm-none-eabi/11.3.1/thumb/v7e-m+fp/hard\libgcc.a(_aeabi_uldivmod.o)
                0x0000000008000280                __aeabi_uldivmod
 .text          0x00000000080002b0      0x2c8 C:/ST/STM32CubeIDE_1.13.2/STM32CubeIDE/plugins/com.st.stm32cube.ide.mcu.externaltools.gnu-tools-for-stm32.11.3.rel1.win32_1.1.1.202309131626/tools/bin/../lib/gcc/arm-none-eabi/11.3.1/thumb/v7e-m+fp/hard\libgcc.a(_udivmoddi4.o)
                0x00000000080002b0                __udivmoddi4
 .text          0x0000000008000578        0x4 C:/ST/STM32CubeIDE_1.13.2/STM32CubeIDE/plugins/com.st.stm32cube.ide.mcu.externaltools.gnu-tools-for-stm32.11.3.rel1.win32_1.1.1.202309131626/tools/bin/../lib/gcc/arm-none-eabi/11.3.1/thumb/v7e-m+fp/hard\libgcc.a(_dvmd_tls.o)
                0x0000000008000578                __aeabi_idiv0
                0x0000000008000578                __aeabi_ldiv0
 *(.text*)
 .text.blink    0x000000000800057c       0x1c ./Core/Src/ble_check_state.o
                0x000000000800057c                blink
 .text.ble_check_enter
                0x0000000008000598       0x34 ./Core/Src/ble_check_state.o
                0x0000000008000598                ble_check_enter
 .text.ble_check_beforeLoop
                0x00000000080005cc        0x2 ./Core/Src/ble_check_state.o
                0x00000000080005cc                ble_check_beforeLoop
 *fill*         0x00000000080005ce        0x2 
 .text.ble_check_loop
                0x00000000080005d0       0x18 ./Core/Src/ble_check_state.o
                0x00000000080005d0                ble_check_loop
 .text.ble_check_afterLoop
                0x00000000080005e8        0x4 ./Core/Src/ble_check_state.o
                0x00000000080005e8                ble_check_afterLoop
 .text.fetchBleEvent
                0x00000000080005ec       0xf0 ./Core/Src/enable.o
                0x00000000080005ec                fetchBleEvent
 .text.checkEventResp
                0x00000000080006dc       0x2a ./Core/Src/enable.o
                0x00000000080006dc                checkEventResp
 *fill*         0x0000000008000706        0x2 
 .text.sendCommand
                0x0000000008000708       0x80 ./Core/Src/enable.o
                0x0000000008000708                sendCommand
 .text.setConnectable
                0x0000000008000788       0xc8 ./Core/Src/enable.o
                0x0000000008000788                setConnectable
 .text.catchBLE
                0x0000000008000850       0x28 ./Core/Src/enable.o
                0x0000000008000850                catchBLE
 .text.BLE_command
                0x0000000008000878       0x64 ./Core/Src/enable.o
                0x0000000008000878                BLE_command
 .text.addService
                0x00000000080008dc       0x68 ./Core/Src/enable.o
                0x00000000080008dc                addService
 .text.addCharacteristic
                0x0000000008000944       0x7c ./Core/Src/enable.o
                0x0000000008000944                addCharacteristic
 .text.updateCharValue
                0x00000000080009c0       0x84 ./Core/Src/enable.o
                0x00000000080009c0                updateCharValue
 .text.ble_init
                0x0000000008000a44      0x3a8 ./Core/Src/enable.o
                0x0000000008000a44                ble_init
 .text.buttonToggled
                0x0000000008000dec       0x28 ./Core/Src/general_functions.o
                0x0000000008000dec                buttonToggled
 .text.testBSPfunctions
                0x0000000008000e14      0x114 ./Core/Src/idle_state.o
                0x0000000008000e14                testBSPfunctions
 .text.idle_enter
                0x0000000008000f28       0x34 ./Core/Src/idle_state.o
                0x0000000008000f28                idle_enter
 .text.idle_beforeLoop
                0x0000000008000f5c       0x40 ./Core/Src/idle_state.o
                0x0000000008000f5c                idle_beforeLoop
 .text.idle_loop
                0x0000000008000f9c        0x2 ./Core/Src/idle_state.o
                0x0000000008000f9c                idle_loop
 .text.idle_afterLoop
                0x0000000008000f9e        0x2 ./Core/Src/idle_state.o
                0x0000000008000f9e                idle_afterLoop
 .text.bspFunctionInit
                0x0000000008000fa0       0x3c ./Core/Src/io_manager.o
                0x0000000008000fa0                bspFunctionInit
 .text.setMappedFunction
                0x0000000008000fdc       0x24 ./Core/Src/io_manager.o
                0x0000000008000fdc                setMappedFunction
 .text.setDigital
                0x0000000008001000       0x20 ./Core/Src/io_manager.o
                0x0000000008001000                setDigital
 .text.readDigital
                0x0000000008001020       0x24 ./Core/Src/io_manager.o
                0x0000000008001020                readDigital
 .text.bspGetValue
                0x0000000008001044       0x20 ./Core/Src/io_manager.o
                0x0000000008001044                bspGetValue
 .text.bspGetTripleValue
                0x0000000008001064       0x64 ./Core/Src/io_manager.o
                0x0000000008001064                bspGetTripleValue
 .text.MX_GPIO_Init
                0x00000000080010c8      0x13c ./Core/Src/main.o
 .text.Error_Handler
                0x0000000008001204        0x4 ./Core/Src/main.o
                0x0000000008001204                Error_Handler
 .text.MX_SPI3_Init
                0x0000000008001208       0x48 ./Core/Src/main.o
 .text.MX_I2C2_Init
                0x0000000008001250       0x5c ./Core/Src/main.o
 .text.MX_TIM6_Init
                0x00000000080012ac       0x60 ./Core/Src/main.o
 .text.MX_TIM15_Init
                0x000000000800130c       0xc4 ./Core/Src/main.o
 .text.SystemClock_Config
                0x00000000080013d0       0x7c ./Core/Src/main.o
                0x00000000080013d0                SystemClock_Config
 .text.main     0x000000000800144c       0x2a ./Core/Src/main.o
                0x000000000800144c                main
 *fill*         0x0000000008001476        0x2 
 .text.initLPS22hh
                0x0000000008001478       0x28 ./Core/Src/sensors.o
                0x0000000008001478                initLPS22hh
 .text.initHTS221
                0x00000000080014a0      0x2c4 ./Core/Src/sensors.o
                0x00000000080014a0                initHTS221
 .text.startToF
                0x0000000008001764       0x28 ./Core/Src/sensors.o
                0x0000000008001764                startToF
 .text.init_accelerometer
                0x000000000800178c       0x28 ./Core/Src/sensors.o
                0x000000000800178c                init_accelerometer
 .text.init_magnetometer
                0x00000000080017b4       0x24 ./Core/Src/sensors.o
                0x00000000080017b4                init_magnetometer
 .text.startup_enter
                0x00000000080017d8      0x178 ./Core/Src/startup_state.o
                0x00000000080017d8                startup_enter
 .text.startup_beforeLoop
                0x0000000008001950        0x2 ./Core/Src/startup_state.o
                0x0000000008001950                startup_beforeLoop
 .text.startup_loop
                0x0000000008001952        0x2 ./Core/Src/startup_state.o
                0x0000000008001952                startup_loop
 .text.startup_afterLoop
                0x0000000008001954        0x2 ./Core/Src/startup_state.o
                0x0000000008001954                startup_afterLoop
 *fill*         0x0000000008001956        0x2 
 .text.externalSetup
                0x0000000008001958       0x68 ./Core/Src/state_all.o
                0x0000000008001958                externalSetup
 .text.isValidState
                0x00000000080019c0        0xe ./Core/Src/state_machine.o
                0x00000000080019c0                isValidState
 *fill*         0x00000000080019ce        0x2 
 .text.setExitCondition
                0x00000000080019d0       0x28 ./Core/Src/state_machine.o
                0x00000000080019d0                setExitCondition
 .text.setState
                0x00000000080019f8       0x1c ./Core/Src/state_machine.o
                0x00000000080019f8                setState
 .text.setStateTimeout
                0x0000000008001a14       0x30 ./Core/Src/state_machine.o
                0x0000000008001a14                setStateTimeout
 .text.setup    0x0000000008001a44       0x88 ./Core/Src/state_machine.o
                0x0000000008001a44                setup
 .text.loop     0x0000000008001acc      0x184 ./Core/Src/state_machine.o
                0x0000000008001acc                loop
 .text.HAL_MspInit
                0x0000000008001c50       0x30 ./Core/Src/stm32l4xx_hal_msp.o
                0x0000000008001c50                HAL_MspInit
 .text.HAL_I2C_MspInit
                0x0000000008001c80       0x70 ./Core/Src/stm32l4xx_hal_msp.o
                0x0000000008001c80                HAL_I2C_MspInit
 .text.HAL_I2C_MspDeInit
                0x0000000008001cf0       0x3c ./Core/Src/stm32l4xx_hal_msp.o
                0x0000000008001cf0                HAL_I2C_MspDeInit
 .text.HAL_SPI_MspInit
                0x0000000008001d2c       0x6c ./Core/Src/stm32l4xx_hal_msp.o
                0x0000000008001d2c                HAL_SPI_MspInit
 .text.HAL_TIM_Base_MspInit
                0x0000000008001d98       0x40 ./Core/Src/stm32l4xx_hal_msp.o
                0x0000000008001d98                HAL_TIM_Base_MspInit
 .text.HAL_TIM_PWM_MspInit
                0x0000000008001dd8       0x2c ./Core/Src/stm32l4xx_hal_msp.o
                0x0000000008001dd8                HAL_TIM_PWM_MspInit
 .text.HAL_TIM_MspPostInit
                0x0000000008001e04       0x54 ./Core/Src/stm32l4xx_hal_msp.o
                0x0000000008001e04                HAL_TIM_MspPostInit
 .text.NMI_Handler
                0x0000000008001e58        0x2 ./Core/Src/stm32l4xx_it.o
                0x0000000008001e58                NMI_Handler
 .text.HardFault_Handler
                0x0000000008001e5a        0x2 ./Core/Src/stm32l4xx_it.o
                0x0000000008001e5a                HardFault_Handler
 .text.MemManage_Handler
                0x0000000008001e5c        0x2 ./Core/Src/stm32l4xx_it.o
                0x0000000008001e5c                MemManage_Handler
 .text.BusFault_Handler
                0x0000000008001e5e        0x2 ./Core/Src/stm32l4xx_it.o
                0x0000000008001e5e                BusFault_Handler
 .text.UsageFault_Handler
                0x0000000008001e60        0x2 ./Core/Src/stm32l4xx_it.o
                0x0000000008001e60                UsageFault_Handler
 .text.SVC_Handler
                0x0000000008001e62        0x2 ./Core/Src/stm32l4xx_it.o
                0x0000000008001e62                SVC_Handler
 .text.DebugMon_Handler
                0x0000000008001e64        0x2 ./Core/Src/stm32l4xx_it.o
                0x0000000008001e64                DebugMon_Handler
 .text.PendSV_Handler
                0x0000000008001e66        0x2 ./Core/Src/stm32l4xx_it.o
                0x0000000008001e66                PendSV_Handler
 .text.SysTick_Handler
                0x0000000008001e68        0x8 ./Core/Src/stm32l4xx_it.o
                0x0000000008001e68                SysTick_Handler
 .text.EXTI9_5_IRQHandler
                0x0000000008001e70       0x14 ./Core/Src/stm32l4xx_it.o
                0x0000000008001e70                EXTI9_5_IRQHandler
 .text.TIM6_DAC_IRQHandler
                0x0000000008001e84       0x18 ./Core/Src/stm32l4xx_it.o
                0x0000000008001e84                TIM6_DAC_IRQHandler
 .text._sbrk    0x0000000008001e9c       0x3c ./Core/Src/syscalls.o
                0x0000000008001e9c                _sbrk
 .text.SystemInit
                0x0000000008001ed8       0x48 ./Core/Src/system_stm32l4xx.o
                0x0000000008001ed8                SystemInit
 .text.isValidTimer
                0x0000000008001f20        0x8 ./Core/Src/time_manager.o
                0x0000000008001f20                isValidTimer
 .text.initTimers
                0x0000000008001f28       0x3c ./Core/Src/time_manager.o
                0x0000000008001f28                initTimers
 .text.setTimer
                0x0000000008001f64       0x4c ./Core/Src/time_manager.o
                0x0000000008001f64                setTimer
 .text.setStateMachineTimer
                0x0000000008001fb0       0x14 ./Core/Src/time_manager.o
                0x0000000008001fb0                setStateMachineTimer
 .text.timePassed
                0x0000000008001fc4        0xc ./Core/Src/time_manager.o
                0x0000000008001fc4                timePassed
 .text.concat   0x0000000008001fd0       0x26 ./Core/Src/uart_manager.o
 *fill*         0x0000000008001ff6        0x2 
 .text.reset    0x0000000008001ff8       0x18 ./Core/Src/uart_manager.o
 .text.sendMessage
                0x0000000008002010       0x24 ./Core/Src/uart_manager.o
                0x0000000008002010                sendMessage
 .text.appendMessage
                0x0000000008002034       0x14 ./Core/Src/uart_manager.o
                0x0000000008002034                appendMessage
 .text.uart_init
                0x0000000008002048       0x3c ./Core/Src/uart_manager.o
                0x0000000008002048                uart_init
 .text.HTS221_H_Init
                0x0000000008002084       0x1e ./Drivers/BSP/source/hts221.o
                0x0000000008002084                HTS221_H_Init
 .text.HTS221_T_Init
                0x00000000080020a2       0x1e ./Drivers/BSP/source/hts221.o
                0x00000000080020a2                HTS221_T_Init
 .text.HTS221_H_ReadID
                0x00000000080020c0       0x12 ./Drivers/BSP/source/hts221.o
                0x00000000080020c0                HTS221_H_ReadID
 *fill*         0x00000000080020d2        0x2 
 .text.HTS221_H_ReadHumidity
                0x00000000080020d4       0xe4 ./Drivers/BSP/source/hts221.o
                0x00000000080020d4                HTS221_H_ReadHumidity
 .text.HTS221_T_ReadTemp
                0x00000000080021b8       0xb6 ./Drivers/BSP/source/hts221.o
                0x00000000080021b8                HTS221_T_ReadTemp
 .text.LIS3MDL_MagInit
                0x000000000800226e       0x4c ./Drivers/BSP/source/lis3mdl.o
                0x000000000800226e                LIS3MDL_MagInit
 .text.LIS3MDL_MagDeInit
                0x00000000080022ba       0x1c ./Drivers/BSP/source/lis3mdl.o
                0x00000000080022ba                LIS3MDL_MagDeInit
 .text.LIS3MDL_MagLowPower
                0x00000000080022d6       0x20 ./Drivers/BSP/source/lis3mdl.o
                0x00000000080022d6                LIS3MDL_MagLowPower
 .text.LIS3MDL_MagReadID
                0x00000000080022f6       0x10 ./Drivers/BSP/source/lis3mdl.o
                0x00000000080022f6                LIS3MDL_MagReadID
 *fill*         0x0000000008002306        0x2 
 .text.LIS3MDL_MagReadXYZ
                0x0000000008002308       0xc0 ./Drivers/BSP/source/lis3mdl.o
                0x0000000008002308                LIS3MDL_MagReadXYZ
 .text.LPS22HB_P_ReadPressure
                0x00000000080023c8       0x7c ./Drivers/BSP/source/lps22hb.o
                0x00000000080023c8                LPS22HB_P_ReadPressure
 .text.LPS22HB_T_ReadTemp
                0x0000000008002444       0x58 ./Drivers/BSP/source/lps22hb.o
                0x0000000008002444                LPS22HB_T_ReadTemp
 .text.LPS22HB_Init
                0x000000000800249c       0x36 ./Drivers/BSP/source/lps22hb.o
 .text.LPS22HB_P_Init
                0x00000000080024d2        0x8 ./Drivers/BSP/source/lps22hb.o
                0x00000000080024d2                LPS22HB_P_Init
 .text.LPS22HB_T_Init
                0x00000000080024da        0x8 ./Drivers/BSP/source/lps22hb.o
                0x00000000080024da                LPS22HB_T_Init
 .text.LPS22HB_P_ReadID
                0x00000000080024e2       0x12 ./Drivers/BSP/source/lps22hb.o
                0x00000000080024e2                LPS22HB_P_ReadID
 .text.LSM6DSL_AccInit
                0x00000000080024f4       0x36 ./Drivers/BSP/source/lsm6dsl.o
                0x00000000080024f4                LSM6DSL_AccInit
 .text.LSM6DSL_AccDeInit
                0x000000000800252a       0x18 ./Drivers/BSP/source/lsm6dsl.o
                0x000000000800252a                LSM6DSL_AccDeInit
 .text.LSM6DSL_AccLowPower
                0x0000000008002542       0x20 ./Drivers/BSP/source/lsm6dsl.o
                0x0000000008002542                LSM6DSL_AccLowPower
 .text.LSM6DSL_GyroInit
                0x0000000008002562       0x36 ./Drivers/BSP/source/lsm6dsl.o
                0x0000000008002562                LSM6DSL_GyroInit
 .text.LSM6DSL_GyroDeInit
                0x0000000008002598       0x18 ./Drivers/BSP/source/lsm6dsl.o
                0x0000000008002598                LSM6DSL_GyroDeInit
 .text.LSM6DSL_GyroLowPower
                0x00000000080025b0       0x20 ./Drivers/BSP/source/lsm6dsl.o
                0x00000000080025b0                LSM6DSL_GyroLowPower
 .text.LSM6DSL_AccReadID
                0x00000000080025d0       0x10 ./Drivers/BSP/source/lsm6dsl.o
                0x00000000080025d0                LSM6DSL_AccReadID
 .text.LSM6DSL_GyroReadID
                0x00000000080025e0       0x10 ./Drivers/BSP/source/lsm6dsl.o
                0x00000000080025e0                LSM6DSL_GyroReadID
 .text.LSM6DSL_AccReadXYZ
                0x00000000080025f0       0xc0 ./Drivers/BSP/source/lsm6dsl.o
                0x00000000080025f0                LSM6DSL_AccReadXYZ
 .text.LSM6DSL_GyroReadXYZAngRate
                0x00000000080026b0       0xbc ./Drivers/BSP/source/lsm6dsl.o
                0x00000000080026b0                LSM6DSL_GyroReadXYZAngRate
 .text.I2Cx_MspInit
                0x000000000800276c       0x90 ./Drivers/BSP/source/stm32l475e_iot01.o
 .text.I2Cx_Init
                0x00000000080027fc       0x38 ./Drivers/BSP/source/stm32l475e_iot01.o
 .text.I2Cx_Error
                0x0000000008002834       0x10 ./Drivers/BSP/source/stm32l475e_iot01.o
 .text.I2Cx_WriteMultiple
                0x0000000008002844       0x32 ./Drivers/BSP/source/stm32l475e_iot01.o
 .text.I2Cx_ReadMultiple
                0x0000000008002876       0x32 ./Drivers/BSP/source/stm32l475e_iot01.o
 .text.SENSOR_IO_Init
                0x00000000080028a8       0x10 ./Drivers/BSP/source/stm32l475e_iot01.o
                0x00000000080028a8                SENSOR_IO_Init
 .text.SENSOR_IO_Write
                0x00000000080028b8       0x28 ./Drivers/BSP/source/stm32l475e_iot01.o
                0x00000000080028b8                SENSOR_IO_Write
 .text.SENSOR_IO_Read
                0x00000000080028e0       0x2c ./Drivers/BSP/source/stm32l475e_iot01.o
                0x00000000080028e0                SENSOR_IO_Read
 .text.SENSOR_IO_ReadMultiple
                0x000000000800290c       0x20 ./Drivers/BSP/source/stm32l475e_iot01.o
                0x000000000800290c                SENSOR_IO_ReadMultiple
 .text.BSP_ACCELERO_Init
                0x000000000800292c       0x4c ./Drivers/BSP/source/stm32l475e_iot01_accelero.o
                0x000000000800292c                BSP_ACCELERO_Init
 .text.BSP_ACCELERO_AccGetXYZ
                0x0000000008002978       0x14 ./Drivers/BSP/source/stm32l475e_iot01_accelero.o
                0x0000000008002978                BSP_ACCELERO_AccGetXYZ
 .text.BSP_GYRO_Init
                0x000000000800298c       0x54 ./Drivers/BSP/source/stm32l475e_iot01_gyro.o
                0x000000000800298c                BSP_GYRO_Init
 .text.BSP_GYRO_GetXYZ
                0x00000000080029e0       0x14 ./Drivers/BSP/source/stm32l475e_iot01_gyro.o
                0x00000000080029e0                BSP_GYRO_GetXYZ
 .text.BSP_HSENSOR_Init
                0x00000000080029f4       0x2c ./Drivers/BSP/source/stm32l475e_iot01_hsensor.o
                0x00000000080029f4                BSP_HSENSOR_Init
 .text.BSP_HSENSOR_ReadHumidity
                0x0000000008002a20       0x14 ./Drivers/BSP/source/stm32l475e_iot01_hsensor.o
                0x0000000008002a20                BSP_HSENSOR_ReadHumidity
 .text.BSP_MAGNETO_Init
                0x0000000008002a34       0x4c ./Drivers/BSP/source/stm32l475e_iot01_magneto.o
                0x0000000008002a34                BSP_MAGNETO_Init
 .text.BSP_MAGNETO_GetXYZ
                0x0000000008002a80       0x14 ./Drivers/BSP/source/stm32l475e_iot01_magneto.o
                0x0000000008002a80                BSP_MAGNETO_GetXYZ
 .text.BSP_PSENSOR_Init
                0x0000000008002a94       0x2c ./Drivers/BSP/source/stm32l475e_iot01_psensor.o
                0x0000000008002a94                BSP_PSENSOR_Init
 .text.BSP_PSENSOR_ReadPressure
                0x0000000008002ac0       0x14 ./Drivers/BSP/source/stm32l475e_iot01_psensor.o
                0x0000000008002ac0                BSP_PSENSOR_ReadPressure
 .text.BSP_TSENSOR_Init
                0x0000000008002ad4       0x24 ./Drivers/BSP/source/stm32l475e_iot01_tsensor.o
                0x0000000008002ad4                BSP_TSENSOR_Init
 .text.BSP_TSENSOR_ReadTemp
                0x0000000008002af8       0x14 ./Drivers/BSP/source/stm32l475e_iot01_tsensor.o
                0x0000000008002af8                BSP_TSENSOR_ReadTemp
 .text.HAL_InitTick
                0x0000000008002b0c       0x4c ./Drivers/STM32L4xx_HAL_Driver/Src/stm32l4xx_hal.o
                0x0000000008002b0c                HAL_InitTick
 .text.HAL_Init
                0x0000000008002b58       0x1e ./Drivers/STM32L4xx_HAL_Driver/Src/stm32l4xx_hal.o
                0x0000000008002b58                HAL_Init
 *fill*         0x0000000008002b76        0x2 
 .text.HAL_IncTick
                0x0000000008002b78       0x18 ./Drivers/STM32L4xx_HAL_Driver/Src/stm32l4xx_hal.o
                0x0000000008002b78                HAL_IncTick
 .text.HAL_GetTick
                0x0000000008002b90        0xc ./Drivers/STM32L4xx_HAL_Driver/Src/stm32l4xx_hal.o
                0x0000000008002b90                HAL_GetTick
 .text.HAL_Delay
                0x0000000008002b9c       0x28 ./Drivers/STM32L4xx_HAL_Driver/Src/stm32l4xx_hal.o
                0x0000000008002b9c                HAL_Delay
 .text.HAL_NVIC_SetPriorityGrouping
                0x0000000008002bc4       0x24 ./Drivers/STM32L4xx_HAL_Driver/Src/stm32l4xx_hal_cortex.o
                0x0000000008002bc4                HAL_NVIC_SetPriorityGrouping
 .text.HAL_NVIC_SetPriority
                0x0000000008002be8       0x70 ./Drivers/STM32L4xx_HAL_Driver/Src/stm32l4xx_hal_cortex.o
                0x0000000008002be8                HAL_NVIC_SetPriority
 .text.HAL_NVIC_EnableIRQ
                0x0000000008002c58       0x1c ./Drivers/STM32L4xx_HAL_Driver/Src/stm32l4xx_hal_cortex.o
                0x0000000008002c58                HAL_NVIC_EnableIRQ
 .text.HAL_SYSTICK_Config
                0x0000000008002c74       0x28 ./Drivers/STM32L4xx_HAL_Driver/Src/stm32l4xx_hal_cortex.o
                0x0000000008002c74                HAL_SYSTICK_Config
 .text.HAL_GPIO_Init
                0x0000000008002c9c      0x1d8 ./Drivers/STM32L4xx_HAL_Driver/Src/stm32l4xx_hal_gpio.o
                0x0000000008002c9c                HAL_GPIO_Init
 .text.HAL_GPIO_DeInit
                0x0000000008002e74      0x130 ./Drivers/STM32L4xx_HAL_Driver/Src/stm32l4xx_hal_gpio.o
                0x0000000008002e74                HAL_GPIO_DeInit
 .text.HAL_GPIO_ReadPin
                0x0000000008002fa4        0xe ./Drivers/STM32L4xx_HAL_Driver/Src/stm32l4xx_hal_gpio.o
                0x0000000008002fa4                HAL_GPIO_ReadPin
 .text.HAL_GPIO_WritePin
                0x0000000008002fb2        0xa ./Drivers/STM32L4xx_HAL_Driver/Src/stm32l4xx_hal_gpio.o
                0x0000000008002fb2                HAL_GPIO_WritePin
 .text.HAL_GPIO_EXTI_Callback
                0x0000000008002fbc        0x2 ./Drivers/STM32L4xx_HAL_Driver/Src/stm32l4xx_hal_gpio.o
                0x0000000008002fbc                HAL_GPIO_EXTI_Callback
 *fill*         0x0000000008002fbe        0x2 
 .text.HAL_GPIO_EXTI_IRQHandler
                0x0000000008002fc0       0x1c ./Drivers/STM32L4xx_HAL_Driver/Src/stm32l4xx_hal_gpio.o
                0x0000000008002fc0                HAL_GPIO_EXTI_IRQHandler
 .text.I2C_Flush_TXDR
                0x0000000008002fdc       0x22 ./Drivers/STM32L4xx_HAL_Driver/Src/stm32l4xx_hal_i2c.o
 .text.I2C_TransferConfig
                0x0000000008002ffe       0x38 ./Drivers/STM32L4xx_HAL_Driver/Src/stm32l4xx_hal_i2c.o
 .text.I2C_IsAcknowledgeFailed
                0x0000000008003036       0x90 ./Drivers/STM32L4xx_HAL_Driver/Src/stm32l4xx_hal_i2c.o
 .text.I2C_WaitOnTXISFlagUntilTimeout
                0x00000000080030c6       0x56 ./Drivers/STM32L4xx_HAL_Driver/Src/stm32l4xx_hal_i2c.o
 .text.I2C_WaitOnFlagUntilTimeout
                0x000000000800311c       0x56 ./Drivers/STM32L4xx_HAL_Driver/Src/stm32l4xx_hal_i2c.o
 *fill*         0x0000000008003172        0x2 
 .text.I2C_RequestMemoryWrite
                0x0000000008003174       0x7c ./Drivers/STM32L4xx_HAL_Driver/Src/stm32l4xx_hal_i2c.o
 .text.I2C_RequestMemoryRead
                0x00000000080031f0       0x78 ./Drivers/STM32L4xx_HAL_Driver/Src/stm32l4xx_hal_i2c.o
 .text.I2C_WaitOnSTOPFlagUntilTimeout
                0x0000000008003268       0x50 ./Drivers/STM32L4xx_HAL_Driver/Src/stm32l4xx_hal_i2c.o
 .text.I2C_WaitOnRXNEFlagUntilTimeout
                0x00000000080032b8       0x98 ./Drivers/STM32L4xx_HAL_Driver/Src/stm32l4xx_hal_i2c.o
 .text.HAL_I2C_Init
                0x0000000008003350       0xbc ./Drivers/STM32L4xx_HAL_Driver/Src/stm32l4xx_hal_i2c.o
                0x0000000008003350                HAL_I2C_Init
 .text.HAL_I2C_DeInit
                0x000000000800340c       0x32 ./Drivers/STM32L4xx_HAL_Driver/Src/stm32l4xx_hal_i2c.o
                0x000000000800340c                HAL_I2C_DeInit
 *fill*         0x000000000800343e        0x2 
 .text.HAL_I2C_Master_Transmit
                0x0000000008003440      0x17c ./Drivers/STM32L4xx_HAL_Driver/Src/stm32l4xx_hal_i2c.o
                0x0000000008003440                HAL_I2C_Master_Transmit
 .text.HAL_I2C_Master_Receive
                0x00000000080035bc      0x17c ./Drivers/STM32L4xx_HAL_Driver/Src/stm32l4xx_hal_i2c.o
                0x00000000080035bc                HAL_I2C_Master_Receive
 .text.HAL_I2C_Mem_Write
                0x0000000008003738      0x1a8 ./Drivers/STM32L4xx_HAL_Driver/Src/stm32l4xx_hal_i2c.o
                0x0000000008003738                HAL_I2C_Mem_Write
 .text.HAL_I2C_Mem_Read
                0x00000000080038e0      0x1b0 ./Drivers/STM32L4xx_HAL_Driver/Src/stm32l4xx_hal_i2c.o
                0x00000000080038e0                HAL_I2C_Mem_Read
 .text.HAL_I2CEx_ConfigAnalogFilter
                0x0000000008003a90       0x5c ./Drivers/STM32L4xx_HAL_Driver/Src/stm32l4xx_hal_i2c_ex.o
                0x0000000008003a90                HAL_I2CEx_ConfigAnalogFilter
 .text.HAL_I2CEx_ConfigDigitalFilter
                0x0000000008003aec       0x58 ./Drivers/STM32L4xx_HAL_Driver/Src/stm32l4xx_hal_i2c_ex.o
                0x0000000008003aec                HAL_I2CEx_ConfigDigitalFilter
 .text.HAL_PWREx_GetVoltageRange
                0x0000000008003b44       0x10 ./Drivers/STM32L4xx_HAL_Driver/Src/stm32l4xx_hal_pwr_ex.o
                0x0000000008003b44                HAL_PWREx_GetVoltageRange
 .text.HAL_PWREx_ControlVoltageScaling
                0x0000000008003b54       0x90 ./Drivers/STM32L4xx_HAL_Driver/Src/stm32l4xx_hal_pwr_ex.o
                0x0000000008003b54                HAL_PWREx_ControlVoltageScaling
 .text.RCC_SetFlashLatencyFromMSIRange
                0x0000000008003be4       0x90 ./Drivers/STM32L4xx_HAL_Driver/Src/stm32l4xx_hal_rcc.o
 .text.HAL_RCC_GetSysClockFreq
                0x0000000008003c74       0xb4 ./Drivers/STM32L4xx_HAL_Driver/Src/stm32l4xx_hal_rcc.o
                0x0000000008003c74                HAL_RCC_GetSysClockFreq
 .text.HAL_RCC_OscConfig
                0x0000000008003d28      0x62c ./Drivers/STM32L4xx_HAL_Driver/Src/stm32l4xx_hal_rcc.o
                0x0000000008003d28                HAL_RCC_OscConfig
 .text.HAL_RCC_ClockConfig
                0x0000000008004354      0x15c ./Drivers/STM32L4xx_HAL_Driver/Src/stm32l4xx_hal_rcc.o
                0x0000000008004354                HAL_RCC_ClockConfig
 .text.HAL_RCC_GetHCLKFreq
                0x00000000080044b0        0xc ./Drivers/STM32L4xx_HAL_Driver/Src/stm32l4xx_hal_rcc.o
                0x00000000080044b0                HAL_RCC_GetHCLKFreq
 .text.HAL_RCC_GetPCLK1Freq
                0x00000000080044bc       0x24 ./Drivers/STM32L4xx_HAL_Driver/Src/stm32l4xx_hal_rcc.o
                0x00000000080044bc                HAL_RCC_GetPCLK1Freq
 .text.HAL_RCC_GetPCLK2Freq
                0x00000000080044e0       0x24 ./Drivers/STM32L4xx_HAL_Driver/Src/stm32l4xx_hal_rcc.o
                0x00000000080044e0                HAL_RCC_GetPCLK2Freq
 .text.RCCEx_PLLSAI1_Config
                0x0000000008004504      0x170 ./Drivers/STM32L4xx_HAL_Driver/Src/stm32l4xx_hal_rcc_ex.o
 .text.RCCEx_PLLSAI2_Config
                0x0000000008004674      0x14c ./Drivers/STM32L4xx_HAL_Driver/Src/stm32l4xx_hal_rcc_ex.o
 .text.HAL_RCCEx_PeriphCLKConfig
                0x00000000080047c0      0x454 ./Drivers/STM32L4xx_HAL_Driver/Src/stm32l4xx_hal_rcc_ex.o
                0x00000000080047c0                HAL_RCCEx_PeriphCLKConfig
 .text.SPI_WaitFlagStateUntilTimeout
                0x0000000008004c14       0xd0 ./Drivers/STM32L4xx_HAL_Driver/Src/stm32l4xx_hal_spi.o
 .text.SPI_WaitFifoStateUntilTimeout
                0x0000000008004ce4       0xe0 ./Drivers/STM32L4xx_HAL_Driver/Src/stm32l4xx_hal_spi.o
 .text.SPI_EndRxTxTransaction
                0x0000000008004dc4       0x62 ./Drivers/STM32L4xx_HAL_Driver/Src/stm32l4xx_hal_spi.o
 .text.HAL_SPI_Init
                0x0000000008004e26       0xde ./Drivers/STM32L4xx_HAL_Driver/Src/stm32l4xx_hal_spi.o
                0x0000000008004e26                HAL_SPI_Init
 .text.HAL_SPI_Transmit
                0x0000000008004f04      0x202 ./Drivers/STM32L4xx_HAL_Driver/Src/stm32l4xx_hal_spi.o
                0x0000000008004f04                HAL_SPI_Transmit
 .text.HAL_SPI_TransmitReceive
                0x0000000008005106      0x2de ./Drivers/STM32L4xx_HAL_Driver/Src/stm32l4xx_hal_spi.o
                0x0000000008005106                HAL_SPI_TransmitReceive
 .text.TIM_OC1_SetConfig
                0x00000000080053e4       0x9c ./Drivers/STM32L4xx_HAL_Driver/Src/stm32l4xx_hal_tim.o
 .text.TIM_OC3_SetConfig
                0x0000000008005480       0x8c ./Drivers/STM32L4xx_HAL_Driver/Src/stm32l4xx_hal_tim.o
 .text.TIM_OC4_SetConfig
                0x000000000800550c       0x6c ./Drivers/STM32L4xx_HAL_Driver/Src/stm32l4xx_hal_tim.o
 .text.TIM_OC5_SetConfig
                0x0000000008005578       0x68 ./Drivers/STM32L4xx_HAL_Driver/Src/stm32l4xx_hal_tim.o
 .text.TIM_OC6_SetConfig
                0x00000000080055e0       0x6c ./Drivers/STM32L4xx_HAL_Driver/Src/stm32l4xx_hal_tim.o
 .text.HAL_TIM_Base_Start_IT
                0x000000000800564c       0x8c ./Drivers/STM32L4xx_HAL_Driver/Src/stm32l4xx_hal_tim.o
                0x000000000800564c                HAL_TIM_Base_Start_IT
 .text.HAL_TIM_PeriodElapsedCallback
                0x00000000080056d8        0x2 ./Drivers/STM32L4xx_HAL_Driver/Src/stm32l4xx_hal_tim.o
                0x00000000080056d8                HAL_TIM_PeriodElapsedCallback
 .text.HAL_TIM_OC_DelayElapsedCallback
                0x00000000080056da        0x2 ./Drivers/STM32L4xx_HAL_Driver/Src/stm32l4xx_hal_tim.o
                0x00000000080056da                HAL_TIM_OC_DelayElapsedCallback
 .text.HAL_TIM_IC_CaptureCallback
                0x00000000080056dc        0x2 ./Drivers/STM32L4xx_HAL_Driver/Src/stm32l4xx_hal_tim.o
                0x00000000080056dc                HAL_TIM_IC_CaptureCallback
 .text.HAL_TIM_PWM_PulseFinishedCallback
                0x00000000080056de        0x2 ./Drivers/STM32L4xx_HAL_Driver/Src/stm32l4xx_hal_tim.o
                0x00000000080056de                HAL_TIM_PWM_PulseFinishedCallback
 .text.HAL_TIM_TriggerCallback
                0x00000000080056e0        0x2 ./Drivers/STM32L4xx_HAL_Driver/Src/stm32l4xx_hal_tim.o
                0x00000000080056e0                HAL_TIM_TriggerCallback
 .text.HAL_TIM_IRQHandler
                0x00000000080056e2      0x19a ./Drivers/STM32L4xx_HAL_Driver/Src/stm32l4xx_hal_tim.o
                0x00000000080056e2                HAL_TIM_IRQHandler
 .text.TIM_Base_SetConfig
                0x000000000800587c       0xc8 ./Drivers/STM32L4xx_HAL_Driver/Src/stm32l4xx_hal_tim.o
                0x000000000800587c                TIM_Base_SetConfig
 .text.HAL_TIM_Base_Init
                0x0000000008005944       0x60 ./Drivers/STM32L4xx_HAL_Driver/Src/stm32l4xx_hal_tim.o
                0x0000000008005944                HAL_TIM_Base_Init
 .text.HAL_TIM_PWM_Init
                0x00000000080059a4       0x60 ./Drivers/STM32L4xx_HAL_Driver/Src/stm32l4xx_hal_tim.o
                0x00000000080059a4                HAL_TIM_PWM_Init
 .text.TIM_OC2_SetConfig
                0x0000000008005a04       0x8c ./Drivers/STM32L4xx_HAL_Driver/Src/stm32l4xx_hal_tim.o
                0x0000000008005a04                TIM_OC2_SetConfig
 .text.HAL_TIM_PWM_ConfigChannel
                0x0000000008005a90      0x128 ./Drivers/STM32L4xx_HAL_Driver/Src/stm32l4xx_hal_tim.o
                0x0000000008005a90                HAL_TIM_PWM_ConfigChannel
 .text.TIM_CCxChannelCmd
                0x0000000008005bb8       0x1e ./Drivers/STM32L4xx_HAL_Driver/Src/stm32l4xx_hal_tim.o
                0x0000000008005bb8                TIM_CCxChannelCmd
 *fill*         0x0000000008005bd6        0x2 
 .text.HAL_TIM_PWM_Start
                0x0000000008005bd8      0x168 ./Drivers/STM32L4xx_HAL_Driver/Src/stm32l4xx_hal_tim.o
                0x0000000008005bd8                HAL_TIM_PWM_Start
 .text.HAL_TIMEx_MasterConfigSynchronization
                0x0000000008005d40       0x98 ./Drivers/STM32L4xx_HAL_Driver/Src/stm32l4xx_hal_tim_ex.o
                0x0000000008005d40                HAL_TIMEx_MasterConfigSynchronization
 .text.HAL_TIMEx_ConfigBreakDeadTime
                0x0000000008005dd8       0x90 ./Drivers/STM32L4xx_HAL_Driver/Src/stm32l4xx_hal_tim_ex.o
                0x0000000008005dd8                HAL_TIMEx_ConfigBreakDeadTime
 .text.HAL_TIMEx_CommutCallback
                0x0000000008005e68        0x2 ./Drivers/STM32L4xx_HAL_Driver/Src/stm32l4xx_hal_tim_ex.o
                0x0000000008005e68                HAL_TIMEx_CommutCallback
 .text.HAL_TIMEx_BreakCallback
                0x0000000008005e6a        0x2 ./Drivers/STM32L4xx_HAL_Driver/Src/stm32l4xx_hal_tim_ex.o
                0x0000000008005e6a                HAL_TIMEx_BreakCallback
 .text.HAL_TIMEx_Break2Callback
                0x0000000008005e6c        0x2 ./Drivers/STM32L4xx_HAL_Driver/Src/stm32l4xx_hal_tim_ex.o
                0x0000000008005e6c                HAL_TIMEx_Break2Callback
 .text.HAL_UART_MspInit
                0x0000000008005e6e        0x2 ./Drivers/STM32L4xx_HAL_Driver/Src/stm32l4xx_hal_uart.o
                0x0000000008005e6e                HAL_UART_MspInit
 .text.UART_SetConfig
                0x0000000008005e70      0x328 ./Drivers/STM32L4xx_HAL_Driver/Src/stm32l4xx_hal_uart.o
                0x0000000008005e70                UART_SetConfig
 .text.UART_AdvFeatureConfig
                0x0000000008006198       0xca ./Drivers/STM32L4xx_HAL_Driver/Src/stm32l4xx_hal_uart.o
                0x0000000008006198                UART_AdvFeatureConfig
 .text.UART_WaitOnFlagUntilTimeout
                0x0000000008006262       0xa8 ./Drivers/STM32L4xx_HAL_Driver/Src/stm32l4xx_hal_uart.o
                0x0000000008006262                UART_WaitOnFlagUntilTimeout
 .text.HAL_UART_Transmit
                0x000000000800630a       0xd8 ./Drivers/STM32L4xx_HAL_Driver/Src/stm32l4xx_hal_uart.o
                0x000000000800630a                HAL_UART_Transmit
 .text.UART_CheckIdleState
                0x00000000080063e2       0x70 ./Drivers/STM32L4xx_HAL_Driver/Src/stm32l4xx_hal_uart.o
                0x00000000080063e2                UART_CheckIdleState
 .text.HAL_UART_Init
                0x0000000008006452       0x62 ./Drivers/STM32L4xx_HAL_Driver/Src/stm32l4xx_hal_uart.o
                0x0000000008006452                HAL_UART_Init
 .text.Reset_Handler
                0x00000000080064b4       0x50 ./startup/startup_stm32l475xx.o
                0x00000000080064b4                Reset_Handler
 .text.Default_Handler
                0x0000000008006504        0x2 ./startup/startup_stm32l475xx.o
                0x0000000008006504                RTC_Alarm_IRQHandler
                0x0000000008006504                EXTI2_IRQHandler
                0x0000000008006504                TIM8_TRG_COM_IRQHandler
                0x0000000008006504                TIM8_CC_IRQHandler
                0x0000000008006504                TIM1_CC_IRQHandler
                0x0000000008006504                TSC_IRQHandler
                0x0000000008006504                TAMP_STAMP_IRQHandler
                0x0000000008006504                EXTI3_IRQHandler
                0x0000000008006504                LPTIM2_IRQHandler
                0x0000000008006504                DFSDM1_FLT1_IRQHandler
                0x0000000008006504                I2C3_ER_IRQHandler
                0x0000000008006504                DFSDM1_FLT2_IRQHandler
                0x0000000008006504                EXTI0_IRQHandler
                0x0000000008006504                I2C2_EV_IRQHandler
                0x0000000008006504                CAN1_RX0_IRQHandler
                0x0000000008006504                FPU_IRQHandler
                0x0000000008006504                TIM1_UP_TIM16_IRQHandler
                0x0000000008006504                ADC1_2_IRQHandler
                0x0000000008006504                SPI1_IRQHandler
                0x0000000008006504                TIM8_UP_IRQHandler
                0x0000000008006504                DMA2_Channel2_IRQHandler
                0x0000000008006504                DMA1_Channel4_IRQHandler
                0x0000000008006504                SAI2_IRQHandler
                0x0000000008006504                DFSDM1_FLT3_IRQHandler
                0x0000000008006504                USART3_IRQHandler
                0x0000000008006504                DMA1_Channel7_IRQHandler
                0x0000000008006504                CAN1_RX1_IRQHandler
                0x0000000008006504                UART5_IRQHandler
                0x0000000008006504                ADC3_IRQHandler
                0x0000000008006504                TIM4_IRQHandler
                0x0000000008006504                DMA2_Channel1_IRQHandler
                0x0000000008006504                QUADSPI_IRQHandler
                0x0000000008006504                I2C1_EV_IRQHandler
                0x0000000008006504                DMA1_Channel6_IRQHandler
                0x0000000008006504                UART4_IRQHandler
                0x0000000008006504                DMA2_Channel4_IRQHandler
                0x0000000008006504                TIM3_IRQHandler
                0x0000000008006504                RCC_IRQHandler
                0x0000000008006504                DMA1_Channel1_IRQHandler
                0x0000000008006504                Default_Handler
                0x0000000008006504                DMA2_Channel7_IRQHandler
                0x0000000008006504                EXTI15_10_IRQHandler
                0x0000000008006504                TIM7_IRQHandler
                0x0000000008006504                SDMMC1_IRQHandler
                0x0000000008006504                TIM5_IRQHandler
                0x0000000008006504                I2C3_EV_IRQHandler
                0x0000000008006504                RTC_WKUP_IRQHandler
                0x0000000008006504                PVD_PVM_IRQHandler
                0x0000000008006504                SPI2_IRQHandler
                0x0000000008006504                CAN1_TX_IRQHandler
                0x0000000008006504                DMA2_Channel5_IRQHandler
                0x0000000008006504                DMA1_Channel5_IRQHandler
                0x0000000008006504                EXTI4_IRQHandler
                0x0000000008006504                RNG_IRQHandler
                0x0000000008006504                TIM1_TRG_COM_TIM17_IRQHandler
                0x0000000008006504                DMA1_Channel3_IRQHandler
                0x0000000008006504                COMP_IRQHandler
                0x0000000008006504                WWDG_IRQHandler
                0x0000000008006504                LPUART1_IRQHandler
                0x0000000008006504                DMA2_Channel6_IRQHandler
                0x0000000008006504                TIM2_IRQHandler
                0x0000000008006504                EXTI1_IRQHandler
                0x0000000008006504                USART2_IRQHandler
                0x0000000008006504                DFSDM1_FLT0_IRQHandler
                0x0000000008006504                I2C2_ER_IRQHandler
                0x0000000008006504                DMA1_Channel2_IRQHandler
                0x0000000008006504                TIM8_BRK_IRQHandler
                0x0000000008006504                CAN1_SCE_IRQHandler
                0x0000000008006504                FLASH_IRQHandler
                0x0000000008006504                USART1_IRQHandler
                0x0000000008006504                OTG_FS_IRQHandler
                0x0000000008006504                SPI3_IRQHandler
                0x0000000008006504                I2C1_ER_IRQHandler
                0x0000000008006504                FMC_IRQHandler
                0x0000000008006504                SWPMI1_IRQHandler
                0x0000000008006504                LPTIM1_IRQHandler
                0x0000000008006504                SAI1_IRQHandler
                0x0000000008006504                DMA2_Channel3_IRQHandler
                0x0000000008006504                TIM1_BRK_TIM15_IRQHandler
 *fill*         0x0000000008006506        0x2 
 .text.malloc   0x0000000008006508       0x10 C:/ST/STM32CubeIDE_1.13.2/STM32CubeIDE/plugins/com.st.stm32cube.ide.mcu.externaltools.gnu-tools-for-stm32.11.3.rel1.win32_1.1.1.202309131626/tools/bin/../lib/gcc/arm-none-eabi/11.3.1/../../../../arm-none-eabi/lib/thumb/v7e-m+fp/hard\libc_nano.a(libc_a-malloc.o)
                0x0000000008006508                malloc
 .text.free     0x0000000008006518       0x10 C:/ST/STM32CubeIDE_1.13.2/STM32CubeIDE/plugins/com.st.stm32cube.ide.mcu.externaltools.gnu-tools-for-stm32.11.3.rel1.win32_1.1.1.202309131626/tools/bin/../lib/gcc/arm-none-eabi/11.3.1/../../../../arm-none-eabi/lib/thumb/v7e-m+fp/hard\libc_nano.a(libc_a-malloc.o)
                0x0000000008006518                free
 .text.sbrk_aligned
                0x0000000008006528       0x40 C:/ST/STM32CubeIDE_1.13.2/STM32CubeIDE/plugins/com.st.stm32cube.ide.mcu.externaltools.gnu-tools-for-stm32.11.3.rel1.win32_1.1.1.202309131626/tools/bin/../lib/gcc/arm-none-eabi/11.3.1/../../../../arm-none-eabi/lib/thumb/v7e-m+fp/hard\libc_nano.a(libc_a-mallocr.o)
 .text._malloc_r
                0x0000000008006568      0x100 C:/ST/STM32CubeIDE_1.13.2/STM32CubeIDE/plugins/com.st.stm32cube.ide.mcu.externaltools.gnu-tools-for-stm32.11.3.rel1.win32_1.1.1.202309131626/tools/bin/../lib/gcc/arm-none-eabi/11.3.1/../../../../arm-none-eabi/lib/thumb/v7e-m+fp/hard\libc_nano.a(libc_a-mallocr.o)
                0x0000000008006568                _malloc_r
 .text.__malloc_lock
                0x0000000008006668        0xc C:/ST/STM32CubeIDE_1.13.2/STM32CubeIDE/plugins/com.st.stm32cube.ide.mcu.externaltools.gnu-tools-for-stm32.11.3.rel1.win32_1.1.1.202309131626/tools/bin/../lib/gcc/arm-none-eabi/11.3.1/../../../../arm-none-eabi/lib/thumb/v7e-m+fp/hard\libc_nano.a(libc_a-mlock.o)
                0x0000000008006668                __malloc_lock
 .text.__malloc_unlock
                0x0000000008006674        0xc C:/ST/STM32CubeIDE_1.13.2/STM32CubeIDE/plugins/com.st.stm32cube.ide.mcu.externaltools.gnu-tools-for-stm32.11.3.rel1.win32_1.1.1.202309131626/tools/bin/../lib/gcc/arm-none-eabi/11.3.1/../../../../arm-none-eabi/lib/thumb/v7e-m+fp/hard\libc_nano.a(libc_a-mlock.o)
                0x0000000008006674                __malloc_unlock
 .text.realloc  0x0000000008006680       0x10 C:/ST/STM32CubeIDE_1.13.2/STM32CubeIDE/plugins/com.st.stm32cube.ide.mcu.externaltools.gnu-tools-for-stm32.11.3.rel1.win32_1.1.1.202309131626/tools/bin/../lib/gcc/arm-none-eabi/11.3.1/../../../../arm-none-eabi/lib/thumb/v7e-m+fp/hard\libc_nano.a(libc_a-realloc.o)
                0x0000000008006680                realloc
 .text._realloc_r
                0x0000000008006690       0x5e C:/ST/STM32CubeIDE_1.13.2/STM32CubeIDE/plugins/com.st.stm32cube.ide.mcu.externaltools.gnu-tools-for-stm32.11.3.rel1.win32_1.1.1.202309131626/tools/bin/../lib/gcc/arm-none-eabi/11.3.1/../../../../arm-none-eabi/lib/thumb/v7e-m+fp/hard\libc_nano.a(libc_a-reallocr.o)
                0x0000000008006690                _realloc_r
 *fill*         0x00000000080066ee        0x2 
 .text.sprintf  0x00000000080066f0       0x40 C:/ST/STM32CubeIDE_1.13.2/STM32CubeIDE/plugins/com.st.stm32cube.ide.mcu.externaltools.gnu-tools-for-stm32.11.3.rel1.win32_1.1.1.202309131626/tools/bin/../lib/gcc/arm-none-eabi/11.3.1/../../../../arm-none-eabi/lib/thumb/v7e-m+fp/hard\libc_nano.a(libc_a-sprintf.o)
                0x00000000080066f0                siprintf
                0x00000000080066f0                sprintf
 .text.memset   0x0000000008006730       0x10 C:/ST/STM32CubeIDE_1.13.2/STM32CubeIDE/plugins/com.st.stm32cube.ide.mcu.externaltools.gnu-tools-for-stm32.11.3.rel1.win32_1.1.1.202309131626/tools/bin/../lib/gcc/arm-none-eabi/11.3.1/../../../../arm-none-eabi/lib/thumb/v7e-m+fp/hard\libc_nano.a(libc_a-memset.o)
                0x0000000008006730                memset
 .text.strcat   0x0000000008006740       0x1e C:/ST/STM32CubeIDE_1.13.2/STM32CubeIDE/plugins/com.st.stm32cube.ide.mcu.externaltools.gnu-tools-for-stm32.11.3.rel1.win32_1.1.1.202309131626/tools/bin/../lib/gcc/arm-none-eabi/11.3.1/../../../../arm-none-eabi/lib/thumb/v7e-m+fp/hard\libc_nano.a(libc_a-strcat.o)
                0x0000000008006740                strcat
 *fill*         0x000000000800675e        0x2 
 .text._sbrk_r  0x0000000008006760       0x20 C:/ST/STM32CubeIDE_1.13.2/STM32CubeIDE/plugins/com.st.stm32cube.ide.mcu.externaltools.gnu-tools-for-stm32.11.3.rel1.win32_1.1.1.202309131626/tools/bin/../lib/gcc/arm-none-eabi/11.3.1/../../../../arm-none-eabi/lib/thumb/v7e-m+fp/hard\libc_nano.a(libc_a-sbrkr.o)
                0x0000000008006760                _sbrk_r
 .text.__errno  0x0000000008006780        0xc C:/ST/STM32CubeIDE_1.13.2/STM32CubeIDE/plugins/com.st.stm32cube.ide.mcu.externaltools.gnu-tools-for-stm32.11.3.rel1.win32_1.1.1.202309131626/tools/bin/../lib/gcc/arm-none-eabi/11.3.1/../../../../arm-none-eabi/lib/thumb/v7e-m+fp/hard\libc_nano.a(libc_a-errno.o)
                0x0000000008006780                __errno
 .text.__libc_init_array
                0x000000000800678c       0x48 C:/ST/STM32CubeIDE_1.13.2/STM32CubeIDE/plugins/com.st.stm32cube.ide.mcu.externaltools.gnu-tools-for-stm32.11.3.rel1.win32_1.1.1.202309131626/tools/bin/../lib/gcc/arm-none-eabi/11.3.1/../../../../arm-none-eabi/lib/thumb/v7e-m+fp/hard\libc_nano.a(libc_a-init.o)
                0x000000000800678c                __libc_init_array
 .text.__retarget_lock_acquire_recursive
                0x00000000080067d4        0x2 C:/ST/STM32CubeIDE_1.13.2/STM32CubeIDE/plugins/com.st.stm32cube.ide.mcu.externaltools.gnu-tools-for-stm32.11.3.rel1.win32_1.1.1.202309131626/tools/bin/../lib/gcc/arm-none-eabi/11.3.1/../../../../arm-none-eabi/lib/thumb/v7e-m+fp/hard\libc_nano.a(libc_a-lock.o)
                0x00000000080067d4                __retarget_lock_acquire_recursive
 .text.__retarget_lock_release_recursive
                0x00000000080067d6        0x2 C:/ST/STM32CubeIDE_1.13.2/STM32CubeIDE/plugins/com.st.stm32cube.ide.mcu.externaltools.gnu-tools-for-stm32.11.3.rel1.win32_1.1.1.202309131626/tools/bin/../lib/gcc/arm-none-eabi/11.3.1/../../../../arm-none-eabi/lib/thumb/v7e-m+fp/hard\libc_nano.a(libc_a-lock.o)
                0x00000000080067d6                __retarget_lock_release_recursive
 .text.memcpy   0x00000000080067d8       0x1c C:/ST/STM32CubeIDE_1.13.2/STM32CubeIDE/plugins/com.st.stm32cube.ide.mcu.externaltools.gnu-tools-for-stm32.11.3.rel1.win32_1.1.1.202309131626/tools/bin/../lib/gcc/arm-none-eabi/11.3.1/../../../../arm-none-eabi/lib/thumb/v7e-m+fp/hard\libc_nano.a(libc_a-memcpy-stub.o)
                0x00000000080067d8                memcpy
 .text._free_r  0x00000000080067f4       0x98 C:/ST/STM32CubeIDE_1.13.2/STM32CubeIDE/plugins/com.st.stm32cube.ide.mcu.externaltools.gnu-tools-for-stm32.11.3.rel1.win32_1.1.1.202309131626/tools/bin/../lib/gcc/arm-none-eabi/11.3.1/../../../../arm-none-eabi/lib/thumb/v7e-m+fp/hard\libc_nano.a(libc_a-freer.o)
                0x00000000080067f4                _free_r
 .text._malloc_usable_size_r
                0x000000000800688c       0x10 C:/ST/STM32CubeIDE_1.13.2/STM32CubeIDE/plugins/com.st.stm32cube.ide.mcu.externaltools.gnu-tools-for-stm32.11.3.rel1.win32_1.1.1.202309131626/tools/bin/../lib/gcc/arm-none-eabi/11.3.1/../../../../arm-none-eabi/lib/thumb/v7e-m+fp/hard\libc_nano.a(libc_a-msizer.o)
                0x000000000800688c                _malloc_usable_size_r
 .text.__ssputs_r
                0x000000000800689c       0xb4 C:/ST/STM32CubeIDE_1.13.2/STM32CubeIDE/plugins/com.st.stm32cube.ide.mcu.externaltools.gnu-tools-for-stm32.11.3.rel1.win32_1.1.1.202309131626/tools/bin/../lib/gcc/arm-none-eabi/11.3.1/../../../../arm-none-eabi/lib/thumb/v7e-m+fp/hard\libc_nano.a(libc_a-nano-svfprintf.o)
                0x000000000800689c                __ssputs_r
 .text._svfprintf_r
                0x0000000008006950      0x1fc C:/ST/STM32CubeIDE_1.13.2/STM32CubeIDE/plugins/com.st.stm32cube.ide.mcu.externaltools.gnu-tools-for-stm32.11.3.rel1.win32_1.1.1.202309131626/tools/bin/../lib/gcc/arm-none-eabi/11.3.1/../../../../arm-none-eabi/lib/thumb/v7e-m+fp/hard\libc_nano.a(libc_a-nano-svfprintf.o)
                0x0000000008006950                _svfiprintf_r
                0x0000000008006950                _svfprintf_r
 .text._printf_common
                0x0000000008006b4c       0xda C:/ST/STM32CubeIDE_1.13.2/STM32CubeIDE/plugins/com.st.stm32cube.ide.mcu.externaltools.gnu-tools-for-stm32.11.3.rel1.win32_1.1.1.202309131626/tools/bin/../lib/gcc/arm-none-eabi/11.3.1/../../../../arm-none-eabi/lib/thumb/v7e-m+fp/hard\libc_nano.a(libc_a-nano-vfprintf_i.o)
                0x0000000008006b4c                _printf_common
 *fill*         0x0000000008006c26        0x2 
 .text._printf_i
                0x0000000008006c28      0x244 C:/ST/STM32CubeIDE_1.13.2/STM32CubeIDE/plugins/com.st.stm32cube.ide.mcu.externaltools.gnu-tools-for-stm32.11.3.rel1.win32_1.1.1.202309131626/tools/bin/../lib/gcc/arm-none-eabi/11.3.1/../../../../arm-none-eabi/lib/thumb/v7e-m+fp/hard\libc_nano.a(libc_a-nano-vfprintf_i.o)
                0x0000000008006c28                _printf_i
 .text.memmove  0x0000000008006e6c       0x34 C:/ST/STM32CubeIDE_1.13.2/STM32CubeIDE/plugins/com.st.stm32cube.ide.mcu.externaltools.gnu-tools-for-stm32.11.3.rel1.win32_1.1.1.202309131626/tools/bin/../lib/gcc/arm-none-eabi/11.3.1/../../../../arm-none-eabi/lib/thumb/v7e-m+fp/hard\libc_nano.a(libc_a-memmove.o)
                0x0000000008006e6c                memmove
 *(.glue_7)
 .glue_7        0x0000000008006ea0        0x0 linker stubs
 *(.glue_7t)
 .glue_7t       0x0000000008006ea0        0x0 linker stubs
 *(.eh_frame)
 .eh_frame      0x0000000008006ea0        0x0 C:/ST/STM32CubeIDE_1.13.2/STM32CubeIDE/plugins/com.st.stm32cube.ide.mcu.externaltools.gnu-tools-for-stm32.11.3.rel1.win32_1.1.1.202309131626/tools/bin/../lib/gcc/arm-none-eabi/11.3.1/thumb/v7e-m+fp/hard/crtbegin.o
 *(.init)
 .init          0x0000000008006ea0        0x4 C:/ST/STM32CubeIDE_1.13.2/STM32CubeIDE/plugins/com.st.stm32cube.ide.mcu.externaltools.gnu-tools-for-stm32.11.3.rel1.win32_1.1.1.202309131626/tools/bin/../lib/gcc/arm-none-eabi/11.3.1/thumb/v7e-m+fp/hard/crti.o
                0x0000000008006ea0                _init
 .init          0x0000000008006ea4        0x8 C:/ST/STM32CubeIDE_1.13.2/STM32CubeIDE/plugins/com.st.stm32cube.ide.mcu.externaltools.gnu-tools-for-stm32.11.3.rel1.win32_1.1.1.202309131626/tools/bin/../lib/gcc/arm-none-eabi/11.3.1/thumb/v7e-m+fp/hard/crtn.o
 *(.fini)
 .fini          0x0000000008006eac        0x4 C:/ST/STM32CubeIDE_1.13.2/STM32CubeIDE/plugins/com.st.stm32cube.ide.mcu.externaltools.gnu-tools-for-stm32.11.3.rel1.win32_1.1.1.202309131626/tools/bin/../lib/gcc/arm-none-eabi/11.3.1/thumb/v7e-m+fp/hard/crti.o
                0x0000000008006eac                _fini
 .fini          0x0000000008006eb0        0x8 C:/ST/STM32CubeIDE_1.13.2/STM32CubeIDE/plugins/com.st.stm32cube.ide.mcu.externaltools.gnu-tools-for-stm32.11.3.rel1.win32_1.1.1.202309131626/tools/bin/../lib/gcc/arm-none-eabi/11.3.1/thumb/v7e-m+fp/hard/crtn.o
                0x0000000008006eb8                . = ALIGN (0x8)
                0x0000000008006eb8                _etext = .

.vfp11_veneer   0x0000000008006eb8        0x0
 .vfp11_veneer  0x0000000008006eb8        0x0 linker stubs

.v4_bx          0x0000000008006eb8        0x0
 .v4_bx         0x0000000008006eb8        0x0 linker stubs

.iplt           0x0000000008006eb8        0x0
 .iplt          0x0000000008006eb8        0x0 C:/ST/STM32CubeIDE_1.13.2/STM32CubeIDE/plugins/com.st.stm32cube.ide.mcu.externaltools.gnu-tools-for-stm32.11.3.rel1.win32_1.1.1.202309131626/tools/bin/../lib/gcc/arm-none-eabi/11.3.1/thumb/v7e-m+fp/hard/crtbegin.o

.rodata         0x0000000008006eb8      0x118
                0x0000000008006eb8                . = ALIGN (0x8)
 *(.rodata)
 .rodata        0x0000000008006eb8        0xd ./Core/Src/enable.o
 *fill*         0x0000000008006ec5        0x3 
 .rodata        0x0000000008006ec8       0x48 ./Core/Src/system_stm32l4xx.o
                0x0000000008006ec8                MSIRangeTable
                0x0000000008006ef8                AHBPrescTable
                0x0000000008006f08                APBPrescTable
 *(.rodata*)
 .rodata.str1.4
                0x0000000008006f10       0x7a ./Core/Src/idle_state.o
 *fill*         0x0000000008006f8a        0x2 
 .rodata.str1.4
                0x0000000008006f8c       0x11 ./Core/Src/state_machine.o
 .rodata._svfprintf_r.str1.1
                0x0000000008006f9d       0x11 C:/ST/STM32CubeIDE_1.13.2/STM32CubeIDE/plugins/com.st.stm32cube.ide.mcu.externaltools.gnu-tools-for-stm32.11.3.rel1.win32_1.1.1.202309131626/tools/bin/../lib/gcc/arm-none-eabi/11.3.1/../../../../arm-none-eabi/lib/thumb/v7e-m+fp/hard\libc_nano.a(libc_a-nano-svfprintf.o)
 .rodata._printf_i.str1.1
                0x0000000008006fae       0x22 C:/ST/STM32CubeIDE_1.13.2/STM32CubeIDE/plugins/com.st.stm32cube.ide.mcu.externaltools.gnu-tools-for-stm32.11.3.rel1.win32_1.1.1.202309131626/tools/bin/../lib/gcc/arm-none-eabi/11.3.1/../../../../arm-none-eabi/lib/thumb/v7e-m+fp/hard\libc_nano.a(libc_a-nano-vfprintf_i.o)
                0x0000000008006fd0                . = ALIGN (0x8)

.ARM.extab      0x0000000008006fd0        0x0
                0x0000000008006fd0                . = ALIGN (0x8)
 *(.ARM.extab* .gnu.linkonce.armextab.*)
                0x0000000008006fd0                . = ALIGN (0x8)

.ARM            0x0000000008006fd0        0x8
                0x0000000008006fd0                . = ALIGN (0x8)
                0x0000000008006fd0                __exidx_start = .
 *(.ARM.exidx*)
 .ARM.exidx     0x0000000008006fd0        0x8 C:/ST/STM32CubeIDE_1.13.2/STM32CubeIDE/plugins/com.st.stm32cube.ide.mcu.externaltools.gnu-tools-for-stm32.11.3.rel1.win32_1.1.1.202309131626/tools/bin/../lib/gcc/arm-none-eabi/11.3.1/thumb/v7e-m+fp/hard\libgcc.a(_udivmoddi4.o)
                0x0000000008006fd8                __exidx_end = .
                0x0000000008006fd8                . = ALIGN (0x8)

.rel.dyn        0x0000000008006fd8        0x0
 .rel.iplt      0x0000000008006fd8        0x0 C:/ST/STM32CubeIDE_1.13.2/STM32CubeIDE/plugins/com.st.stm32cube.ide.mcu.externaltools.gnu-tools-for-stm32.11.3.rel1.win32_1.1.1.202309131626/tools/bin/../lib/gcc/arm-none-eabi/11.3.1/thumb/v7e-m+fp/hard/crtbegin.o

.preinit_array  0x0000000008006fd8        0x0
                0x0000000008006fd8                . = ALIGN (0x8)
                0x0000000008006fd8                PROVIDE (__preinit_array_start = .)
 *(.preinit_array*)
                0x0000000008006fd8                PROVIDE (__preinit_array_end = .)
                0x0000000008006fd8                . = ALIGN (0x8)

.init_array     0x0000000008006fd8        0x8
                0x0000000008006fd8                . = ALIGN (0x8)
                0x0000000008006fd8                PROVIDE (__init_array_start = .)
 *(SORT_BY_NAME(.init_array.*))
 *(.init_array*)
 .init_array    0x0000000008006fd8        0x4 C:/ST/STM32CubeIDE_1.13.2/STM32CubeIDE/plugins/com.st.stm32cube.ide.mcu.externaltools.gnu-tools-for-stm32.11.3.rel1.win32_1.1.1.202309131626/tools/bin/../lib/gcc/arm-none-eabi/11.3.1/thumb/v7e-m+fp/hard/crtbegin.o
                0x0000000008006fdc                PROVIDE (__init_array_end = .)
                0x0000000008006fe0                . = ALIGN (0x8)
 *fill*         0x0000000008006fdc        0x4 

.fini_array     0x0000000008006fe0        0x8
                0x0000000008006fe0                . = ALIGN (0x8)
                [!provide]                        PROVIDE (__fini_array_start = .)
 *(SORT_BY_NAME(.fini_array.*))
 *(.fini_array*)
 .fini_array    0x0000000008006fe0        0x4 C:/ST/STM32CubeIDE_1.13.2/STM32CubeIDE/plugins/com.st.stm32cube.ide.mcu.externaltools.gnu-tools-for-stm32.11.3.rel1.win32_1.1.1.202309131626/tools/bin/../lib/gcc/arm-none-eabi/11.3.1/thumb/v7e-m+fp/hard/crtbegin.o
                [!provide]                        PROVIDE (__fini_array_end = .)
                0x0000000008006fe8                . = ALIGN (0x8)
 *fill*         0x0000000008006fe4        0x4 
                0x0000000008006fe8                _sidata = LOADADDR (.data)

.data           0x0000000020000000      0x528 load address 0x0000000008006fe8
                0x0000000020000000                . = ALIGN (0x8)
                0x0000000020000000                _sdata = .
 *(.data)
 .data          0x0000000020000000      0x3f6 ./Core/Src/enable.o
                0x0000000020000000                deviceName
                0x0000000020000010                ACI_GAP_SET_DISCOVERABLE
                0x0000000020000020                ACI_GAP_SET_DISCOVERABLE_COMPLETE
                0x0000000020000028                EVENT_DISCONNECTED
                0x000000002000002c                ADD_CUSTOM_SERVICE
                0x0000000020000044                ADD_CUSTOM_SERVICE_COMPLETE
                0x000000002000004c                ADD_CUSTOM_CHAR
                0x000000002000006c                ADD_CUSTOM_CHAR_COMPLETE
                0x0000000020000074                UPDATE_CHAR
                0x0000000020000084                EVENT_STATUP_DATA
                0x000000002000008c                ACI_GATT_INIT_COMPLETE
                0x0000000020000094                ACI_GATT_INIT
                0x0000000020000098                ACI_GAP_INIT_COMPLETE
                0x00000000200000a0                ACI_GAP_INIT
                0x00000000200000a8                ACI_GAP_SET_AUTH_RESP
                0x00000000200000b0                ACI_GAP_SET_AUTH
                0x00000000200000c0                ACI_HAL_SET_TX_POWER_LEVEL_COMPLETE
                0x00000000200000c8                ACI_HAL_SET_TX_POWER_LEVEL
                0x00000000200000d0                HCI_LE_SET_SCAN_RESPONSE_DATA_COMPLETE
                0x00000000200000d8                HCI_LE_SET_SCAN_RESPONSE_DATA
                0x00000000200000fc                UUID_SERVICE_1
                0x000000002000010c                UUID_CHAR_1
                0x000000002000011c                VALUE1
                0x0000000020000134                UUID_CHAR_TEMP
                0x0000000020000144                VALUE_TEMP
                0x0000000020000158                UUID_CHAR_HUM
                0x0000000020000168                VALUE_HUM
                0x0000000020000178                UUID_CHAR_PRESS
                0x0000000020000188                VALUE_PRESS
                0x000000002000019c                UUID_CHAR_TOF_VALUE
                0x00000000200001ac                TOF_VALUE
                0x00000000200001c0                UUID_INERTIAL_SERVICE
                0x00000000200001d0                UUID_CHAR_INERTIAL_NAME
                0x00000000200001e0                NAME_INERTIAL_VALUE
                0x00000000200001f8                UUID_CHAR_INERTIAL_ACCX
                0x0000000020000208                ACCX_INERTIAL_VALUE
                0x000000002000021c                UUID_CHAR_INERTIAL_ACCY
                0x000000002000022c                ACCY_INERTIAL_VALUE
                0x0000000020000240                UUID_CHAR_INERTIAL_ACCZ
                0x0000000020000250                ACCZ_INERTIAL_VALUE
                0x0000000020000264                UUID_MAGNETIC_SERVICE
                0x0000000020000274                UUID_CHAR_MAGNETIC_NAME
                0x0000000020000284                NAME_MAGNETIC_VALUE
                0x000000002000029c                UUID_CHAR_MAGNETIC_MAGX
                0x00000000200002ac                X_VALUE
                0x00000000200002c0                UUID_CHAR_MAGNETIC_MAGY
                0x00000000200002d0                Y_VALUE
                0x00000000200002e4                UUID_CHAR_MAGNETIC_MAGZ
                0x00000000200002f4                Z_VALUE
                0x0000000020000308                NAME_TOF_VALUE
                0x0000000020000320                UUID_CHAR_TOF_NAME
                0x0000000020000330                UUID_TOF_SERVICE
                0x0000000020000340                UUID_CHAR_GYROSCOPE_GYROZ
                0x0000000020000350                UUID_CHAR_GYROSCOPE_GYROY
                0x0000000020000360                UUID_CHAR_GYROSCOPE_GYROX
                0x0000000020000370                NAME_GYROSCOPE_VALUE
                0x0000000020000384                UUID_CHAR_GYROSCOPE_NAME
                0x0000000020000394                UUID_GYROSCOPE_SERVICE
                0x00000000200003a4                MIC_VALUE
                0x00000000200003bc                VALUE2
                0x00000000200003d4                UUID_CHAR_2
                0x00000000200003e4                ACI_GATT_UPDATE_CHAR_COMPLETE
                0x00000000200003ec                ACI_GATT_UPDATE_CHAR_VALUE
 *fill*         0x00000000200003f6        0x2 
 .data          0x00000000200003f8        0x4 ./Core/Src/system_stm32l4xx.o
                0x00000000200003f8                SystemCoreClock
 .data          0x00000000200003fc       0x1c ./Drivers/BSP/source/hts221.o
                0x00000000200003fc                HTS221_T_Drv
                0x000000002000040c                HTS221_H_Drv
 .data          0x0000000020000418       0x34 ./Drivers/BSP/source/lis3mdl.o
                0x0000000020000418                Lis3mdlMagDrv
 .data          0x000000002000044c       0x1c ./Drivers/BSP/source/lps22hb.o
                0x000000002000044c                LPS22HB_T_Drv
                0x000000002000045c                LPS22HB_P_Drv
 .data          0x0000000020000468       0x68 ./Drivers/BSP/source/lsm6dsl.o
                0x0000000020000468                Lsm6dslGyroDrv
                0x000000002000049c                Lsm6dslAccDrv
 .data          0x00000000200004d0        0x8 ./Drivers/STM32L4xx_HAL_Driver/Src/stm32l4xx_hal.o
                0x00000000200004d0                uwTickFreq
                0x00000000200004d4                uwTickPrio
 *(.data*)
 .data._impure_data
                0x00000000200004d8       0x4c C:/ST/STM32CubeIDE_1.13.2/STM32CubeIDE/plugins/com.st.stm32cube.ide.mcu.externaltools.gnu-tools-for-stm32.11.3.rel1.win32_1.1.1.202309131626/tools/bin/../lib/gcc/arm-none-eabi/11.3.1/../../../../arm-none-eabi/lib/thumb/v7e-m+fp/hard\libc_nano.a(libc_a-impure.o)
                0x00000000200004d8                _impure_data
 .data._impure_ptr
                0x0000000020000524        0x4 C:/ST/STM32CubeIDE_1.13.2/STM32CubeIDE/plugins/com.st.stm32cube.ide.mcu.externaltools.gnu-tools-for-stm32.11.3.rel1.win32_1.1.1.202309131626/tools/bin/../lib/gcc/arm-none-eabi/11.3.1/../../../../arm-none-eabi/lib/thumb/v7e-m+fp/hard\libc_nano.a(libc_a-impure.o)
                0x0000000020000524                _impure_ptr
                0x0000000020000528                . = ALIGN (0x8)
                0x0000000020000528                _edata = .

.igot.plt       0x0000000020000528        0x0 load address 0x0000000008007510
 .igot.plt      0x0000000020000528        0x0 C:/ST/STM32CubeIDE_1.13.2/STM32CubeIDE/plugins/com.st.stm32cube.ide.mcu.externaltools.gnu-tools-for-stm32.11.3.rel1.win32_1.1.1.202309131626/tools/bin/../lib/gcc/arm-none-eabi/11.3.1/thumb/v7e-m+fp/hard/crtbegin.o
                0x0000000020000528                . = ALIGN (0x4)

.bss            0x0000000020000528      0x7b0 load address 0x0000000008007510
                0x0000000020000528                _sbss = .
                0x0000000020000528                __bss_start__ = _sbss
 *(.bss)
 .bss           0x0000000020000528       0x1c C:/ST/STM32CubeIDE_1.13.2/STM32CubeIDE/plugins/com.st.stm32cube.ide.mcu.externaltools.gnu-tools-for-stm32.11.3.rel1.win32_1.1.1.202309131626/tools/bin/../lib/gcc/arm-none-eabi/11.3.1/thumb/v7e-m+fp/hard/crtbegin.o
 .bss           0x0000000020000544        0xc ./Core/Src/ble_check_state.o
                0x0000000020000544                blinkStatus
                0x0000000020000548                dataAvailable
                0x000000002000054c                update
 .bss           0x0000000020000550      0x172 ./Core/Src/enable.o
                0x0000000020000550                stackInitCompleteFlag
                0x0000000020000554                buffer
                0x0000000020000654                rxEvent
                0x0000000020000658                GAP_SERVICE_HANDLE
                0x000000002000065c                GAP_CHAR_NAME_HANDLE
                0x0000000020000660                GAP_CHAR_APP_HANDLE
                0x0000000020000664                CUSTOM_SERVICE_HANDLE
                0x0000000020000668                CUSTOM_CHAR_HANDLE
                0x000000002000066c                TEMP_CHAR_HANDLE
                0x0000000020000670                HUM_CHAR_HANDLE
                0x0000000020000674                PRESS_CHAR_HANDLE
                0x0000000020000678                TOF_CHAR_HANDLE
                0x000000002000067c                INERTIAL_SERVICE_HANDLE
                0x0000000020000680                NAME_INERTIAL_HANDLE
                0x0000000020000684                ACCX_CHAR_HANDLE
                0x0000000020000688                ACCY_CHAR_HANDLE
                0x000000002000068c                ACCZ_CHAR_HANDLE
                0x0000000020000690                MAGNETIC_SERVICE_HANDLE
                0x0000000020000694                NAME_MAGNETIC_HANDLE
                0x0000000020000698                MAGX_CHAR_HANDLE
                0x000000002000069c                MAGY_CHAR_HANDLE
                0x00000000200006a0                MAGZ_CHAR_HANDLE
                0x00000000200006a4                NAME_TOF_HANDLE
                0x00000000200006a8                TOF_SERVICE_HANDLE
                0x00000000200006ac                GYROZ_CHAR_HANDLE
                0x00000000200006b0                GYROY_CHAR_HANDLE
                0x00000000200006b4                GYROX_CHAR_HANDLE
                0x00000000200006b8                NAME_GYROSCOPE_HANDLE
                0x00000000200006bc                GYROSCOPE_SERVICE_HANDLE
                0x00000000200006c0                MIC_CHAR_HANDLE
 .bss           0x00000000200006c2        0x1 ./Core/Src/general_functions.o
 *fill*         0x00000000200006c3        0x1 
 .bss           0x00000000200006c4       0x18 ./Core/Src/idle_state.o
 *fill*         0x00000000200006dc        0x4 
 .bss           0x00000000200006e0       0xe2 ./Core/Src/io_manager.o
                0x00000000200006e0                bspFunctionArray
 *fill*         0x00000000200007c2        0x2 
 .bss           0x00000000200007c4      0x1cc ./Core/Src/main.o
                0x00000000200007c4                hspi3
                0x0000000020000828                hi2c2
                0x0000000020000874                htim6
                0x00000000200008c0                htim15
                0x000000002000090c                huart1
 .bss           0x0000000020000990       0x1c ./Core/Src/sensors.o
                0x0000000020000990                T_C0
                0x0000000020000994                T_C1
                0x0000000020000998                T_C0_lsb
                0x000000002000099a                T_C1_lsb
                0x000000002000099c                m
                0x00000000200009a0                H_0
                0x00000000200009a1                H_1
                0x00000000200009a2                H_0_lsb
                0x00000000200009a4                H_1_lsb
                0x00000000200009a8                mh
 *fill*         0x00000000200009ac        0x4 
 .bss           0x00000000200009b0       0xb4 ./Core/Src/state_machine.o
                0x00000000200009b8                actualState
                0x00000000200009c0                states
                0x0000000020000a60                previousState
                0x0000000020000a61                initDone
                0x0000000020000a62                ticksPassed
                0x0000000020000a63                debugEnabled
 .bss           0x0000000020000a64        0x8 ./Core/Src/syscalls.o
                0x0000000020000a68                __env
 *fill*         0x0000000020000a6c        0x4 
 .bss           0x0000000020000a70       0x30 ./Core/Src/time_manager.o
                0x0000000020000a70                timers
                0x0000000020000a88                stateMachineTimer
                0x0000000020000a90                generalTimer
 .bss           0x0000000020000aa0        0x4 ./Core/Src/uart_manager.o
 .bss           0x0000000020000aa4       0xd0 ./Drivers/BSP/source/stm32l475e_iot01.o
                0x0000000020000aa4                hI2cHandler
                0x0000000020000af0                hDiscoUart
 .bss           0x0000000020000b74        0x4 ./Drivers/BSP/source/stm32l475e_iot01_accelero.o
 .bss           0x0000000020000b78        0x4 ./Drivers/BSP/source/stm32l475e_iot01_gyro.o
 .bss           0x0000000020000b7c        0x4 ./Drivers/BSP/source/stm32l475e_iot01_hsensor.o
 .bss           0x0000000020000b80        0x4 ./Drivers/BSP/source/stm32l475e_iot01_magneto.o
 .bss           0x0000000020000b84        0x4 ./Drivers/BSP/source/stm32l475e_iot01_psensor.o
 .bss           0x0000000020000b88        0x4 ./Drivers/BSP/source/stm32l475e_iot01_tsensor.o
 .bss           0x0000000020000b8c        0x4 ./Drivers/STM32L4xx_HAL_Driver/Src/stm32l4xx_hal.o
                0x0000000020000b8c                uwTick
 *(.bss*)
 .bss.__malloc_free_list
                0x0000000020000b90        0x4 C:/ST/STM32CubeIDE_1.13.2/STM32CubeIDE/plugins/com.st.stm32cube.ide.mcu.externaltools.gnu-tools-for-stm32.11.3.rel1.win32_1.1.1.202309131626/tools/bin/../lib/gcc/arm-none-eabi/11.3.1/../../../../arm-none-eabi/lib/thumb/v7e-m+fp/hard\libc_nano.a(libc_a-mallocr.o)
                0x0000000020000b90                __malloc_free_list
 .bss.__malloc_sbrk_start
                0x0000000020000b94        0x4 C:/ST/STM32CubeIDE_1.13.2/STM32CubeIDE/plugins/com.st.stm32cube.ide.mcu.externaltools.gnu-tools-for-stm32.11.3.rel1.win32_1.1.1.202309131626/tools/bin/../lib/gcc/arm-none-eabi/11.3.1/../../../../arm-none-eabi/lib/thumb/v7e-m+fp/hard\libc_nano.a(libc_a-mallocr.o)
                0x0000000020000b94                __malloc_sbrk_start
 .bss.__sf      0x0000000020000b98      0x138 C:/ST/STM32CubeIDE_1.13.2/STM32CubeIDE/plugins/com.st.stm32cube.ide.mcu.externaltools.gnu-tools-for-stm32.11.3.rel1.win32_1.1.1.202309131626/tools/bin/../lib/gcc/arm-none-eabi/11.3.1/../../../../arm-none-eabi/lib/thumb/v7e-m+fp/hard\libc_nano.a(libc_a-findfp.o)
                0x0000000020000b98                __sf
 .bss.errno     0x0000000020000cd0        0x4 C:/ST/STM32CubeIDE_1.13.2/STM32CubeIDE/plugins/com.st.stm32cube.ide.mcu.externaltools.gnu-tools-for-stm32.11.3.rel1.win32_1.1.1.202309131626/tools/bin/../lib/gcc/arm-none-eabi/11.3.1/../../../../arm-none-eabi/lib/thumb/v7e-m+fp/hard\libc_nano.a(libc_a-reent.o)
                0x0000000020000cd0                errno
 .bss.__lock___malloc_recursive_mutex
                0x0000000020000cd4        0x1 C:/ST/STM32CubeIDE_1.13.2/STM32CubeIDE/plugins/com.st.stm32cube.ide.mcu.externaltools.gnu-tools-for-stm32.11.3.rel1.win32_1.1.1.202309131626/tools/bin/../lib/gcc/arm-none-eabi/11.3.1/../../../../arm-none-eabi/lib/thumb/v7e-m+fp/hard\libc_nano.a(libc_a-lock.o)
                0x0000000020000cd4                __lock___malloc_recursive_mutex
 *(COMMON)
                0x0000000020000cd8                . = ALIGN (0x4)
 *fill*         0x0000000020000cd5        0x3 
                0x0000000020000cd8                _ebss = .
                0x0000000020000cd8                __bss_end__ = _ebss

._user_heap_stack
                0x0000000020000cd8      0x600 load address 0x0000000008007510
                0x0000000020000cd8                . = ALIGN (0x8)
                0x0000000020000cd8                PROVIDE (end = .)
                [!provide]                        PROVIDE (_end = .)
                0x0000000020000ed8                . = (. + _Min_Heap_Size)
 *fill*         0x0000000020000cd8      0x200 
                0x00000000200012d8                . = (. + _Min_Stack_Size)
 *fill*         0x0000000020000ed8      0x400 
                0x00000000200012d8                . = ALIGN (0x8)

/DISCARD/
 libc.a(*)
 libm.a(*)
 libgcc.a(*)

.ARM.attributes
                0x0000000000000000       0x30
 *(.ARM.attributes)
 .ARM.attributes
                0x0000000000000000       0x1e C:/ST/STM32CubeIDE_1.13.2/STM32CubeIDE/plugins/com.st.stm32cube.ide.mcu.externaltools.gnu-tools-for-stm32.11.3.rel1.win32_1.1.1.202309131626/tools/bin/../lib/gcc/arm-none-eabi/11.3.1/thumb/v7e-m+fp/hard/crti.o
 .ARM.attributes
                0x000000000000001e       0x34 C:/ST/STM32CubeIDE_1.13.2/STM32CubeIDE/plugins/com.st.stm32cube.ide.mcu.externaltools.gnu-tools-for-stm32.11.3.rel1.win32_1.1.1.202309131626/tools/bin/../lib/gcc/arm-none-eabi/11.3.1/thumb/v7e-m+fp/hard/crtbegin.o
 .ARM.attributes
                0x0000000000000052       0x34 ./Core/Src/ble_check_state.o
 .ARM.attributes
                0x0000000000000086       0x34 ./Core/Src/enable.o
 .ARM.attributes
                0x00000000000000ba       0x34 ./Core/Src/general_functions.o
 .ARM.attributes
                0x00000000000000ee       0x34 ./Core/Src/idle_state.o
 .ARM.attributes
                0x0000000000000122       0x34 ./Core/Src/io_manager.o
 .ARM.attributes
                0x0000000000000156       0x34 ./Core/Src/main.o
 .ARM.attributes
                0x000000000000018a       0x34 ./Core/Src/sensors.o
 .ARM.attributes
                0x00000000000001be       0x34 ./Core/Src/startup_state.o
 .ARM.attributes
                0x00000000000001f2       0x34 ./Core/Src/state_all.o
 .ARM.attributes
                0x0000000000000226       0x34 ./Core/Src/state_machine.o
 .ARM.attributes
                0x000000000000025a       0x34 ./Core/Src/stm32l4xx_hal_msp.o
 .ARM.attributes
                0x000000000000028e       0x34 ./Core/Src/stm32l4xx_it.o
 .ARM.attributes
                0x00000000000002c2       0x34 ./Core/Src/syscalls.o
 .ARM.attributes
                0x00000000000002f6       0x34 ./Core/Src/system_stm32l4xx.o
 .ARM.attributes
                0x000000000000032a       0x34 ./Core/Src/time_manager.o
 .ARM.attributes
                0x000000000000035e       0x34 ./Core/Src/uart_manager.o
 .ARM.attributes
                0x0000000000000392       0x34 ./Drivers/BSP/source/hts221.o
 .ARM.attributes
                0x00000000000003c6       0x34 ./Drivers/BSP/source/lis3mdl.o
 .ARM.attributes
                0x00000000000003fa       0x34 ./Drivers/BSP/source/lps22hb.o
 .ARM.attributes
                0x000000000000042e       0x34 ./Drivers/BSP/source/lsm6dsl.o
 .ARM.attributes
                0x0000000000000462       0x34 ./Drivers/BSP/source/stm32l475e_iot01.o
 .ARM.attributes
                0x0000000000000496       0x34 ./Drivers/BSP/source/stm32l475e_iot01_accelero.o
 .ARM.attributes
                0x00000000000004ca       0x34 ./Drivers/BSP/source/stm32l475e_iot01_gyro.o
 .ARM.attributes
                0x00000000000004fe       0x34 ./Drivers/BSP/source/stm32l475e_iot01_hsensor.o
 .ARM.attributes
                0x0000000000000532       0x34 ./Drivers/BSP/source/stm32l475e_iot01_magneto.o
 .ARM.attributes
                0x0000000000000566       0x34 ./Drivers/BSP/source/stm32l475e_iot01_psensor.o
 .ARM.attributes
                0x000000000000059a       0x34 ./Drivers/BSP/source/stm32l475e_iot01_tsensor.o
 .ARM.attributes
                0x00000000000005ce       0x34 ./Drivers/STM32L4xx_HAL_Driver/Src/stm32l4xx_hal.o
 .ARM.attributes
                0x0000000000000602       0x34 ./Drivers/STM32L4xx_HAL_Driver/Src/stm32l4xx_hal_cortex.o
 .ARM.attributes
                0x0000000000000636       0x34 ./Drivers/STM32L4xx_HAL_Driver/Src/stm32l4xx_hal_gpio.o
 .ARM.attributes
                0x000000000000066a       0x34 ./Drivers/STM32L4xx_HAL_Driver/Src/stm32l4xx_hal_i2c.o
 .ARM.attributes
                0x000000000000069e       0x34 ./Drivers/STM32L4xx_HAL_Driver/Src/stm32l4xx_hal_i2c_ex.o
 .ARM.attributes
                0x00000000000006d2       0x34 ./Drivers/STM32L4xx_HAL_Driver/Src/stm32l4xx_hal_pwr_ex.o
 .ARM.attributes
                0x0000000000000706       0x34 ./Drivers/STM32L4xx_HAL_Driver/Src/stm32l4xx_hal_rcc.o
 .ARM.attributes
                0x000000000000073a       0x34 ./Drivers/STM32L4xx_HAL_Driver/Src/stm32l4xx_hal_rcc_ex.o
 .ARM.attributes
                0x000000000000076e       0x34 ./Drivers/STM32L4xx_HAL_Driver/Src/stm32l4xx_hal_spi.o
 .ARM.attributes
                0x00000000000007a2       0x34 ./Drivers/STM32L4xx_HAL_Driver/Src/stm32l4xx_hal_tim.o
 .ARM.attributes
                0x00000000000007d6       0x34 ./Drivers/STM32L4xx_HAL_Driver/Src/stm32l4xx_hal_tim_ex.o
 .ARM.attributes
                0x000000000000080a       0x34 ./Drivers/STM32L4xx_HAL_Driver/Src/stm32l4xx_hal_uart.o
 .ARM.attributes
                0x000000000000083e       0x21 ./startup/startup_stm32l475xx.o
 .ARM.attributes
                0x000000000000085f       0x34 C:/ST/STM32CubeIDE_1.13.2/STM32CubeIDE/plugins/com.st.stm32cube.ide.mcu.externaltools.gnu-tools-for-stm32.11.3.rel1.win32_1.1.1.202309131626/tools/bin/../lib/gcc/arm-none-eabi/11.3.1/../../../../arm-none-eabi/lib/thumb/v7e-m+fp/hard\libc_nano.a(libc_a-malloc.o)
 .ARM.attributes
                0x0000000000000893       0x34 C:/ST/STM32CubeIDE_1.13.2/STM32CubeIDE/plugins/com.st.stm32cube.ide.mcu.externaltools.gnu-tools-for-stm32.11.3.rel1.win32_1.1.1.202309131626/tools/bin/../lib/gcc/arm-none-eabi/11.3.1/../../../../arm-none-eabi/lib/thumb/v7e-m+fp/hard\libc_nano.a(libc_a-mallocr.o)
 .ARM.attributes
                0x00000000000008c7       0x34 C:/ST/STM32CubeIDE_1.13.2/STM32CubeIDE/plugins/com.st.stm32cube.ide.mcu.externaltools.gnu-tools-for-stm32.11.3.rel1.win32_1.1.1.202309131626/tools/bin/../lib/gcc/arm-none-eabi/11.3.1/../../../../arm-none-eabi/lib/thumb/v7e-m+fp/hard\libc_nano.a(libc_a-mlock.o)
 .ARM.attributes
                0x00000000000008fb       0x34 C:/ST/STM32CubeIDE_1.13.2/STM32CubeIDE/plugins/com.st.stm32cube.ide.mcu.externaltools.gnu-tools-for-stm32.11.3.rel1.win32_1.1.1.202309131626/tools/bin/../lib/gcc/arm-none-eabi/11.3.1/../../../../arm-none-eabi/lib/thumb/v7e-m+fp/hard\libc_nano.a(libc_a-realloc.o)
 .ARM.attributes
                0x000000000000092f       0x34 C:/ST/STM32CubeIDE_1.13.2/STM32CubeIDE/plugins/com.st.stm32cube.ide.mcu.externaltools.gnu-tools-for-stm32.11.3.rel1.win32_1.1.1.202309131626/tools/bin/../lib/gcc/arm-none-eabi/11.3.1/../../../../arm-none-eabi/lib/thumb/v7e-m+fp/hard\libc_nano.a(libc_a-reallocr.o)
 .ARM.attributes
                0x0000000000000963       0x34 C:/ST/STM32CubeIDE_1.13.2/STM32CubeIDE/plugins/com.st.stm32cube.ide.mcu.externaltools.gnu-tools-for-stm32.11.3.rel1.win32_1.1.1.202309131626/tools/bin/../lib/gcc/arm-none-eabi/11.3.1/../../../../arm-none-eabi/lib/thumb/v7e-m+fp/hard\libc_nano.a(libc_a-findfp.o)
 .ARM.attributes
                0x0000000000000997       0x34 C:/ST/STM32CubeIDE_1.13.2/STM32CubeIDE/plugins/com.st.stm32cube.ide.mcu.externaltools.gnu-tools-for-stm32.11.3.rel1.win32_1.1.1.202309131626/tools/bin/../lib/gcc/arm-none-eabi/11.3.1/../../../../arm-none-eabi/lib/thumb/v7e-m+fp/hard\libc_nano.a(libc_a-sprintf.o)
 .ARM.attributes
                0x00000000000009cb       0x34 C:/ST/STM32CubeIDE_1.13.2/STM32CubeIDE/plugins/com.st.stm32cube.ide.mcu.externaltools.gnu-tools-for-stm32.11.3.rel1.win32_1.1.1.202309131626/tools/bin/../lib/gcc/arm-none-eabi/11.3.1/../../../../arm-none-eabi/lib/thumb/v7e-m+fp/hard\libc_nano.a(libc_a-memset.o)
 .ARM.attributes
                0x00000000000009ff       0x34 C:/ST/STM32CubeIDE_1.13.2/STM32CubeIDE/plugins/com.st.stm32cube.ide.mcu.externaltools.gnu-tools-for-stm32.11.3.rel1.win32_1.1.1.202309131626/tools/bin/../lib/gcc/arm-none-eabi/11.3.1/../../../../arm-none-eabi/lib/thumb/v7e-m+fp/hard\libc_nano.a(libc_a-strcat.o)
 .ARM.attributes
                0x0000000000000a33       0x34 C:/ST/STM32CubeIDE_1.13.2/STM32CubeIDE/plugins/com.st.stm32cube.ide.mcu.externaltools.gnu-tools-for-stm32.11.3.rel1.win32_1.1.1.202309131626/tools/bin/../lib/gcc/arm-none-eabi/11.3.1/../../../../arm-none-eabi/lib/thumb/v7e-m+fp/hard\libc_nano.a(libc_a-reent.o)
 .ARM.attributes
                0x0000000000000a67       0x34 C:/ST/STM32CubeIDE_1.13.2/STM32CubeIDE/plugins/com.st.stm32cube.ide.mcu.externaltools.gnu-tools-for-stm32.11.3.rel1.win32_1.1.1.202309131626/tools/bin/../lib/gcc/arm-none-eabi/11.3.1/../../../../arm-none-eabi/lib/thumb/v7e-m+fp/hard\libc_nano.a(libc_a-impure.o)
 .ARM.attributes
                0x0000000000000a9b       0x34 C:/ST/STM32CubeIDE_1.13.2/STM32CubeIDE/plugins/com.st.stm32cube.ide.mcu.externaltools.gnu-tools-for-stm32.11.3.rel1.win32_1.1.1.202309131626/tools/bin/../lib/gcc/arm-none-eabi/11.3.1/../../../../arm-none-eabi/lib/thumb/v7e-m+fp/hard\libc_nano.a(libc_a-sbrkr.o)
 .ARM.attributes
                0x0000000000000acf       0x34 C:/ST/STM32CubeIDE_1.13.2/STM32CubeIDE/plugins/com.st.stm32cube.ide.mcu.externaltools.gnu-tools-for-stm32.11.3.rel1.win32_1.1.1.202309131626/tools/bin/../lib/gcc/arm-none-eabi/11.3.1/../../../../arm-none-eabi/lib/thumb/v7e-m+fp/hard\libc_nano.a(libc_a-errno.o)
 .ARM.attributes
                0x0000000000000b03       0x34 C:/ST/STM32CubeIDE_1.13.2/STM32CubeIDE/plugins/com.st.stm32cube.ide.mcu.externaltools.gnu-tools-for-stm32.11.3.rel1.win32_1.1.1.202309131626/tools/bin/../lib/gcc/arm-none-eabi/11.3.1/../../../../arm-none-eabi/lib/thumb/v7e-m+fp/hard\libc_nano.a(libc_a-init.o)
 .ARM.attributes
                0x0000000000000b37       0x34 C:/ST/STM32CubeIDE_1.13.2/STM32CubeIDE/plugins/com.st.stm32cube.ide.mcu.externaltools.gnu-tools-for-stm32.11.3.rel1.win32_1.1.1.202309131626/tools/bin/../lib/gcc/arm-none-eabi/11.3.1/../../../../arm-none-eabi/lib/thumb/v7e-m+fp/hard\libc_nano.a(libc_a-lock.o)
 .ARM.attributes
                0x0000000000000b6b       0x34 C:/ST/STM32CubeIDE_1.13.2/STM32CubeIDE/plugins/com.st.stm32cube.ide.mcu.externaltools.gnu-tools-for-stm32.11.3.rel1.win32_1.1.1.202309131626/tools/bin/../lib/gcc/arm-none-eabi/11.3.1/../../../../arm-none-eabi/lib/thumb/v7e-m+fp/hard\libc_nano.a(libc_a-memcpy-stub.o)
 .ARM.attributes
                0x0000000000000b9f       0x17 C:/ST/STM32CubeIDE_1.13.2/STM32CubeIDE/plugins/com.st.stm32cube.ide.mcu.externaltools.gnu-tools-for-stm32.11.3.rel1.win32_1.1.1.202309131626/tools/bin/../lib/gcc/arm-none-eabi/11.3.1/../../../../arm-none-eabi/lib/thumb/v7e-m+fp/hard\libc_nano.a(libc_a-strlen.o)
 .ARM.attributes
                0x0000000000000bb6       0x34 C:/ST/STM32CubeIDE_1.13.2/STM32CubeIDE/plugins/com.st.stm32cube.ide.mcu.externaltools.gnu-tools-for-stm32.11.3.rel1.win32_1.1.1.202309131626/tools/bin/../lib/gcc/arm-none-eabi/11.3.1/../../../../arm-none-eabi/lib/thumb/v7e-m+fp/hard\libc_nano.a(libc_a-freer.o)
 .ARM.attributes