../Drivers/BSP/source/cy8c4014lqi.c:144:6:cy8c4014lqi_Reset	0	static
../Drivers/BSP/source/cy8c4014lqi.c:170:6:cy8c4014lqi_TS_Start	0	static
../Drivers/BSP/source/cy8c4014lqi.c:183:9:cy8c4014lqi_TS_DetectTouch	0	static
../Drivers/BSP/source/cy8c4014lqi.c:210:6:cy8c4014lqi_TS_EnableIT	0	static
../Drivers/BSP/source/cy8c4014lqi.c:222:6:cy8c4014lqi_TS_DisableIT	0	static
../Drivers/BSP/source/cy8c4014lqi.c:236:9:cy8c4014lqi_TS_ITStatus	0	static
../Drivers/BSP/source/cy8c4014lqi.c:249:6:cy8c4014lqi_TS_ClearIT	0	static
../Drivers/BSP/source/cy8c4014lqi.c:320:16:cy8c4014lqi_Get_I2C_InitializedStatus	0	static
../Drivers/BSP/source/cy8c4014lqi.c:330:13:cy8c4014lqi_I2C_InitializeIfRequired	8	static
../Drivers/BSP/source/cy8c4014lqi.c:132:6:cy8c4014lqi_Init	8	static
../Drivers/BSP/source/cy8c4014lqi.c:156:10:cy8c4014lqi_ReadID	8	static
../Drivers/BSP/source/cy8c4014lqi.c:197:6:cy8c4014lqi_TS_GetXY	16	static
../Drivers/BSP/source/cy8c4014lqi.c:262:6:cy8c4014lqi_TS_GestureConfig	0	static
../Drivers/BSP/source/cy8c4014lqi.c:274:6:cy8c4014lqi_TS_GetGestureID	0	static
../Drivers/BSP/source/cy8c4014lqi.c:295:6:cy8c4014lqi_TS_GetTouchInfo	0	static
