../Drivers/BSP/source/ft6x06.c:145:6:ft6x06_Reset	0	static
../Drivers/BSP/source/ft6x06.c:298:9:ft6x06_TS_ITStatus	0	static
../Drivers/BSP/source/ft6x06.c:311:6:ft6x06_TS_ClearIT	0	static
../Drivers/BSP/source/ft6x06.c:464:16:ft6x06_GetInstance	0	static
../Drivers/BSP/source/ft6x06.c:114:6:ft6x06_Init	8	static
../Drivers/BSP/source/ft6x06.c:157:10:ft6x06_ReadID	8	static
../Drivers/BSP/source/ft6x06.c:195:9:ft6x06_TS_DetectTouch	16	static
../Drivers/BSP/source/ft6x06.c:227:6:ft6x06_TS_GetXY	24	static
../Drivers/BSP/source/ft6x06.c:266:6:ft6x06_TS_EnableIT	8	static
../Drivers/BSP/source/ft6x06.c:281:6:ft6x06_TS_DisableIT	8	static
../Drivers/BSP/source/ft6x06.c:173:6:ft6x06_TS_Start	8	static
