../Drivers/BSP/source/hx8347g.c:230:10:hx8347g_GetLcdPixelWidth	0	static
../Drivers/BSP/source/hx8347g.c:240:10:hx8347g_GetLcdPixelHeight	0	static
../Drivers/BSP/source/hx8347g.c:318:6:hx8347g_WriteReg	16	static
../Drivers/BSP/source/hx8347g.c:185:6:hx8347g_DisplayOn	8	static
../Drivers/BSP/source/hx8347g.c:209:6:hx8347g_DisplayOff	8	static
../Drivers/BSP/source/hx8347g.c:268:6:hx8347g_SetCursor	16	static
../Drivers/BSP/source/hx8347g.c:283:6:hx8347g_WritePixel	16	static
../Drivers/BSP/source/hx8347g.c:300:10:hx8347g_ReadPixel	8	static
../Drivers/BSP/source/hx8347g.c:375:6:hx8347g_DrawHLine	16	static
../Drivers/BSP/source/hx8347g.c:402:6:hx8347g_DrawVLine	16	static
../Drivers/BSP/source/hx8347g.c:348:6:hx8347g_SetDisplayWindow	24	static
../Drivers/BSP/source/hx8347g.c:105:6:hx8347g_Init	8	static
../Drivers/BSP/source/hx8347g.c:427:6:hx8347g_DrawBitmap	24	static
../Drivers/BSP/source/hx8347g.c:331:10:hx8347g_ReadReg	8	static
../Drivers/BSP/source/hx8347g.c:250:10:hx8347g_ReadID	8	static
