../Drivers/BSP/source/lsm303dlhc.c:113:6:LSM303DLHC_AccDeInit	0	static
../Drivers/BSP/source/lsm303dlhc.c:92:6:LSM303DLHC_AccInit	8	static
../Drivers/BSP/source/lsm303dlhc.c:122:9:LSM303DLHC_AccReadID	8	static
../Drivers/BSP/source/lsm303dlhc.c:140:6:LSM303DLHC_AccRebootCmd	8	static
../Drivers/BSP/source/lsm303dlhc.c:159:6:LSM303DLHC_AccFilterConfig	8	static
../Drivers/BSP/source/lsm303dlhc.c:181:6:LSM303DLHC_AccFilterCmd	8	static
../Drivers/BSP/source/lsm303dlhc.c:201:6:LSM303DLHC_AccReadXYZ	40	static
../Drivers/BSP/source/lsm303dlhc.c:270:6:LSM303DLHC_AccFilterClickCmd	8	static
../Drivers/BSP/source/lsm303dlhc.c:298:6:LSM303DLHC_AccIT1Enable	8	static
../Drivers/BSP/source/lsm303dlhc.c:325:6:LSM303DLHC_AccIT1Disable	8	static
../Drivers/BSP/source/lsm303dlhc.c:351:6:LSM303DLHC_AccIT2Enable	8	static
../Drivers/BSP/source/lsm303dlhc.c:377:6:LSM303DLHC_AccIT2Disable	8	static
../Drivers/BSP/source/lsm303dlhc.c:397:6:LSM303DLHC_AccINT1InterruptEnable	16	static
../Drivers/BSP/source/lsm303dlhc.c:417:6:LSM303DLHC_AccINT1InterruptDisable	16	static
../Drivers/BSP/source/lsm303dlhc.c:437:6:LSM303DLHC_AccINT2InterruptEnable	16	static
../Drivers/BSP/source/lsm303dlhc.c:457:6:LSM303DLHC_AccINT2InterruptDisable	16	static
../Drivers/BSP/source/lsm303dlhc.c:476:6:LSM303DLHC_AccClickITEnable	8	static
../Drivers/BSP/source/lsm303dlhc.c:529:6:LSM303DLHC_AccZClickITConfig	8	static
../Drivers/BSP/source/lsm303dlhc.c:510:6:LSM303DLHC_AccClickITDisable	8	static
