../Drivers/BSP/source/lsm6dsl.c:83:6:LSM6DSL_AccInit	8	static
../Drivers/BSP/source/lsm6dsl.c:110:6:LSM6DSL_AccDeInit	8	static
../Drivers/BSP/source/lsm6dsl.c:143:6:LSM6DSL_AccLowPower	8	static
../Drivers/BSP/source/lsm6dsl.c:227:6:LSM6DSL_GyroInit	8	static
../Drivers/BSP/source/lsm6dsl.c:255:6:LSM6DSL_GyroDeInit	8	static
../Drivers/BSP/source/lsm6dsl.c:288:6:LSM6DSL_GyroLowPower	8	static
../Drivers/BSP/source/lsm6dsl.c:131:9:LSM6DSL_AccReadID	8	static
../Drivers/BSP/source/lsm6dsl.c:276:9:LSM6DSL_GyroReadID	8	static
../Drivers/BSP/source/lsm6dsl.c:170:6:LSM6DSL_AccReadXYZ	32	static
../Drivers/BSP/source/lsm6dsl.c:315:6:LSM6DSL_GyroReadXYZAngRate	32	static
