../Drivers/BSP/source/mfxstm32l152.c:1457:16:mfxstm32l152_GetInstance	0	static
../Drivers/BSP/source/mfxstm32l152.c:1478:16:mfxstm32l152_ReleaseInstance	0	static
../Drivers/BSP/source/mfxstm32l152.c:183:6:mfxstm32l152_DeInit	8	static
../Drivers/BSP/source/mfxstm32l152.c:905:6:mfxstm32l152_IO_ClearIT	16	static
../Drivers/BSP/source/mfxstm32l152.c:203:6:mfxstm32l152_Reset	8	static
../Drivers/BSP/source/mfxstm32l152.c:217:7:mfxstm32l152_LowPower	8	static
../Drivers/BSP/source/mfxstm32l152.c:231:7:mfxstm32l152_WakeUp	8	static
../Drivers/BSP/source/mfxstm32l152.c:254:10:mfxstm32l152_ReadID	8	static
../Drivers/BSP/source/mfxstm32l152.c:454:6:mfxstm32l152_IO_Start	16	static
../Drivers/BSP/source/mfxstm32l152.c:1502:6:mfxstm32l152_reg24_setPinValue	48	static
../Drivers/BSP/source/mfxstm32l152.c:768:6:mfxstm32l152_IO_WritePin	8	static
../Drivers/BSP/source/mfxstm32l152.c:791:10:mfxstm32l152_IO_ReadPin	24	static
../Drivers/BSP/source/mfxstm32l152.c:873:10:mfxstm32l152_IO_ITStatus	24	static
../Drivers/BSP/source/mfxstm32l152.c:995:6:mfxstm32l152_TS_Start	8	static
../Drivers/BSP/source/mfxstm32l152.c:1045:9:mfxstm32l152_TS_DetectTouch	8	static
../Drivers/BSP/source/mfxstm32l152.c:1140:6:mfxstm32l152_IDD_Start	8	static
../Drivers/BSP/source/mfxstm32l152.c:1160:6:mfxstm32l152_IDD_Config	16	static
../Drivers/BSP/source/mfxstm32l152.c:1369:9:mfxstm32l152_Error_ReadSrc	8	static
../Drivers/BSP/source/mfxstm32l152.c:1380:9:mfxstm32l152_Error_ReadMsg	8	static
../Drivers/BSP/source/mfxstm32l152.c:1071:6:mfxstm32l152_TS_GetXY	24	static
../Drivers/BSP/source/mfxstm32l152.c:1292:6:mfxstm32l152_IDD_GetValue	16	static
../Drivers/BSP/source/mfxstm32l152.c:275:10:mfxstm32l152_ReadFwVersion	16	static
../Drivers/BSP/source/mfxstm32l152.c:299:6:mfxstm32l152_EnableITSource	16	static
../Drivers/BSP/source/mfxstm32l152.c:820:6:mfxstm32l152_IO_EnableIT	8	static
../Drivers/BSP/source/mfxstm32l152.c:1090:6:mfxstm32l152_TS_EnableIT	8	static
../Drivers/BSP/source/mfxstm32l152.c:1318:6:mfxstm32l152_IDD_EnableIT	8	static
../Drivers/BSP/source/mfxstm32l152.c:1392:6:mfxstm32l152_Error_EnableIT	8	static
../Drivers/BSP/source/mfxstm32l152.c:327:6:mfxstm32l152_DisableITSource	16	static
../Drivers/BSP/source/mfxstm32l152.c:833:6:mfxstm32l152_IO_DisableIT	8	static
../Drivers/BSP/source/mfxstm32l152.c:1103:6:mfxstm32l152_TS_DisableIT	8	static
../Drivers/BSP/source/mfxstm32l152.c:1353:6:mfxstm32l152_IDD_DisableIT	8	static
../Drivers/BSP/source/mfxstm32l152.c:1427:6:mfxstm32l152_Error_DisableIT	8	static
../Drivers/BSP/source/mfxstm32l152.c:356:9:mfxstm32l152_GlobalITStatus	8	static
../Drivers/BSP/source/mfxstm32l152.c:1114:9:mfxstm32l152_TS_ITStatus	8	static
../Drivers/BSP/source/mfxstm32l152.c:1342:9:mfxstm32l152_IDD_GetITStatus	8	static
../Drivers/BSP/source/mfxstm32l152.c:1416:9:mfxstm32l152_Error_GetITStatus	8	static
../Drivers/BSP/source/mfxstm32l152.c:378:6:mfxstm32l152_ClearGlobalIT	8	static
../Drivers/BSP/source/mfxstm32l152.c:1125:6:mfxstm32l152_TS_ClearIT	8	static
../Drivers/BSP/source/mfxstm32l152.c:1331:6:mfxstm32l152_IDD_ClearIT	8	static
../Drivers/BSP/source/mfxstm32l152.c:1405:6:mfxstm32l152_Error_ClearIT	8	static
../Drivers/BSP/source/mfxstm32l152.c:392:6:mfxstm32l152_SetIrqOutPinPolarity	16	static
../Drivers/BSP/source/mfxstm32l152.c:421:6:mfxstm32l152_SetIrqOutPinType	16	static
../Drivers/BSP/source/mfxstm32l152.c:150:6:mfxstm32l152_Init	8	static
../Drivers/BSP/source/mfxstm32l152.c:719:6:mfxstm32l152_IO_InitPin	8	static
../Drivers/BSP/source/mfxstm32l152.c:735:6:mfxstm32l152_IO_SetIrqEvtMode	8	static
../Drivers/BSP/source/mfxstm32l152.c:753:6:mfxstm32l152_IO_SetIrqTypeMode	8	static
../Drivers/BSP/source/mfxstm32l152.c:847:6:mfxstm32l152_IO_EnablePinIT	8	static
../Drivers/BSP/source/mfxstm32l152.c:860:6:mfxstm32l152_IO_DisablePinIT	8	static
../Drivers/BSP/source/mfxstm32l152.c:517:9:mfxstm32l152_IO_Config	16	static
../Drivers/BSP/source/mfxstm32l152.c:937:6:mfxstm32l152_IO_EnableAF	8	static
../Drivers/BSP/source/mfxstm32l152.c:963:7:mfxstm32l152_IO_DisableAF	8	static
../Drivers/BSP/source/mfxstm32l152.c:1269:6:mfxstm32l152_IDD_ConfigShuntNbLimit	16	static
../Drivers/BSP/source/mfxstm32l152.c:1308:10:mfxstm32l152_IDD_GetShuntUsed	8	static
../Drivers/BSP/source/mfxstm32l152.c:1436:9:mfxstm32l152_ReadReg	8	static
../Drivers/BSP/source/mfxstm32l152.c:1442:6:mfxstm32l152_WriteReg	8	static
