../Drivers/BSP/source/st7789h2.c:322:10:ST7789H2_GetLcdPixelWidth	0	static
../Drivers/BSP/source/st7789h2.c:332:10:ST7789H2_GetLcdPixelHeight	0	static
../Drivers/BSP/source/st7789h2.c:465:6:ST7789H2_SetDisplayWindow	4	static
../Drivers/BSP/source/st7789h2.c:426:6:ST7789H2_WriteReg	16	static
../Drivers/BSP/source/st7789h2.c:249:6:ST7789H2_SetOrientation	16	static
../Drivers/BSP/source/st7789h2.c:291:6:ST7789H2_DisplayOn	8	static
../Drivers/BSP/source/st7789h2.c:114:6:ST7789H2_Init	48	static
../Drivers/BSP/source/st7789h2.c:305:6:ST7789H2_DisplayOff	16	static
../Drivers/BSP/source/st7789h2.c:355:6:ST7789H2_SetCursor	24	static
../Drivers/BSP/source/st7789h2.c:379:6:ST7789H2_WritePixel	8	static
../Drivers/BSP/source/st7789h2.c:625:24:ST7789H2_ReadPixel_rgb888	16	static
../Drivers/BSP/source/st7789h2.c:397:10:ST7789H2_ReadPixel	24	static
../Drivers/BSP/source/st7789h2.c:512:6:ST7789H2_DrawHLine	16	static
../Drivers/BSP/source/st7789h2.c:537:6:ST7789H2_DrawVLine	24	static
../Drivers/BSP/source/st7789h2.c:668:13:ST7789H2_DrawRGBHLine	32	static
../Drivers/BSP/source/st7789h2.c:561:6:ST7789H2_DrawBitmap	40	static
../Drivers/BSP/source/st7789h2.c:598:6:ST7789H2_DrawRGBImage	40	static
../Drivers/BSP/source/st7789h2.c:445:9:ST7789H2_ReadReg	8	static
../Drivers/BSP/source/st7789h2.c:342:10:ST7789H2_ReadID	8	static
