../Drivers/BSP/source/wm8994.c:1029:16:CODEC_IO_Write	8	static
../Drivers/BSP/source/wm8994.c:828:10:wm8994_SetMute	16	static
../Drivers/BSP/source/wm8994.c:647:10:wm8994_Play	8	static
../Drivers/BSP/source/wm8994.c:682:10:wm8994_Resume	8	static
../Drivers/BSP/source/wm8994.c:663:10:wm8994_Pause	16	static
../Drivers/BSP/source/wm8994.c:706:10:wm8994_Stop	16	static
../Drivers/BSP/source/wm8994.c:752:10:wm8994_SetVolume	24	static
../Drivers/BSP/source/wm8994.c:121:10:wm8994_Init	32	static
../Drivers/BSP/source/wm8994.c:863:10:wm8994_SetOutputMode	16	static
../Drivers/BSP/source/wm8994.c:950:10:wm8994_SetFrequency	8	static
../Drivers/BSP/source/wm8994.c:1010:10:wm8994_Reset	8	static
../Drivers/BSP/source/wm8994.c:622:6:wm8994_DeInit	8	static
../Drivers/BSP/source/wm8994.c:633:10:wm8994_ReadID	8	static
