../Core/Src/enable.c:365:5:fetchBleEvent	56	static
../Core/Src/enable.c:419:5:checkEventResp	4	static
../Core/Src/enable.c:433:6:sendCommand	40	static
../Core/Src/enable.c:481:6:setConnectable	16	static
../Core/Src/enable.c:462:6:catchBLE	8	static
../Core/Src/enable.c:699:5:BLE_command	24	static
../Core/Src/enable.c:724:6:addService	24	static
../Core/Src/enable.c:740:6:addCharacteristic	24	static
../Core/Src/enable.c:764:6:updateCharValue	32	static
../Core/Src/enable.c:138:6:ble_init	40	static
../Core/Src/enable.c:522:6:updateSignedMillesimal	48	static
../Core/Src/enable.c:616:6:updateSignedFloat	56	static
