../Core/Src/stm32l4xx_hal_msp.c:66:6:HAL_MspInit	8	static
../Core/Src/stm32l4xx_hal_msp.c:88:6:HAL_I2C_MspInit	40	static
../Core/Src/stm32l4xx_hal_msp.c:124:6:HAL_I2C_MspDeInit	8	static
../Core/Src/stm32l4xx_hal_msp.c:155:6:HAL_SPI_MspInit	40	static
../Core/Src/stm32l4xx_hal_msp.c:192:6:HAL_SPI_MspDeInit	8	static
../Core/Src/stm32l4xx_hal_msp.c:222:6:HAL_TIM_Base_MspInit	16	static
../Core/Src/stm32l4xx_hal_msp.c:247:6:HAL_TIM_PWM_MspInit	8	static
../Core/Src/stm32l4xx_hal_msp.c:263:6:HAL_TIM_MspPostInit	32	static
../Core/Src/stm32l4xx_hal_msp.c:295:6:HAL_TIM_Base_MspDeInit	8	static
../Core/Src/stm32l4xx_hal_msp.c:320:6:HAL_TIM_PWM_MspDeInit	0	static
